<html>
<body>
<pre>
<h1>µVision Build Log</h1>
<h2>Tool Versions:</h2>
IDE-Version: µVision V5.43.0.0
Copyright (C) 2025 ARM Ltd and ARM Germany GmbH. All rights reserved.
License Information: Ricardo Cervantes, CSULB, LIC=----
 
Tool Versions:
Toolchain:       MDK-Lite  Version: 5.43.0.0
Toolchain Path:  C:\Keil_v5\ARM\ARMCLANG\Bin
C Compiler:      ArmClang.exe V6.24
Assembler:       Armasm.exe V6.24
Linker/Locator:  ArmLink.exe V6.24
Library Manager: ArmAr.exe V6.24
Hex Converter:   FromElf.exe V6.24
CPU DLL:         SARMCM3.DLL V5.43.0.0
Dialog DLL:      DCM.DLL V1.17.5.0
Target DLL:      lmidk-agdi.dll V???
Dialog DLL:      TCM.DLL V1.56.6.0
 
<h2>Project:</h2>
C:\CECS490A\WIPERITE\wipe\CC3100WIPERITE_4C123\WIPERITE.uvprojx
Project File Date:  10/23/2025

<h2>Output:</h2>
*** Using Compiler 'V6.24', folder: 'C:\Keil_v5\ARM\ARMCLANG\Bin'
Build target 'WIPERITE-TM4C123'
compiling LED.c...
compiling flowcont.c...
compiling board.c...
compiling fs.c...
compiling device.c...
compiling netapp.c...
compiling nonos.c...
compiling netcfg.c...
compiling spawn.c...
compiling spi.c...
compiling driver.c...
compiling socket.c...
compiling wlan.c...
compiling UART0.c...
compiling uart.c...
compiling uartstdio.c...
compiling GPIO.c...
compiling ustdlib.c...
compiling ST7735.c...
compiling PWM.c...
compiling SysTick.c...
compiling motor.c...
compiling main.c...
linking...
Program Size: Code=17544 RO-data=3284 RW-data=4 ZI-data=19644  
After Build - User command #1: fromelf --bin --output .\rvmdk\cc31000_starter.bin .\rvmdk\cc31000_starter.axf
".\rvmdk\WIPERITE-TM4C123.axf" - 0 Error(s), 0 Warning(s).

<h2>Software Packages used:</h2>

Package Vendor: ARM
                https://www.keil.com/pack/ARM.CMSIS.6.2.0.pack
                ARM::CMSIS@6.2.0
                CMSIS (Common Microcontroller Software Interface Standard)
   * Component: CORE Version: 6.1.1

Package Vendor: Keil
                http://www.keil.com/pack/Keil.TM4C_DFP.1.1.0.pack
                Keil::TM4C_DFP@1.1.0
                Texas Instruments Tiva C Series Device Support and Examples

<h2>Collection of Component include folders:</h2>
  ./RTE/_WIPERITE-TM4C123
  C:/Arm/Packs/ARM/CMSIS/6.2.0/CMSIS/Core/Include
  C:/Arm/Packs/Keil/TM4C_DFP/1.1.0/Device/Include/TM4C123

<h2>Collection of Component Files used:</h2>

   * Component: ARM::CMSIS:CORE@6.1.1
Build Time Elapsed:  00:00:02
</pre>
</body>
</html>
