<!doctype html public "-//w3c//dtd html 4.0 transitional//en">
<html><head>
<title>Static Call Graph - [.\rvmdk\WIPERITE-TM4C123.axf]</title></head>
<body><HR>
<H1>Static Call Graph for image .\rvmdk\WIPERITE-TM4C123.axf</H1><HR>
<BR><P>#&#060CALLGRAPH&#062# ARM Linker, 6240002: Last Updated: Wed Dec  3 02:46:51 2025
<BR><P>
<H3>Maximum Stack Usage =        712 bytes + Unknown(Functions without stacksize, Cycles, Untraceable Function Pointers)</H3><H3>
Call chain for Maximum Stack Depth:</H3>
main &rArr; sl_NetAppMDNSUnRegisterService &rArr; sl_NetAppMDNSRegisterUnregisterService &rArr; _SlDrvCmdOp &rArr; _SlDrvMsgReadCmdCtx &rArr; _SlAsyncEventGenericHandler &rArr; _sl_HandleAsync_PingResponse &rArr; OUTLINED_FUNCTION_1 &rArr; _SlNonOsSemGet &rArr; _SlNonOsMainLoopTask
<P>
<H3>
Functions with no stack information
</H3><UL>
 <LI><a href="#[0]">Reset_Handler</a>
 <LI><a href="#[1]">NmiSR</a>
 <LI><a href="#[2]">FaultISR</a>
 <LI><a href="#[3]">IntDefaultHandler</a>
</UL>
</UL>
<P>
<H3>
Mutually Recursive functions
</H3> <LI><a href="#[95]">fillmessage</a>&nbsp;&nbsp;&nbsp;&rArr;&nbsp;&nbsp;&nbsp;<a href="#[95]">fillmessage</a><BR>
 <LI><a href="#[c]">UART_OutUDec</a>&nbsp;&nbsp;&nbsp;&rArr;&nbsp;&nbsp;&nbsp;<a href="#[c]">UART_OutUDec</a><BR>
 <LI><a href="#[26]">SysCtlDelay</a>&nbsp;&nbsp;&nbsp;&rArr;&nbsp;&nbsp;&nbsp;<a href="#[26]">SysCtlDelay</a><BR>
 <LI><a href="#[46]">Crash</a>&nbsp;&nbsp;&nbsp;&rArr;&nbsp;&nbsp;&nbsp;<a href="#[46]">Crash</a><BR>
 <LI><a href="#[1]">NmiSR</a>&nbsp;&nbsp;&nbsp;&rArr;&nbsp;&nbsp;&nbsp;<a href="#[1]">NmiSR</a><BR>
 <LI><a href="#[2]">FaultISR</a>&nbsp;&nbsp;&nbsp;&rArr;&nbsp;&nbsp;&nbsp;<a href="#[2]">FaultISR</a><BR>
 <LI><a href="#[3]">IntDefaultHandler</a>&nbsp;&nbsp;&nbsp;&rArr;&nbsp;&nbsp;&nbsp;<a href="#[3]">IntDefaultHandler</a><BR>
</UL>
<P>
<H3>
Function Pointers
</H3><UL>
 <LI><a href="#[14]">Delay1ms</a> from st7735.o(.text.Delay1ms) referenced from st7735.o(.text.commonInit)
 <LI><a href="#[2]">FaultISR</a> from startup_rvmdk.o(RESET) referenced from startup_rvmdk.o(RESET)
 <LI><a href="#[4]">GPIOB_intHandler</a> from board.o(.text.GPIOB_intHandler) referenced from startup_rvmdk.o(RESET)
 <LI><a href="#[1b]">GPIOPinConfigure</a> from gpio.o(i.GPIOPinConfigure) referenced from spi.o(.text.spi_Open)
 <LI><a href="#[8]">I2C1_Receive</a> from i2c.o(.text.I2C1_Receive) referenced from servo_demo.o(.text.ServoDemo_ProbePCA9685)
 <LI><a href="#[7]">I2C1_Transmit</a> from i2c.o(.text.I2C1_Transmit) referenced from pca9685.o(.text.PCA9685_SetPWMFreq)
 <LI><a href="#[3]">IntDefaultHandler</a> from startup_rvmdk.o(RESET) referenced 112 times from startup_rvmdk.o(RESET)
 <LI><a href="#[1]">NmiSR</a> from startup_rvmdk.o(RESET) referenced from startup_rvmdk.o(RESET)
 <LI><a href="#[0]">Reset_Handler</a> from startup_rvmdk.o(RESET) referenced from startup_rvmdk.o(RESET)
 <LI><a href="#[e]">ST7735_OutChar</a> from st7735.o(.text.ST7735_OutChar) referenced from main.o(.text.SimpleLinkNetAppEventHandler)
 <LI><a href="#[e]">ST7735_OutChar</a> from st7735.o(.text.ST7735_OutChar) referenced from main.o(.text.main)
 <LI><a href="#[9]">ST7735_OutString</a> from st7735.o(.text.ST7735_OutString) referenced from servo_demo.o(.text.ServoDemo_ProbePCA9685)
 <LI><a href="#[9]">ST7735_OutString</a> from st7735.o(.text.ST7735_OutString) referenced from main.o(.text.main)
 <LI><a href="#[a]">ST7735_OutUDec</a> from st7735.o(.text.ST7735_OutUDec) referenced from servo_demo.o(.text.ServoDemo_ProbePCA9685)
 <LI><a href="#[a]">ST7735_OutUDec</a> from st7735.o(.text.ST7735_OutUDec) referenced from main.o(.text.SimpleLinkNetAppEventHandler)
 <LI><a href="#[a]">ST7735_OutUDec</a> from st7735.o(.text.ST7735_OutUDec) referenced from main.o(.text.main)
 <LI><a href="#[15]">ST7735_SetCursor</a> from st7735.o(.text.ST7735_SetCursor) referenced from main.o(.text.main)
 <LI><a href="#[10]">SimpleLinkNetAppEventHandler</a> from main.o(.text.SimpleLinkNetAppEventHandler) referenced from driver.o(.text._SlDrvClassifyRxMsg)
 <LI><a href="#[11]">SimpleLinkWlanEventHandler</a> from main.o(.text.SimpleLinkWlanEventHandler) referenced from driver.o(.text._SlDrvClassifyRxMsg)
 <LI><a href="#[1a]">SysCtlPeripheralEnable</a> from sysctl.o(i.SysCtlPeripheralEnable) referenced from spi.o(.text.spi_Open)
 <LI><a href="#[5]">UARTStdioIntHandler</a> from uartstdio.o(.text.UARTStdioIntHandler) referenced from startup_rvmdk.o(RESET)
 <LI><a href="#[d]">UART_OutChar</a> from uart0.o(.text.UART_OutChar) referenced from main.o(.text.SimpleLinkNetAppEventHandler)
 <LI><a href="#[16]">UART_OutString</a> from uart0.o(.text.UART_OutString) referenced from main.o(.text.main)
 <LI><a href="#[c]">UART_OutUDec</a> from uart0.o(.text.UART_OutUDec) referenced from main.o(.text.SimpleLinkNetAppEventHandler)
 <LI><a href="#[12]">_SlDrvDeviceEventHandler</a> from device.o(.text._SlDrvDeviceEventHandler) referenced from driver.o(.text._SlDrvClassifyRxMsg)
 <LI><a href="#[13]">_SlDrvMsgReadSpawnCtx</a> from driver.o(.text._SlDrvMsgReadSpawnCtx) referenced from driver.o(.text._SlDrvMsgReadCmdCtx)
 <LI><a href="#[13]">_SlDrvMsgReadSpawnCtx</a> from driver.o(.text._SlDrvMsgReadSpawnCtx) referenced from driver.o(.text._SlDrvRxIrqHandler)
 <LI><a href="#[f]">_SlDrvNetAppEventHandler</a> from netapp.o(.text._SlDrvNetAppEventHandler) referenced from driver.o(.text._SlDrvClassifyRxMsg)
 <LI><a href="#[19]">_SlDrvRxIrqHandler</a> from driver.o(.text._SlDrvRxIrqHandler) referenced from device.o(.text.sl_Start)
 <LI><a href="#[1c]">_sl_HandleAsync_Accept</a> from socket.o(.text._sl_HandleAsync_Accept) referenced from driver.o(.rodata._SlActionLookupTable)
 <LI><a href="#[1d]">_sl_HandleAsync_Connect</a> from socket.o(.text._sl_HandleAsync_Connect) referenced from driver.o(.rodata._SlActionLookupTable)
 <LI><a href="#[1f]">_sl_HandleAsync_DnsGetHostByName</a> from netapp.o(.text._sl_HandleAsync_DnsGetHostByName) referenced from driver.o(.rodata._SlActionLookupTable)
 <LI><a href="#[20]">_sl_HandleAsync_DnsGetHostByService</a> from netapp.o(.text._sl_HandleAsync_DnsGetHostByService) referenced from driver.o(.rodata._SlActionLookupTable)
 <LI><a href="#[21]">_sl_HandleAsync_PingResponse</a> from netapp.o(.text._sl_HandleAsync_PingResponse) referenced from driver.o(.rodata._SlActionLookupTable)
 <LI><a href="#[1e]">_sl_HandleAsync_Select</a> from socket.o(.text._sl_HandleAsync_Select) referenced from driver.o(.rodata._SlActionLookupTable)
 <LI><a href="#[22]">_sl_HandleAsync_Stop</a> from device.o(.text._sl_HandleAsync_Stop) referenced from driver.o(.rodata._SlActionLookupTable)
 <LI><a href="#[b]">delay_ms</a> from servo_demo.o(.text.delay_ms) referenced from servo_demo.o(.text.ServoDemo_Run)
 <LI><a href="#[6]">main</a> from main.o(.text.main) referenced from entry9a.o(.ARM.Collect$$$$0000000B)
 <LI><a href="#[17]">writecommand</a> from st7735.o(.text.writecommand) referenced from st7735.o(.text.setAddrWindow)
 <LI><a href="#[18]">writedata</a> from st7735.o(.text.writedata) referenced from st7735.o(.text.setAddrWindow)
</UL>
<P>
<H3>
Global Symbols
</H3>
<P><STRONG><a name="[0]"></a>Reset_Handler</STRONG> (Thumb, 0 bytes, Stack size unknown bytes, startup_rvmdk.o(RESET))
<BR><BR>[Calls]<UL><LI><a href="#[23]">&gt;&gt;</a>&nbsp;&nbsp;&nbsp;__main
</UL>
<BR>[Address Reference Count : 1]<UL><LI> startup_rvmdk.o(RESET)
</UL>
<P><STRONG><a name="[23]"></a>__main</STRONG> (Thumb, 0 bytes, Stack size unknown bytes, entry.o(.ARM.Collect$$$$00000000))
<BR><BR>[Called By]<UL><LI><a href="#[0]">&gt;&gt;</a>&nbsp;&nbsp;&nbsp;Reset_Handler
</UL>

<P><STRONG><a name="[ff]"></a>_main_stk</STRONG> (Thumb, 0 bytes, Stack size unknown bytes, entry2.o(.ARM.Collect$$$$00000001))

<P><STRONG><a name="[24]"></a>_main_scatterload</STRONG> (Thumb, 0 bytes, Stack size unknown bytes, entry5.o(.ARM.Collect$$$$00000004))
<BR><BR>[Calls]<UL><LI><a href="#[25]">&gt;&gt;</a>&nbsp;&nbsp;&nbsp;__scatterload
</UL>

<P><STRONG><a name="[30]"></a>__main_after_scatterload</STRONG> (Thumb, 0 bytes, Stack size unknown bytes, entry5.o(.ARM.Collect$$$$00000004))
<BR><BR>[Called By]<UL><LI><a href="#[25]">&gt;&gt;</a>&nbsp;&nbsp;&nbsp;__scatterload
</UL>

<P><STRONG><a name="[100]"></a>_main_clock</STRONG> (Thumb, 0 bytes, Stack size unknown bytes, entry7b.o(.ARM.Collect$$$$00000008))

<P><STRONG><a name="[101]"></a>_main_cpp_init</STRONG> (Thumb, 0 bytes, Stack size unknown bytes, entry8b.o(.ARM.Collect$$$$0000000A))

<P><STRONG><a name="[102]"></a>_main_init</STRONG> (Thumb, 0 bytes, Stack size unknown bytes, entry9a.o(.ARM.Collect$$$$0000000B))

<P><STRONG><a name="[103]"></a>__rt_final_cpp</STRONG> (Thumb, 0 bytes, Stack size unknown bytes, entry10a.o(.ARM.Collect$$$$0000000D))

<P><STRONG><a name="[104]"></a>__rt_final_exit</STRONG> (Thumb, 0 bytes, Stack size unknown bytes, entry11a.o(.ARM.Collect$$$$0000000F))

<P><STRONG><a name="[26]"></a>SysCtlDelay</STRONG> (Thumb, 6 bytes, Stack size 0 bytes, sysctl.o(.emb_text))
<BR><BR>[Calls]<UL><LI><a href="#[26]">&gt;&gt;</a>&nbsp;&nbsp;&nbsp;SysCtlDelay
</UL>
<BR>[Called By]<UL><LI><a href="#[ed]">&gt;&gt;</a>&nbsp;&nbsp;&nbsp;spi_Open
<LI><a href="#[26]">&gt;&gt;</a>&nbsp;&nbsp;&nbsp;SysCtlDelay
<LI><a href="#[d8]">&gt;&gt;</a>&nbsp;&nbsp;&nbsp;SysCtlClockSet
</UL>

<P><STRONG><a name="[105]"></a>CPUcpsid</STRONG> (Thumb, 8 bytes, Stack size 0 bytes, cpu.o(.emb_text), UNUSED)

<P><STRONG><a name="[106]"></a>CPUprimask</STRONG> (Thumb, 6 bytes, Stack size 0 bytes, cpu.o(.emb_text), UNUSED)

<P><STRONG><a name="[fe]"></a>CPUcpsie</STRONG> (Thumb, 8 bytes, Stack size 0 bytes, cpu.o(.emb_text))
<BR><BR>[Called By]<UL><LI><a href="#[f9]">&gt;&gt;</a>&nbsp;&nbsp;&nbsp;IntMasterEnable
</UL>

<P><STRONG><a name="[107]"></a>CPUwfi</STRONG> (Thumb, 4 bytes, Stack size 0 bytes, cpu.o(.emb_text), UNUSED)

<P><STRONG><a name="[108]"></a>CPUbasepriSet</STRONG> (Thumb, 6 bytes, Stack size 0 bytes, cpu.o(.emb_text), UNUSED)

<P><STRONG><a name="[109]"></a>CPUbasepriGet</STRONG> (Thumb, 6 bytes, Stack size 0 bytes, cpu.o(.emb_text), UNUSED)

<P><STRONG><a name="[53]"></a>__aeabi_memcpy</STRONG> (Thumb, 36 bytes, Stack size 0 bytes, memcpya.o(.text))
<BR><BR>[Called By]<UL><LI><a href="#[e3]">&gt;&gt;</a>&nbsp;&nbsp;&nbsp;sl_WlanConnect
<LI><a href="#[cf]">&gt;&gt;</a>&nbsp;&nbsp;&nbsp;sl_NetAppSendTokenValue
<LI><a href="#[ec]">&gt;&gt;</a>&nbsp;&nbsp;&nbsp;sl_NetAppMDNSRegisterUnregisterService
<LI><a href="#[20]">&gt;&gt;</a>&nbsp;&nbsp;&nbsp;_sl_HandleAsync_DnsGetHostByService
<LI><a href="#[1f]">&gt;&gt;</a>&nbsp;&nbsp;&nbsp;_sl_HandleAsync_DnsGetHostByName
<LI><a href="#[1c]">&gt;&gt;</a>&nbsp;&nbsp;&nbsp;_sl_HandleAsync_Accept
<LI><a href="#[21]">&gt;&gt;</a>&nbsp;&nbsp;&nbsp;_sl_HandleAsync_PingResponse
<LI><a href="#[b4]">&gt;&gt;</a>&nbsp;&nbsp;&nbsp;_SlAsyncEventGenericHandler
<LI><a href="#[c7]">&gt;&gt;</a>&nbsp;&nbsp;&nbsp;_SlDrvMsgRead
<LI><a href="#[68]">&gt;&gt;</a>&nbsp;&nbsp;&nbsp;OUTLINED_FUNCTION_13
<LI><a href="#[82]">&gt;&gt;</a>&nbsp;&nbsp;&nbsp;OUTLINED_FUNCTION_8
<LI><a href="#[52]">&gt;&gt;</a>&nbsp;&nbsp;&nbsp;OUTLINED_FUNCTION_0
</UL>

<P><STRONG><a name="[b7]"></a>__aeabi_memcpy4</STRONG> (Thumb, 0 bytes, Stack size 0 bytes, memcpya.o(.text))
<BR><BR>[Called By]<UL><LI><a href="#[b4]">&gt;&gt;</a>&nbsp;&nbsp;&nbsp;_SlAsyncEventGenericHandler
</UL>

<P><STRONG><a name="[10a]"></a>__aeabi_memcpy8</STRONG> (Thumb, 0 bytes, Stack size 0 bytes, memcpya.o(.text), UNUSED)

<P><STRONG><a name="[28]"></a>__aeabi_memset</STRONG> (Thumb, 14 bytes, Stack size 0 bytes, memseta.o(.text), UNUSED)
<BR><BR>[Called By]<UL><LI><a href="#[29]">&gt;&gt;</a>&nbsp;&nbsp;&nbsp;_memset$wrapper
<LI><a href="#[27]">&gt;&gt;</a>&nbsp;&nbsp;&nbsp;__aeabi_memclr
</UL>

<P><STRONG><a name="[10b]"></a>__aeabi_memset4</STRONG> (Thumb, 0 bytes, Stack size 0 bytes, memseta.o(.text), UNUSED)

<P><STRONG><a name="[10c]"></a>__aeabi_memset8</STRONG> (Thumb, 0 bytes, Stack size 0 bytes, memseta.o(.text), UNUSED)

<P><STRONG><a name="[27]"></a>__aeabi_memclr</STRONG> (Thumb, 4 bytes, Stack size 0 bytes, memseta.o(.text), UNUSED)
<BR><BR>[Calls]<UL><LI><a href="#[28]">&gt;&gt;</a>&nbsp;&nbsp;&nbsp;__aeabi_memset
</UL>

<P><STRONG><a name="[6d]"></a>__aeabi_memclr4</STRONG> (Thumb, 0 bytes, Stack size 0 bytes, memseta.o(.text))
<BR><BR>[Called By]<UL><LI><a href="#[e3]">&gt;&gt;</a>&nbsp;&nbsp;&nbsp;sl_WlanConnect
<LI><a href="#[ec]">&gt;&gt;</a>&nbsp;&nbsp;&nbsp;sl_NetAppMDNSRegisterUnregisterService
<LI><a href="#[b4]">&gt;&gt;</a>&nbsp;&nbsp;&nbsp;_SlAsyncEventGenericHandler
<LI><a href="#[c5]">&gt;&gt;</a>&nbsp;&nbsp;&nbsp;_SlDrvObjInit
<LI><a href="#[6c]">&gt;&gt;</a>&nbsp;&nbsp;&nbsp;OUTLINED_FUNCTION_17
<LI><a href="#[c4]">&gt;&gt;</a>&nbsp;&nbsp;&nbsp;_SlDrvDriverCBInit
<LI><a href="#[6]">&gt;&gt;</a>&nbsp;&nbsp;&nbsp;main
</UL>

<P><STRONG><a name="[10d]"></a>__aeabi_memclr8</STRONG> (Thumb, 0 bytes, Stack size 0 bytes, memseta.o(.text), UNUSED)

<P><STRONG><a name="[29]"></a>_memset$wrapper</STRONG> (Thumb, 18 bytes, Stack size 8 bytes, memseta.o(.text), UNUSED)
<BR><BR>[Calls]<UL><LI><a href="#[28]">&gt;&gt;</a>&nbsp;&nbsp;&nbsp;__aeabi_memset
</UL>

<P><STRONG><a name="[2a]"></a>__aeabi_dmul</STRONG> (Thumb, 228 bytes, Stack size 48 bytes, dmul.o(.text))
<BR><BR>[Stack]<UL><LI>Max Depth = 88<LI>Call Chain = __aeabi_dmul &rArr; _double_epilogue &rArr; _double_round
</UL>
<BR>[Calls]<UL><LI><a href="#[2b]">&gt;&gt;</a>&nbsp;&nbsp;&nbsp;_double_epilogue
</UL>
<BR>[Called By]<UL><LI><a href="#[38]">&gt;&gt;</a>&nbsp;&nbsp;&nbsp;Car_Delay
</UL>

<P><STRONG><a name="[39]"></a>__aeabi_dcmple</STRONG> (Thumb, 54 bytes, Stack size 12 bytes, dcmple.o(.text))
<BR><BR>[Stack]<UL><LI>Max Depth = 12<LI>Call Chain = __aeabi_dcmple
</UL>
<BR>[Called By]<UL><LI><a href="#[38]">&gt;&gt;</a>&nbsp;&nbsp;&nbsp;Car_Delay
</UL>

<P><STRONG><a name="[2c]"></a>__aeabi_d2uiz</STRONG> (Thumb, 50 bytes, Stack size 8 bytes, dfixui.o(.text))
<BR><BR>[Stack]<UL><LI>Max Depth = 8<LI>Call Chain = __aeabi_d2uiz
</UL>
<BR>[Calls]<UL><LI><a href="#[2d]">&gt;&gt;</a>&nbsp;&nbsp;&nbsp;__aeabi_llsr
</UL>
<BR>[Called By]<UL><LI><a href="#[38]">&gt;&gt;</a>&nbsp;&nbsp;&nbsp;Car_Delay
</UL>

<P><STRONG><a name="[2d]"></a>__aeabi_llsr</STRONG> (Thumb, 32 bytes, Stack size 0 bytes, llushr.o(.text))
<BR><BR>[Called By]<UL><LI><a href="#[2c]">&gt;&gt;</a>&nbsp;&nbsp;&nbsp;__aeabi_d2uiz
<LI><a href="#[2b]">&gt;&gt;</a>&nbsp;&nbsp;&nbsp;_double_epilogue
</UL>

<P><STRONG><a name="[10e]"></a>_ll_ushift_r</STRONG> (Thumb, 0 bytes, Stack size 0 bytes, llushr.o(.text), UNUSED)

<P><STRONG><a name="[10f]"></a>__I$use$fp</STRONG> (Thumb, 0 bytes, Stack size 8 bytes, iusefp.o(.text), UNUSED)

<P><STRONG><a name="[2f]"></a>_double_round</STRONG> (Thumb, 30 bytes, Stack size 8 bytes, depilogue.o(.text))
<BR><BR>[Stack]<UL><LI>Max Depth = 8<LI>Call Chain = _double_round
</UL>
<BR>[Called By]<UL><LI><a href="#[2b]">&gt;&gt;</a>&nbsp;&nbsp;&nbsp;_double_epilogue
</UL>

<P><STRONG><a name="[2b]"></a>_double_epilogue</STRONG> (Thumb, 156 bytes, Stack size 32 bytes, depilogue.o(.text))
<BR><BR>[Stack]<UL><LI>Max Depth = 40<LI>Call Chain = _double_epilogue &rArr; _double_round
</UL>
<BR>[Calls]<UL><LI><a href="#[2e]">&gt;&gt;</a>&nbsp;&nbsp;&nbsp;__aeabi_llsl
<LI><a href="#[2f]">&gt;&gt;</a>&nbsp;&nbsp;&nbsp;_double_round
<LI><a href="#[2d]">&gt;&gt;</a>&nbsp;&nbsp;&nbsp;__aeabi_llsr
</UL>
<BR>[Called By]<UL><LI><a href="#[2a]">&gt;&gt;</a>&nbsp;&nbsp;&nbsp;__aeabi_dmul
</UL>

<P><STRONG><a name="[25]"></a>__scatterload</STRONG> (Thumb, 38 bytes, Stack size 0 bytes, init.o(.text))
<BR><BR>[Calls]<UL><LI><a href="#[30]">&gt;&gt;</a>&nbsp;&nbsp;&nbsp;__main_after_scatterload
</UL>
<BR>[Called By]<UL><LI><a href="#[24]">&gt;&gt;</a>&nbsp;&nbsp;&nbsp;_main_scatterload
</UL>

<P><STRONG><a name="[110]"></a>__scatterload_rt2</STRONG> (Thumb, 0 bytes, Stack size 0 bytes, init.o(.text), UNUSED)

<P><STRONG><a name="[2e]"></a>__aeabi_llsl</STRONG> (Thumb, 30 bytes, Stack size 0 bytes, llshl.o(.text))
<BR><BR>[Called By]<UL><LI><a href="#[2b]">&gt;&gt;</a>&nbsp;&nbsp;&nbsp;_double_epilogue
</UL>

<P><STRONG><a name="[111]"></a>_ll_shift_l</STRONG> (Thumb, 0 bytes, Stack size 0 bytes, llshl.o(.text), UNUSED)

<P><STRONG><a name="[31]"></a>CC3100_InterruptDisable</STRONG> (Thumb, 8 bytes, Stack size 0 bytes, board.o(.text.CC3100_InterruptDisable))
<BR><BR>[Calls]<UL><LI><a href="#[32]">&gt;&gt;</a>&nbsp;&nbsp;&nbsp;GPIOIntDisable
</UL>
<BR>[Called By]<UL><LI><a href="#[ef]">&gt;&gt;</a>&nbsp;&nbsp;&nbsp;spi_Close
</UL>

<P><STRONG><a name="[33]"></a>CC3100_InterruptEnable</STRONG> (Thumb, 8 bytes, Stack size 0 bytes, board.o(.text.CC3100_InterruptEnable))
<BR><BR>[Calls]<UL><LI><a href="#[34]">&gt;&gt;</a>&nbsp;&nbsp;&nbsp;GPIOIntEnable
</UL>
<BR>[Called By]<UL><LI><a href="#[ed]">&gt;&gt;</a>&nbsp;&nbsp;&nbsp;spi_Open
</UL>

<P><STRONG><a name="[35]"></a>CC3100_disable</STRONG> (Thumb, 12 bytes, Stack size 0 bytes, board.o(.text.CC3100_disable))
<BR><BR>[Calls]<UL><LI><a href="#[36]">&gt;&gt;</a>&nbsp;&nbsp;&nbsp;GPIOPinWrite
</UL>
<BR>[Called By]<UL><LI><a href="#[7b]">&gt;&gt;</a>&nbsp;&nbsp;&nbsp;sl_Stop
<LI><a href="#[5b]">&gt;&gt;</a>&nbsp;&nbsp;&nbsp;sl_Start
</UL>

<P><STRONG><a name="[37]"></a>CC3100_enable</STRONG> (Thumb, 12 bytes, Stack size 0 bytes, board.o(.text.CC3100_enable))
<BR><BR>[Calls]<UL><LI><a href="#[36]">&gt;&gt;</a>&nbsp;&nbsp;&nbsp;GPIOPinWrite
</UL>
<BR>[Called By]<UL><LI><a href="#[5b]">&gt;&gt;</a>&nbsp;&nbsp;&nbsp;sl_Start
</UL>

<P><STRONG><a name="[4b]"></a>Car_Dir_Init</STRONG> (Thumb, 200 bytes, Stack size 4 bytes, gpio.o(.text.Car_Dir_Init))
<BR><BR>[Stack]<UL><LI>Max Depth = 4<LI>Call Chain = Car_Dir_Init
</UL>
<BR>[Called By]<UL><LI><a href="#[4a]">&gt;&gt;</a>&nbsp;&nbsp;&nbsp;MotorControl_Init
</UL>

<P><STRONG><a name="[3c]"></a>Car_ProcessCommand</STRONG> (Thumb, 280 bytes, Stack size 8 bytes, motor.o(.text.Car_ProcessCommand))
<BR><BR>[Stack]<UL><LI>Max Depth = 112<LI>Call Chain = Car_ProcessCommand &rArr; Car_Delay &rArr; __aeabi_dmul &rArr; _double_epilogue &rArr; _double_round
</UL>
<BR>[Calls]<UL><LI><a href="#[45]">&gt;&gt;</a>&nbsp;&nbsp;&nbsp;stop_the_car
<LI><a href="#[44]">&gt;&gt;</a>&nbsp;&nbsp;&nbsp;forward_left
<LI><a href="#[40]">&gt;&gt;</a>&nbsp;&nbsp;&nbsp;pivot_left
<LI><a href="#[3f]">&gt;&gt;</a>&nbsp;&nbsp;&nbsp;PWM_SetSwapLR
<LI><a href="#[3e]">&gt;&gt;</a>&nbsp;&nbsp;&nbsp;pivot_right
<LI><a href="#[3d]">&gt;&gt;</a>&nbsp;&nbsp;&nbsp;move_forward
<LI><a href="#[42]">&gt;&gt;</a>&nbsp;&nbsp;&nbsp;PWM_Duty
<LI><a href="#[43]">&gt;&gt;</a>&nbsp;&nbsp;&nbsp;Stop
<LI><a href="#[41]">&gt;&gt;</a>&nbsp;&nbsp;&nbsp;OUTLINED_FUNCTION_0
<LI><a href="#[38]">&gt;&gt;</a>&nbsp;&nbsp;&nbsp;Car_Delay
<LI><a href="#[16]">&gt;&gt;</a>&nbsp;&nbsp;&nbsp;UART_OutString
</UL>
<BR>[Called By]<UL><LI><a href="#[6]">&gt;&gt;</a>&nbsp;&nbsp;&nbsp;main
</UL>

<P><STRONG><a name="[46]"></a>Crash</STRONG> (Thumb, 6 bytes, Stack size 0 bytes, main.o(.text.Crash))
<BR><BR>[Calls]<UL><LI><a href="#[47]">&gt;&gt;</a>&nbsp;&nbsp;&nbsp;LED_RedToggle
<LI><a href="#[46]">&gt;&gt;</a>&nbsp;&nbsp;&nbsp;Crash
</UL>
<BR>[Called By]<UL><LI><a href="#[6]">&gt;&gt;</a>&nbsp;&nbsp;&nbsp;main
<LI><a href="#[46]">&gt;&gt;</a>&nbsp;&nbsp;&nbsp;Crash
</UL>

<P><STRONG><a name="[14]"></a>Delay1ms</STRONG> (Thumb, 28 bytes, Stack size 4 bytes, st7735.o(.text.Delay1ms))
<BR><BR>[Stack]<UL><LI>Max Depth = 4<LI>Call Chain = Delay1ms
</UL>
<BR>[Called By]<UL><LI><a href="#[94]">&gt;&gt;</a>&nbsp;&nbsp;&nbsp;commandList
</UL>
<BR>[Address Reference Count : 1]<UL><LI> st7735.o(.text.commonInit)
</UL>
<P><STRONG><a name="[4]"></a>GPIOB_intHandler</STRONG> (Thumb, 44 bytes, Stack size 16 bytes, board.o(.text.GPIOB_intHandler))
<BR><BR>[Stack]<UL><LI>Max Depth = 16<LI>Call Chain = GPIOB_intHandler
</UL>
<BR>[Calls]<UL><LI><a href="#[49]">&gt;&gt;</a>&nbsp;&nbsp;&nbsp;GPIOIntClear
<LI><a href="#[48]">&gt;&gt;</a>&nbsp;&nbsp;&nbsp;GPIOIntStatus
</UL>
<BR>[Address Reference Count : 1]<UL><LI> startup_rvmdk.o(RESET)
</UL>
<P><STRONG><a name="[d2]"></a>GetStartResponseConvert</STRONG> (Thumb, 68 bytes, Stack size 0 bytes, device.o(.text.GetStartResponseConvert))
<BR><BR>[Called By]<UL><LI><a href="#[c1]">&gt;&gt;</a>&nbsp;&nbsp;&nbsp;_sl_HandleAsync_InitComplete
<LI><a href="#[5b]">&gt;&gt;</a>&nbsp;&nbsp;&nbsp;sl_Start
</UL>

<P><STRONG><a name="[fc]"></a>I2C1_Burst_Transmit</STRONG> (Thumb, 124 bytes, Stack size 16 bytes, i2c.o(.text.I2C1_Burst_Transmit))
<BR><BR>[Stack]<UL><LI>Max Depth = 16<LI>Call Chain = I2C1_Burst_Transmit
</UL>
<BR>[Called By]<UL><LI><a href="#[89]">&gt;&gt;</a>&nbsp;&nbsp;&nbsp;wr4
</UL>

<P><STRONG><a name="[98]"></a>I2C1_Init</STRONG> (Thumb, 120 bytes, Stack size 0 bytes, i2c.o(.text.I2C1_Init))
<BR><BR>[Called By]<UL><LI><a href="#[9b]">&gt;&gt;</a>&nbsp;&nbsp;&nbsp;WritingArm_Init
<LI><a href="#[9a]">&gt;&gt;</a>&nbsp;&nbsp;&nbsp;ServoDemo_Run
<LI><a href="#[96]">&gt;&gt;</a>&nbsp;&nbsp;&nbsp;ServoDemo_ProbePCA9685
</UL>

<P><STRONG><a name="[8]"></a>I2C1_Receive</STRONG> (Thumb, 104 bytes, Stack size 0 bytes, i2c.o(.text.I2C1_Receive))
<BR><BR>[Called By]<UL><LI><a href="#[86]">&gt;&gt;</a>&nbsp;&nbsp;&nbsp;PCA9685_SetPWMFreq
</UL>
<BR>[Address Reference Count : 1]<UL><LI> servo_demo.o(.text.ServoDemo_ProbePCA9685)
</UL>
<P><STRONG><a name="[7]"></a>I2C1_Transmit</STRONG> (Thumb, 76 bytes, Stack size 8 bytes, i2c.o(.text.I2C1_Transmit))
<BR><BR>[Stack]<UL><LI>Max Depth = 8<LI>Call Chain = I2C1_Transmit
</UL>
<BR>[Called By]<UL><LI><a href="#[85]">&gt;&gt;</a>&nbsp;&nbsp;&nbsp;PCA9685_Reset
</UL>
<BR>[Address Reference Count : 1]<UL><LI> pca9685.o(.text.PCA9685_SetPWMFreq)
</UL>
<P><STRONG><a name="[64]"></a>LED_BlueOff</STRONG> (Thumb, 8 bytes, Stack size 0 bytes, led.o(.text.LED_BlueOff))
<BR><BR>[Called By]<UL><LI><a href="#[6]">&gt;&gt;</a>&nbsp;&nbsp;&nbsp;main
<LI><a href="#[63]">&gt;&gt;</a>&nbsp;&nbsp;&nbsp;OUTLINED_FUNCTION_1
</UL>

<P><STRONG><a name="[ea]"></a>LED_BlueOn</STRONG> (Thumb, 8 bytes, Stack size 0 bytes, led.o(.text.LED_BlueOn))
<BR><BR>[Called By]<UL><LI><a href="#[6]">&gt;&gt;</a>&nbsp;&nbsp;&nbsp;main
</UL>

<P><STRONG><a name="[e9]"></a>LED_GreenOff</STRONG> (Thumb, 8 bytes, Stack size 0 bytes, led.o(.text.LED_GreenOff))
<BR><BR>[Called By]<UL><LI><a href="#[6]">&gt;&gt;</a>&nbsp;&nbsp;&nbsp;main
</UL>

<P><STRONG><a name="[e7]"></a>LED_GreenOn</STRONG> (Thumb, 8 bytes, Stack size 0 bytes, led.o(.text.LED_GreenOn))
<BR><BR>[Called By]<UL><LI><a href="#[6]">&gt;&gt;</a>&nbsp;&nbsp;&nbsp;main
</UL>

<P><STRONG><a name="[da]"></a>LED_Init</STRONG> (Thumb, 60 bytes, Stack size 8 bytes, led.o(.text.LED_Init))
<BR><BR>[Stack]<UL><LI>Max Depth = 8<LI>Call Chain = LED_Init
</UL>
<BR>[Called By]<UL><LI><a href="#[6]">&gt;&gt;</a>&nbsp;&nbsp;&nbsp;main
</UL>

<P><STRONG><a name="[47]"></a>LED_RedToggle</STRONG> (Thumb, 12 bytes, Stack size 0 bytes, led.o(.text.LED_RedToggle))
<BR><BR>[Called By]<UL><LI><a href="#[46]">&gt;&gt;</a>&nbsp;&nbsp;&nbsp;Crash
</UL>

<P><STRONG><a name="[4a]"></a>MotorControl_Init</STRONG> (Thumb, 40 bytes, Stack size 8 bytes, motor.o(.text.MotorControl_Init))
<BR><BR>[Stack]<UL><LI>Max Depth = 20<LI>Call Chain = MotorControl_Init &rArr; PWM_Init
</UL>
<BR>[Calls]<UL><LI><a href="#[42]">&gt;&gt;</a>&nbsp;&nbsp;&nbsp;PWM_Duty
<LI><a href="#[4d]">&gt;&gt;</a>&nbsp;&nbsp;&nbsp;PWM_Init
<LI><a href="#[4c]">&gt;&gt;</a>&nbsp;&nbsp;&nbsp;Dir_Write
<LI><a href="#[4e]">&gt;&gt;</a>&nbsp;&nbsp;&nbsp;PortF_Init
<LI><a href="#[4b]">&gt;&gt;</a>&nbsp;&nbsp;&nbsp;Car_Dir_Init
<LI><a href="#[16]">&gt;&gt;</a>&nbsp;&nbsp;&nbsp;UART_OutString
</UL>
<BR>[Called By]<UL><LI><a href="#[6]">&gt;&gt;</a>&nbsp;&nbsp;&nbsp;main
</UL>

<P><STRONG><a name="[db]"></a>MotorControl_SetEnableAllowed</STRONG> (Thumb, 12 bytes, Stack size 0 bytes, motor.o(.text.MotorControl_SetEnableAllowed))
<BR><BR>[Called By]<UL><LI><a href="#[6]">&gt;&gt;</a>&nbsp;&nbsp;&nbsp;main
</UL>

<P><STRONG><a name="[4f]"></a>MotorPWM_Enable</STRONG> (Thumb, 18 bytes, Stack size 8 bytes, motor.o(.text.MotorPWM_Enable))
<BR><BR>[Stack]<UL><LI>Max Depth = 20<LI>Call Chain = MotorPWM_Enable &rArr; PWM_Init
</UL>
<BR>[Calls]<UL><LI><a href="#[42]">&gt;&gt;</a>&nbsp;&nbsp;&nbsp;PWM_Duty
<LI><a href="#[4d]">&gt;&gt;</a>&nbsp;&nbsp;&nbsp;PWM_Init
</UL>
<BR>[Called By]<UL><LI><a href="#[6]">&gt;&gt;</a>&nbsp;&nbsp;&nbsp;main
</UL>

<P><STRONG><a name="[84]"></a>PCA9685_Init</STRONG> (Thumb, 20 bytes, Stack size 8 bytes, pca9685.o(.text.PCA9685_Init))
<BR><BR>[Stack]<UL><LI>Max Depth = 32<LI>Call Chain = PCA9685_Init &rArr; PCA9685_SetPWMFreq
</UL>
<BR>[Calls]<UL><LI><a href="#[85]">&gt;&gt;</a>&nbsp;&nbsp;&nbsp;PCA9685_Reset
<LI><a href="#[86]">&gt;&gt;</a>&nbsp;&nbsp;&nbsp;PCA9685_SetPWMFreq
</UL>
<BR>[Called By]<UL><LI><a href="#[9b]">&gt;&gt;</a>&nbsp;&nbsp;&nbsp;WritingArm_Init
<LI><a href="#[9a]">&gt;&gt;</a>&nbsp;&nbsp;&nbsp;ServoDemo_Run
</UL>

<P><STRONG><a name="[85]"></a>PCA9685_Reset</STRONG> (Thumb, 34 bytes, Stack size 8 bytes, pca9685.o(.text.PCA9685_Reset))
<BR><BR>[Stack]<UL><LI>Max Depth = 16<LI>Call Chain = PCA9685_Reset &rArr; I2C1_Transmit
</UL>
<BR>[Calls]<UL><LI><a href="#[7]">&gt;&gt;</a>&nbsp;&nbsp;&nbsp;I2C1_Transmit
<LI><a href="#[3a]">&gt;&gt;</a>&nbsp;&nbsp;&nbsp;SysTick_Wait
</UL>
<BR>[Called By]<UL><LI><a href="#[84]">&gt;&gt;</a>&nbsp;&nbsp;&nbsp;PCA9685_Init
</UL>

<P><STRONG><a name="[87]"></a>PCA9685_SetChannelPulseUs</STRONG> (Thumb, 36 bytes, Stack size 0 bytes, pca9685.o(.text.PCA9685_SetChannelPulseUs))
<BR><BR>[Stack]<UL><LI>Max Depth = 48<LI>Call Chain = PCA9685_SetChannelPulseUs &rArr; PCA9685_SetPWM &rArr; wr4 &rArr; I2C1_Burst_Transmit
</UL>
<BR>[Calls]<UL><LI><a href="#[88]">&gt;&gt;</a>&nbsp;&nbsp;&nbsp;PCA9685_SetPWM
</UL>
<BR>[Called By]<UL><LI><a href="#[5d]">&gt;&gt;</a>&nbsp;&nbsp;&nbsp;PCA9685_SetServoAngle
</UL>

<P><STRONG><a name="[88]"></a>PCA9685_SetPWM</STRONG> (Thumb, 40 bytes, Stack size 16 bytes, pca9685.o(.text.PCA9685_SetPWM))
<BR><BR>[Stack]<UL><LI>Max Depth = 48<LI>Call Chain = PCA9685_SetPWM &rArr; wr4 &rArr; I2C1_Burst_Transmit
</UL>
<BR>[Calls]<UL><LI><a href="#[89]">&gt;&gt;</a>&nbsp;&nbsp;&nbsp;wr4
</UL>
<BR>[Called By]<UL><LI><a href="#[87]">&gt;&gt;</a>&nbsp;&nbsp;&nbsp;PCA9685_SetChannelPulseUs
</UL>

<P><STRONG><a name="[86]"></a>PCA9685_SetPWMFreq</STRONG> (Thumb, 112 bytes, Stack size 24 bytes, pca9685.o(.text.PCA9685_SetPWMFreq))
<BR><BR>[Stack]<UL><LI>Max Depth = 24<LI>Call Chain = PCA9685_SetPWMFreq
</UL>
<BR>[Calls]<UL><LI><a href="#[8]">&gt;&gt;</a>&nbsp;&nbsp;&nbsp;I2C1_Receive
<LI><a href="#[3a]">&gt;&gt;</a>&nbsp;&nbsp;&nbsp;SysTick_Wait
</UL>
<BR>[Called By]<UL><LI><a href="#[84]">&gt;&gt;</a>&nbsp;&nbsp;&nbsp;PCA9685_Init
<LI><a href="#[9b]">&gt;&gt;</a>&nbsp;&nbsp;&nbsp;WritingArm_Init
<LI><a href="#[9a]">&gt;&gt;</a>&nbsp;&nbsp;&nbsp;ServoDemo_Run
</UL>

<P><STRONG><a name="[5d]"></a>PCA9685_SetServoAngle</STRONG> (Thumb, 64 bytes, Stack size 16 bytes, pca9685.o(.text.PCA9685_SetServoAngle))
<BR><BR>[Stack]<UL><LI>Max Depth = 64<LI>Call Chain = PCA9685_SetServoAngle &rArr; PCA9685_SetChannelPulseUs &rArr; PCA9685_SetPWM &rArr; wr4 &rArr; I2C1_Burst_Transmit
</UL>
<BR>[Calls]<UL><LI><a href="#[87]">&gt;&gt;</a>&nbsp;&nbsp;&nbsp;PCA9685_SetChannelPulseUs
</UL>
<BR>[Called By]<UL><LI><a href="#[66]">&gt;&gt;</a>&nbsp;&nbsp;&nbsp;WritingArm_SetServoAngle
<LI><a href="#[5c]">&gt;&gt;</a>&nbsp;&nbsp;&nbsp;OUTLINED_FUNCTION_0
</UL>

<P><STRONG><a name="[e5]"></a>PWM_DisableOutputs</STRONG> (Thumb, 12 bytes, Stack size 0 bytes, pwm.o(.text.PWM_DisableOutputs))
<BR><BR>[Called By]<UL><LI><a href="#[6]">&gt;&gt;</a>&nbsp;&nbsp;&nbsp;main
</UL>

<P><STRONG><a name="[42]"></a>PWM_Duty</STRONG> (Thumb, 76 bytes, Stack size 0 bytes, pwm.o(.text.PWM_Duty))
<BR><BR>[Called By]<UL><LI><a href="#[45]">&gt;&gt;</a>&nbsp;&nbsp;&nbsp;stop_the_car
<LI><a href="#[44]">&gt;&gt;</a>&nbsp;&nbsp;&nbsp;forward_left
<LI><a href="#[40]">&gt;&gt;</a>&nbsp;&nbsp;&nbsp;pivot_left
<LI><a href="#[3e]">&gt;&gt;</a>&nbsp;&nbsp;&nbsp;pivot_right
<LI><a href="#[3d]">&gt;&gt;</a>&nbsp;&nbsp;&nbsp;move_forward
<LI><a href="#[43]">&gt;&gt;</a>&nbsp;&nbsp;&nbsp;Stop
<LI><a href="#[4f]">&gt;&gt;</a>&nbsp;&nbsp;&nbsp;MotorPWM_Enable
<LI><a href="#[3c]">&gt;&gt;</a>&nbsp;&nbsp;&nbsp;Car_ProcessCommand
<LI><a href="#[4a]">&gt;&gt;</a>&nbsp;&nbsp;&nbsp;MotorControl_Init
</UL>

<P><STRONG><a name="[4d]"></a>PWM_Init</STRONG> (Thumb, 152 bytes, Stack size 12 bytes, pwm.o(.text.PWM_Init))
<BR><BR>[Stack]<UL><LI>Max Depth = 12<LI>Call Chain = PWM_Init
</UL>
<BR>[Called By]<UL><LI><a href="#[4f]">&gt;&gt;</a>&nbsp;&nbsp;&nbsp;MotorPWM_Enable
<LI><a href="#[4a]">&gt;&gt;</a>&nbsp;&nbsp;&nbsp;MotorControl_Init
</UL>

<P><STRONG><a name="[e6]"></a>PWM_PinsToHiZ</STRONG> (Thumb, 60 bytes, Stack size 0 bytes, pwm.o(.text.PWM_PinsToHiZ))
<BR><BR>[Called By]<UL><LI><a href="#[6]">&gt;&gt;</a>&nbsp;&nbsp;&nbsp;main
</UL>

<P><STRONG><a name="[8a]"></a>PWM_PinsToPWM</STRONG> (Thumb, 44 bytes, Stack size 0 bytes, pwm.o(.text.PWM_PinsToPWM))
<BR><BR>[Calls]<UL><LI><a href="#[8b]">&gt;&gt;</a>&nbsp;&nbsp;&nbsp;OUTLINED_FUNCTION_0
</UL>
<BR>[Called By]<UL><LI><a href="#[6]">&gt;&gt;</a>&nbsp;&nbsp;&nbsp;main
</UL>

<P><STRONG><a name="[3f]"></a>PWM_SetSwapLR</STRONG> (Thumb, 12 bytes, Stack size 0 bytes, pwm.o(.text.PWM_SetSwapLR))
<BR><BR>[Called By]<UL><LI><a href="#[3c]">&gt;&gt;</a>&nbsp;&nbsp;&nbsp;Car_ProcessCommand
</UL>

<P><STRONG><a name="[4e]"></a>PortF_Init</STRONG> (Thumb, 96 bytes, Stack size 4 bytes, gpio.o(.text.PortF_Init))
<BR><BR>[Stack]<UL><LI>Max Depth = 4<LI>Call Chain = PortF_Init
</UL>
<BR>[Called By]<UL><LI><a href="#[4a]">&gt;&gt;</a>&nbsp;&nbsp;&nbsp;MotorControl_Init
</UL>

<P><STRONG><a name="[8c]"></a>ST7735_BlitRGB565</STRONG> (Thumb, 96 bytes, Stack size 24 bytes, st7735.o(.text.ST7735_BlitRGB565))
<BR><BR>[Stack]<UL><LI>Max Depth = 56<LI>Call Chain = ST7735_BlitRGB565 &rArr; OUTLINED_FUNCTION_2 &rArr; setAddrWindow
</UL>
<BR>[Calls]<UL><LI><a href="#[70]">&gt;&gt;</a>&nbsp;&nbsp;&nbsp;OUTLINED_FUNCTION_2
<LI><a href="#[18]">&gt;&gt;</a>&nbsp;&nbsp;&nbsp;writedata
</UL>
<BR>[Called By]<UL><LI><a href="#[ae]">&gt;&gt;</a>&nbsp;&nbsp;&nbsp;Video_Poll
</UL>

<P><STRONG><a name="[79]"></a>ST7735_DrawCharS</STRONG> (Thumb, 208 bytes, Stack size 56 bytes, st7735.o(.text.ST7735_DrawCharS))
<BR><BR>[Stack]<UL><LI>Max Depth = 112<LI>Call Chain = ST7735_DrawCharS &rArr; ST7735_FillRect &rArr; OUTLINED_FUNCTION_2 &rArr; setAddrWindow
</UL>
<BR>[Calls]<UL><LI><a href="#[8e]">&gt;&gt;</a>&nbsp;&nbsp;&nbsp;ST7735_DrawPixel
<LI><a href="#[8d]">&gt;&gt;</a>&nbsp;&nbsp;&nbsp;ST7735_FillRect
</UL>
<BR>[Called By]<UL><LI><a href="#[e]">&gt;&gt;</a>&nbsp;&nbsp;&nbsp;ST7735_OutChar
<LI><a href="#[90]">&gt;&gt;</a>&nbsp;&nbsp;&nbsp;ST7735_DrawString
<LI><a href="#[78]">&gt;&gt;</a>&nbsp;&nbsp;&nbsp;OUTLINED_FUNCTION_3
</UL>

<P><STRONG><a name="[8e]"></a>ST7735_DrawPixel</STRONG> (Thumb, 68 bytes, Stack size 16 bytes, st7735.o(.text.ST7735_DrawPixel))
<BR><BR>[Stack]<UL><LI>Max Depth = 48<LI>Call Chain = ST7735_DrawPixel &rArr; setAddrWindow
</UL>
<BR>[Calls]<UL><LI><a href="#[8f]">&gt;&gt;</a>&nbsp;&nbsp;&nbsp;pushColor
<LI><a href="#[71]">&gt;&gt;</a>&nbsp;&nbsp;&nbsp;setAddrWindow
</UL>
<BR>[Called By]<UL><LI><a href="#[79]">&gt;&gt;</a>&nbsp;&nbsp;&nbsp;ST7735_DrawCharS
</UL>

<P><STRONG><a name="[90]"></a>ST7735_DrawString</STRONG> (Thumb, 76 bytes, Stack size 40 bytes, st7735.o(.text.ST7735_DrawString))
<BR><BR>[Stack]<UL><LI>Max Depth = 152<LI>Call Chain = ST7735_DrawString &rArr; ST7735_DrawCharS &rArr; ST7735_FillRect &rArr; OUTLINED_FUNCTION_2 &rArr; setAddrWindow
</UL>
<BR>[Calls]<UL><LI><a href="#[79]">&gt;&gt;</a>&nbsp;&nbsp;&nbsp;ST7735_DrawCharS
</UL>
<BR>[Called By]<UL><LI><a href="#[e]">&gt;&gt;</a>&nbsp;&nbsp;&nbsp;ST7735_OutChar
<LI><a href="#[a]">&gt;&gt;</a>&nbsp;&nbsp;&nbsp;ST7735_OutUDec
</UL>

<P><STRONG><a name="[8d]"></a>ST7735_FillRect</STRONG> (Thumb, 116 bytes, Stack size 24 bytes, st7735.o(.text.ST7735_FillRect))
<BR><BR>[Stack]<UL><LI>Max Depth = 56<LI>Call Chain = ST7735_FillRect &rArr; OUTLINED_FUNCTION_2 &rArr; setAddrWindow
</UL>
<BR>[Calls]<UL><LI><a href="#[70]">&gt;&gt;</a>&nbsp;&nbsp;&nbsp;OUTLINED_FUNCTION_2
<LI><a href="#[18]">&gt;&gt;</a>&nbsp;&nbsp;&nbsp;writedata
</UL>
<BR>[Called By]<UL><LI><a href="#[79]">&gt;&gt;</a>&nbsp;&nbsp;&nbsp;ST7735_DrawCharS
<LI><a href="#[91]">&gt;&gt;</a>&nbsp;&nbsp;&nbsp;ST7735_FillScreen
</UL>

<P><STRONG><a name="[91]"></a>ST7735_FillScreen</STRONG> (Thumb, 36 bytes, Stack size 16 bytes, st7735.o(.text.ST7735_FillScreen))
<BR><BR>[Stack]<UL><LI>Max Depth = 72<LI>Call Chain = ST7735_FillScreen &rArr; ST7735_FillRect &rArr; OUTLINED_FUNCTION_2 &rArr; setAddrWindow
</UL>
<BR>[Calls]<UL><LI><a href="#[8d]">&gt;&gt;</a>&nbsp;&nbsp;&nbsp;ST7735_FillRect
</UL>
<BR>[Called By]<UL><LI><a href="#[92]">&gt;&gt;</a>&nbsp;&nbsp;&nbsp;ST7735_InitR
<LI><a href="#[96]">&gt;&gt;</a>&nbsp;&nbsp;&nbsp;ServoDemo_ProbePCA9685
<LI><a href="#[6]">&gt;&gt;</a>&nbsp;&nbsp;&nbsp;main
</UL>

<P><STRONG><a name="[92]"></a>ST7735_InitR</STRONG> (Thumb, 88 bytes, Stack size 8 bytes, st7735.o(.text.ST7735_InitR))
<BR><BR>[Stack]<UL><LI>Max Depth = 80<LI>Call Chain = ST7735_InitR &rArr; ST7735_FillScreen &rArr; ST7735_FillRect &rArr; OUTLINED_FUNCTION_2 &rArr; setAddrWindow
</UL>
<BR>[Calls]<UL><LI><a href="#[91]">&gt;&gt;</a>&nbsp;&nbsp;&nbsp;ST7735_FillScreen
<LI><a href="#[18]">&gt;&gt;</a>&nbsp;&nbsp;&nbsp;writedata
<LI><a href="#[17]">&gt;&gt;</a>&nbsp;&nbsp;&nbsp;writecommand
<LI><a href="#[94]">&gt;&gt;</a>&nbsp;&nbsp;&nbsp;commandList
<LI><a href="#[93]">&gt;&gt;</a>&nbsp;&nbsp;&nbsp;commonInit
</UL>
<BR>[Called By]<UL><LI><a href="#[6]">&gt;&gt;</a>&nbsp;&nbsp;&nbsp;main
</UL>

<P><STRONG><a name="[e]"></a>ST7735_OutChar</STRONG> (Thumb, 128 bytes, Stack size 24 bytes, st7735.o(.text.ST7735_OutChar))
<BR><BR>[Stack]<UL><LI>Max Depth = 176<LI>Call Chain = ST7735_OutChar &rArr; ST7735_DrawString &rArr; ST7735_DrawCharS &rArr; ST7735_FillRect &rArr; OUTLINED_FUNCTION_2 &rArr; setAddrWindow
</UL>
<BR>[Calls]<UL><LI><a href="#[90]">&gt;&gt;</a>&nbsp;&nbsp;&nbsp;ST7735_DrawString
<LI><a href="#[79]">&gt;&gt;</a>&nbsp;&nbsp;&nbsp;ST7735_DrawCharS
<LI><a href="#[78]">&gt;&gt;</a>&nbsp;&nbsp;&nbsp;OUTLINED_FUNCTION_3
</UL>
<BR>[Called By]<UL><LI><a href="#[9]">&gt;&gt;</a>&nbsp;&nbsp;&nbsp;ST7735_OutString
<LI><a href="#[96]">&gt;&gt;</a>&nbsp;&nbsp;&nbsp;ServoDemo_ProbePCA9685
<LI><a href="#[6]">&gt;&gt;</a>&nbsp;&nbsp;&nbsp;main
</UL>
<BR>[Address Reference Count : 2]<UL><LI> main.o(.text.main)
<LI> main.o(.text.SimpleLinkNetAppEventHandler)
</UL>
<P><STRONG><a name="[9]"></a>ST7735_OutString</STRONG> (Thumb, 18 bytes, Stack size 8 bytes, st7735.o(.text.ST7735_OutString))
<BR><BR>[Stack]<UL><LI>Max Depth = 184<LI>Call Chain = ST7735_OutString &rArr; ST7735_OutChar &rArr; ST7735_DrawString &rArr; ST7735_DrawCharS &rArr; ST7735_FillRect &rArr; OUTLINED_FUNCTION_2 &rArr; setAddrWindow
</UL>
<BR>[Calls]<UL><LI><a href="#[e]">&gt;&gt;</a>&nbsp;&nbsp;&nbsp;ST7735_OutChar
</UL>
<BR>[Called By]<UL><LI><a href="#[10]">&gt;&gt;</a>&nbsp;&nbsp;&nbsp;SimpleLinkNetAppEventHandler
<LI><a href="#[6]">&gt;&gt;</a>&nbsp;&nbsp;&nbsp;main
</UL>
<BR>[Address Reference Count : 2]<UL><LI> main.o(.text.main)
<LI> servo_demo.o(.text.ServoDemo_ProbePCA9685)
</UL>
<P><STRONG><a name="[a]"></a>ST7735_OutUDec</STRONG> (Thumb, 68 bytes, Stack size 24 bytes, st7735.o(.text.ST7735_OutUDec))
<BR><BR>[Stack]<UL><LI>Max Depth = 176<LI>Call Chain = ST7735_OutUDec &rArr; ST7735_DrawString &rArr; ST7735_DrawCharS &rArr; ST7735_FillRect &rArr; OUTLINED_FUNCTION_2 &rArr; setAddrWindow
</UL>
<BR>[Calls]<UL><LI><a href="#[95]">&gt;&gt;</a>&nbsp;&nbsp;&nbsp;fillmessage
<LI><a href="#[90]">&gt;&gt;</a>&nbsp;&nbsp;&nbsp;ST7735_DrawString
<LI><a href="#[78]">&gt;&gt;</a>&nbsp;&nbsp;&nbsp;OUTLINED_FUNCTION_3
</UL>
<BR>[Called By]<UL><LI><a href="#[6]">&gt;&gt;</a>&nbsp;&nbsp;&nbsp;main
</UL>
<BR>[Address Reference Count : 3]<UL><LI> main.o(.text.main)
<LI> main.o(.text.SimpleLinkNetAppEventHandler)
<LI> servo_demo.o(.text.ServoDemo_ProbePCA9685)
</UL>
<P><STRONG><a name="[15]"></a>ST7735_SetCursor</STRONG> (Thumb, 16 bytes, Stack size 0 bytes, st7735.o(.text.ST7735_SetCursor))
<BR><BR>[Called By]<UL><LI><a href="#[96]">&gt;&gt;</a>&nbsp;&nbsp;&nbsp;ServoDemo_ProbePCA9685
<LI><a href="#[6]">&gt;&gt;</a>&nbsp;&nbsp;&nbsp;main
</UL>
<BR>[Address Reference Count : 1]<UL><LI> main.o(.text.main)
</UL>
<P><STRONG><a name="[99]"></a>ST7735_SetTextColor</STRONG> (Thumb, 8 bytes, Stack size 0 bytes, st7735.o(.text.ST7735_SetTextColor))
<BR><BR>[Called By]<UL><LI><a href="#[96]">&gt;&gt;</a>&nbsp;&nbsp;&nbsp;ServoDemo_ProbePCA9685
<LI><a href="#[6]">&gt;&gt;</a>&nbsp;&nbsp;&nbsp;main
</UL>

<P><STRONG><a name="[96]"></a>ServoDemo_ProbePCA9685</STRONG> (Thumb, 208 bytes, Stack size 48 bytes, servo_demo.o(.text.ServoDemo_ProbePCA9685))
<BR><BR>[Stack]<UL><LI>Max Depth = 224<LI>Call Chain = ServoDemo_ProbePCA9685 &rArr; ST7735_OutChar &rArr; ST7735_DrawString &rArr; ST7735_DrawCharS &rArr; ST7735_FillRect &rArr; OUTLINED_FUNCTION_2 &rArr; setAddrWindow
</UL>
<BR>[Calls]<UL><LI><a href="#[99]">&gt;&gt;</a>&nbsp;&nbsp;&nbsp;ST7735_SetTextColor
<LI><a href="#[e]">&gt;&gt;</a>&nbsp;&nbsp;&nbsp;ST7735_OutChar
<LI><a href="#[15]">&gt;&gt;</a>&nbsp;&nbsp;&nbsp;ST7735_SetCursor
<LI><a href="#[91]">&gt;&gt;</a>&nbsp;&nbsp;&nbsp;ST7735_FillScreen
<LI><a href="#[98]">&gt;&gt;</a>&nbsp;&nbsp;&nbsp;I2C1_Init
<LI><a href="#[97]">&gt;&gt;</a>&nbsp;&nbsp;&nbsp;SysTick_Init
</UL>
<BR>[Called By]<UL><LI><a href="#[6]">&gt;&gt;</a>&nbsp;&nbsp;&nbsp;main
</UL>

<P><STRONG><a name="[9a]"></a>ServoDemo_Run</STRONG> (Thumb, 168 bytes, Stack size 8 bytes, servo_demo.o(.text.ServoDemo_Run))
<BR><BR>[Stack]<UL><LI>Max Depth = 112<LI>Call Chain = ServoDemo_Run &rArr; WritingArm_ServoSweepTest &rArr; OUTLINED_FUNCTION_0 &rArr; PCA9685_SetServoAngle &rArr; PCA9685_SetChannelPulseUs &rArr; PCA9685_SetPWM &rArr; wr4 &rArr; I2C1_Burst_Transmit
</UL>
<BR>[Calls]<UL><LI><a href="#[5e]">&gt;&gt;</a>&nbsp;&nbsp;&nbsp;OUTLINED_FUNCTION_0
<LI><a href="#[a2]">&gt;&gt;</a>&nbsp;&nbsp;&nbsp;WritingArm_ServoSweepTest
<LI><a href="#[9d]">&gt;&gt;</a>&nbsp;&nbsp;&nbsp;WritingArm_MoveToAngles
<LI><a href="#[9c]">&gt;&gt;</a>&nbsp;&nbsp;&nbsp;WritingArm_Home
<LI><a href="#[a0]">&gt;&gt;</a>&nbsp;&nbsp;&nbsp;WritingArm_EraserDown
<LI><a href="#[a1]">&gt;&gt;</a>&nbsp;&nbsp;&nbsp;WritingArm_EraserUp
<LI><a href="#[9e]">&gt;&gt;</a>&nbsp;&nbsp;&nbsp;WritingArm_PenDown
<LI><a href="#[9f]">&gt;&gt;</a>&nbsp;&nbsp;&nbsp;WritingArm_PenUp
<LI><a href="#[86]">&gt;&gt;</a>&nbsp;&nbsp;&nbsp;PCA9685_SetPWMFreq
<LI><a href="#[84]">&gt;&gt;</a>&nbsp;&nbsp;&nbsp;PCA9685_Init
<LI><a href="#[9b]">&gt;&gt;</a>&nbsp;&nbsp;&nbsp;WritingArm_Init
<LI><a href="#[98]">&gt;&gt;</a>&nbsp;&nbsp;&nbsp;I2C1_Init
<LI><a href="#[97]">&gt;&gt;</a>&nbsp;&nbsp;&nbsp;SysTick_Init
</UL>
<BR>[Called By]<UL><LI><a href="#[6]">&gt;&gt;</a>&nbsp;&nbsp;&nbsp;main
</UL>

<P><STRONG><a name="[a3]"></a>SimpleLinkHttpServerCallback</STRONG> (Thumb, 8 bytes, Stack size 0 bytes, main.o(.text.SimpleLinkHttpServerCallback))
<BR><BR>[Stack]<UL><LI>Max Depth = 8<LI>Call Chain = SimpleLinkHttpServerCallback &rArr; UART_OutString
</UL>
<BR>[Calls]<UL><LI><a href="#[16]">&gt;&gt;</a>&nbsp;&nbsp;&nbsp;UART_OutString
</UL>
<BR>[Called By]<UL><LI><a href="#[f]">&gt;&gt;</a>&nbsp;&nbsp;&nbsp;_SlDrvNetAppEventHandler
</UL>

<P><STRONG><a name="[10]"></a>SimpleLinkNetAppEventHandler</STRONG> (Thumb, 184 bytes, Stack size 40 bytes, main.o(.text.SimpleLinkNetAppEventHandler))
<BR><BR>[Stack]<UL><LI>Max Depth = 224<LI>Call Chain = SimpleLinkNetAppEventHandler &rArr; ST7735_OutString &rArr; ST7735_OutChar &rArr; ST7735_DrawString &rArr; ST7735_DrawCharS &rArr; ST7735_FillRect &rArr; OUTLINED_FUNCTION_2 &rArr; setAddrWindow
</UL>
<BR>[Calls]<UL><LI><a href="#[9]">&gt;&gt;</a>&nbsp;&nbsp;&nbsp;ST7735_OutString
<LI><a href="#[16]">&gt;&gt;</a>&nbsp;&nbsp;&nbsp;UART_OutString
</UL>
<BR>[Address Reference Count : 1]<UL><LI> driver.o(.text._SlDrvClassifyRxMsg)
</UL>
<P><STRONG><a name="[11]"></a>SimpleLinkWlanEventHandler</STRONG> (Thumb, 112 bytes, Stack size 16 bytes, main.o(.text.SimpleLinkWlanEventHandler))
<BR><BR>[Stack]<UL><LI>Max Depth = 32<LI>Call Chain = SimpleLinkWlanEventHandler &rArr; UART_OutUDec &rArr;  UART_OutUDec (Cycle)
</UL>
<BR>[Calls]<UL><LI><a href="#[c]">&gt;&gt;</a>&nbsp;&nbsp;&nbsp;UART_OutUDec
<LI><a href="#[16]">&gt;&gt;</a>&nbsp;&nbsp;&nbsp;UART_OutString
</UL>
<BR>[Address Reference Count : 1]<UL><LI> driver.o(.text._SlDrvClassifyRxMsg)
</UL>
<P><STRONG><a name="[97]"></a>SysTick_Init</STRONG> (Thumb, 8 bytes, Stack size 0 bytes, systick.o(.text.SysTick_Init))
<BR><BR>[Called By]<UL><LI><a href="#[9b]">&gt;&gt;</a>&nbsp;&nbsp;&nbsp;WritingArm_Init
<LI><a href="#[9a]">&gt;&gt;</a>&nbsp;&nbsp;&nbsp;ServoDemo_Run
<LI><a href="#[96]">&gt;&gt;</a>&nbsp;&nbsp;&nbsp;ServoDemo_ProbePCA9685
<LI><a href="#[6]">&gt;&gt;</a>&nbsp;&nbsp;&nbsp;main
</UL>

<P><STRONG><a name="[3a]"></a>SysTick_Wait</STRONG> (Thumb, 36 bytes, Stack size 0 bytes, systick.o(.text.SysTick_Wait))
<BR><BR>[Called By]<UL><LI><a href="#[85]">&gt;&gt;</a>&nbsp;&nbsp;&nbsp;PCA9685_Reset
<LI><a href="#[b]">&gt;&gt;</a>&nbsp;&nbsp;&nbsp;delay_ms
<LI><a href="#[86]">&gt;&gt;</a>&nbsp;&nbsp;&nbsp;PCA9685_SetPWMFreq
<LI><a href="#[b3]">&gt;&gt;</a>&nbsp;&nbsp;&nbsp;delay_ms
<LI><a href="#[38]">&gt;&gt;</a>&nbsp;&nbsp;&nbsp;Car_Delay
<LI><a href="#[6]">&gt;&gt;</a>&nbsp;&nbsp;&nbsp;main
<LI><a href="#[d4]">&gt;&gt;</a>&nbsp;&nbsp;&nbsp;delay_ms
</UL>

<P><STRONG><a name="[5]"></a>UARTStdioIntHandler</STRONG> (Thumb, 260 bytes, Stack size 40 bytes, uartstdio.o(.text.UARTStdioIntHandler))
<BR><BR>[Stack]<UL><LI>Max Depth = 88<LI>Call Chain = UARTStdioIntHandler &rArr; UARTwrite &rArr; UARTPrimeTransmit
</UL>
<BR>[Calls]<UL><LI><a href="#[a4]">&gt;&gt;</a>&nbsp;&nbsp;&nbsp;UARTPrimeTransmit
<LI><a href="#[a5]">&gt;&gt;</a>&nbsp;&nbsp;&nbsp;UARTwrite
</UL>
<BR>[Address Reference Count : 1]<UL><LI> startup_rvmdk.o(RESET)
</UL>
<P><STRONG><a name="[d9]"></a>UART_Init</STRONG> (Thumb, 88 bytes, Stack size 0 bytes, uart0.o(.text.UART_Init))
<BR><BR>[Called By]<UL><LI><a href="#[6]">&gt;&gt;</a>&nbsp;&nbsp;&nbsp;main
</UL>

<P><STRONG><a name="[d]"></a>UART_OutChar</STRONG> (Thumb, 12 bytes, Stack size 0 bytes, uart0.o(.text.UART_OutChar))
<BR><BR>[Called By]<UL><LI><a href="#[c]">&gt;&gt;</a>&nbsp;&nbsp;&nbsp;UART_OutUDec
<LI><a href="#[16]">&gt;&gt;</a>&nbsp;&nbsp;&nbsp;UART_OutString
</UL>
<BR>[Address Reference Count : 1]<UL><LI> main.o(.text.SimpleLinkNetAppEventHandler)
</UL>
<P><STRONG><a name="[16]"></a>UART_OutString</STRONG> (Thumb, 18 bytes, Stack size 8 bytes, uart0.o(.text.UART_OutString))
<BR><BR>[Stack]<UL><LI>Max Depth = 8<LI>Call Chain = UART_OutString
</UL>
<BR>[Calls]<UL><LI><a href="#[d]">&gt;&gt;</a>&nbsp;&nbsp;&nbsp;UART_OutChar
</UL>
<BR>[Called By]<UL><LI><a href="#[a3]">&gt;&gt;</a>&nbsp;&nbsp;&nbsp;SimpleLinkHttpServerCallback
<LI><a href="#[11]">&gt;&gt;</a>&nbsp;&nbsp;&nbsp;SimpleLinkWlanEventHandler
<LI><a href="#[10]">&gt;&gt;</a>&nbsp;&nbsp;&nbsp;SimpleLinkNetAppEventHandler
<LI><a href="#[ae]">&gt;&gt;</a>&nbsp;&nbsp;&nbsp;Video_Poll
<LI><a href="#[3c]">&gt;&gt;</a>&nbsp;&nbsp;&nbsp;Car_ProcessCommand
<LI><a href="#[a7]">&gt;&gt;</a>&nbsp;&nbsp;&nbsp;Video_Init
<LI><a href="#[4a]">&gt;&gt;</a>&nbsp;&nbsp;&nbsp;MotorControl_Init
<LI><a href="#[6]">&gt;&gt;</a>&nbsp;&nbsp;&nbsp;main
</UL>
<BR>[Address Reference Count : 1]<UL><LI> main.o(.text.main)
</UL>
<P><STRONG><a name="[c]"></a>UART_OutUDec</STRONG> (Thumb, 42 bytes, Stack size 16 bytes, uart0.o(.text.UART_OutUDec))
<BR><BR>[Stack]<UL><LI>Max Depth = 32 + In Cycle
<LI>Call Chain = UART_OutUDec &rArr;  UART_OutUDec (Cycle)
</UL>
<BR>[Calls]<UL><LI><a href="#[c]">&gt;&gt;</a>&nbsp;&nbsp;&nbsp;UART_OutUDec
<LI><a href="#[d]">&gt;&gt;</a>&nbsp;&nbsp;&nbsp;UART_OutChar
</UL>
<BR>[Called By]<UL><LI><a href="#[11]">&gt;&gt;</a>&nbsp;&nbsp;&nbsp;SimpleLinkWlanEventHandler
<LI><a href="#[a7]">&gt;&gt;</a>&nbsp;&nbsp;&nbsp;Video_Init
<LI><a href="#[6]">&gt;&gt;</a>&nbsp;&nbsp;&nbsp;main
<LI><a href="#[c]">&gt;&gt;</a>&nbsp;&nbsp;&nbsp;UART_OutUDec
</UL>
<BR>[Address Reference Count : 1]<UL><LI> main.o(.text.SimpleLinkNetAppEventHandler)
</UL>
<P><STRONG><a name="[a5]"></a>UARTwrite</STRONG> (Thumb, 100 bytes, Stack size 24 bytes, uartstdio.o(.text.UARTwrite))
<BR><BR>[Stack]<UL><LI>Max Depth = 48<LI>Call Chain = UARTwrite &rArr; UARTPrimeTransmit
</UL>
<BR>[Calls]<UL><LI><a href="#[a4]">&gt;&gt;</a>&nbsp;&nbsp;&nbsp;UARTPrimeTransmit
<LI><a href="#[a6]">&gt;&gt;</a>&nbsp;&nbsp;&nbsp;OUTLINED_FUNCTION_0
</UL>
<BR>[Called By]<UL><LI><a href="#[5]">&gt;&gt;</a>&nbsp;&nbsp;&nbsp;UARTStdioIntHandler
</UL>

<P><STRONG><a name="[a7]"></a>Video_Init</STRONG> (Thumb, 140 bytes, Stack size 24 bytes, video.o(.text.Video_Init))
<BR><BR>[Stack]<UL><LI>Max Depth = 312<LI>Call Chain = Video_Init &rArr; socket_set_nonblocking &rArr; sl_SetSockOpt &rArr; _SlDrvCmdOp &rArr; _SlDrvMsgReadCmdCtx &rArr; _SlAsyncEventGenericHandler &rArr; _sl_HandleAsync_PingResponse &rArr; OUTLINED_FUNCTION_1 &rArr; _SlNonOsSemGet &rArr; _SlNonOsMainLoopTask
</UL>
<BR>[Calls]<UL><LI><a href="#[a8]">&gt;&gt;</a>&nbsp;&nbsp;&nbsp;sl_Htons
<LI><a href="#[ab]">&gt;&gt;</a>&nbsp;&nbsp;&nbsp;sl_Listen
<LI><a href="#[aa]">&gt;&gt;</a>&nbsp;&nbsp;&nbsp;sl_Bind
<LI><a href="#[ad]">&gt;&gt;</a>&nbsp;&nbsp;&nbsp;sl_Close
<LI><a href="#[a9]">&gt;&gt;</a>&nbsp;&nbsp;&nbsp;sl_Socket
<LI><a href="#[ac]">&gt;&gt;</a>&nbsp;&nbsp;&nbsp;socket_set_nonblocking
<LI><a href="#[c]">&gt;&gt;</a>&nbsp;&nbsp;&nbsp;UART_OutUDec
<LI><a href="#[16]">&gt;&gt;</a>&nbsp;&nbsp;&nbsp;UART_OutString
</UL>
<BR>[Called By]<UL><LI><a href="#[6]">&gt;&gt;</a>&nbsp;&nbsp;&nbsp;main
</UL>

<P><STRONG><a name="[ae]"></a>Video_Poll</STRONG> (Thumb, 348 bytes, Stack size 48 bytes, video.o(.text.Video_Poll))
<BR><BR>[Stack]<UL><LI>Max Depth = 336<LI>Call Chain = Video_Poll &rArr; sl_Accept &rArr; OUTLINED_FUNCTION_3 &rArr; _SlDrvCmdOp &rArr; _SlDrvMsgReadCmdCtx &rArr; _SlAsyncEventGenericHandler &rArr; _sl_HandleAsync_PingResponse &rArr; OUTLINED_FUNCTION_1 &rArr; _SlNonOsSemGet &rArr; _SlNonOsMainLoopTask
</UL>
<BR>[Calls]<UL><LI><a href="#[8c]">&gt;&gt;</a>&nbsp;&nbsp;&nbsp;ST7735_BlitRGB565
<LI><a href="#[b0]">&gt;&gt;</a>&nbsp;&nbsp;&nbsp;sl_SetSockOpt
<LI><a href="#[b2]">&gt;&gt;</a>&nbsp;&nbsp;&nbsp;sl_Recv
<LI><a href="#[af]">&gt;&gt;</a>&nbsp;&nbsp;&nbsp;sl_Accept
<LI><a href="#[ad]">&gt;&gt;</a>&nbsp;&nbsp;&nbsp;sl_Close
<LI><a href="#[b1]">&gt;&gt;</a>&nbsp;&nbsp;&nbsp;video_reset_frame
<LI><a href="#[ac]">&gt;&gt;</a>&nbsp;&nbsp;&nbsp;socket_set_nonblocking
<LI><a href="#[16]">&gt;&gt;</a>&nbsp;&nbsp;&nbsp;UART_OutString
</UL>
<BR>[Called By]<UL><LI><a href="#[6]">&gt;&gt;</a>&nbsp;&nbsp;&nbsp;main
</UL>

<P><STRONG><a name="[a0]"></a>WritingArm_EraserDown</STRONG> (Thumb, 20 bytes, Stack size 8 bytes, writing_arm.o(.text.WritingArm_EraserDown))
<BR><BR>[Stack]<UL><LI>Max Depth = 88<LI>Call Chain = WritingArm_EraserDown &rArr; OUTLINED_FUNCTION_1 &rArr; WritingArm_SetServoAngle &rArr; PCA9685_SetServoAngle &rArr; PCA9685_SetChannelPulseUs &rArr; PCA9685_SetPWM &rArr; wr4 &rArr; I2C1_Burst_Transmit
</UL>
<BR>[Calls]<UL><LI><a href="#[65]">&gt;&gt;</a>&nbsp;&nbsp;&nbsp;OUTLINED_FUNCTION_1
<LI><a href="#[b3]">&gt;&gt;</a>&nbsp;&nbsp;&nbsp;delay_ms
</UL>
<BR>[Called By]<UL><LI><a href="#[9a]">&gt;&gt;</a>&nbsp;&nbsp;&nbsp;ServoDemo_Run
</UL>

<P><STRONG><a name="[a1]"></a>WritingArm_EraserUp</STRONG> (Thumb, 22 bytes, Stack size 8 bytes, writing_arm.o(.text.WritingArm_EraserUp))
<BR><BR>[Stack]<UL><LI>Max Depth = 88<LI>Call Chain = WritingArm_EraserUp &rArr; WritingArm_SetServoAngle &rArr; PCA9685_SetServoAngle &rArr; PCA9685_SetChannelPulseUs &rArr; PCA9685_SetPWM &rArr; wr4 &rArr; I2C1_Burst_Transmit
</UL>
<BR>[Calls]<UL><LI><a href="#[66]">&gt;&gt;</a>&nbsp;&nbsp;&nbsp;WritingArm_SetServoAngle
<LI><a href="#[b3]">&gt;&gt;</a>&nbsp;&nbsp;&nbsp;delay_ms
</UL>
<BR>[Called By]<UL><LI><a href="#[9c]">&gt;&gt;</a>&nbsp;&nbsp;&nbsp;WritingArm_Home
<LI><a href="#[9a]">&gt;&gt;</a>&nbsp;&nbsp;&nbsp;ServoDemo_Run
</UL>

<P><STRONG><a name="[9c]"></a>WritingArm_Home</STRONG> (Thumb, 34 bytes, Stack size 8 bytes, writing_arm.o(.text.WritingArm_Home))
<BR><BR>[Stack]<UL><LI>Max Depth = 96<LI>Call Chain = WritingArm_Home &rArr; WritingArm_EraserUp &rArr; WritingArm_SetServoAngle &rArr; PCA9685_SetServoAngle &rArr; PCA9685_SetChannelPulseUs &rArr; PCA9685_SetPWM &rArr; wr4 &rArr; I2C1_Burst_Transmit
</UL>
<BR>[Calls]<UL><LI><a href="#[a1]">&gt;&gt;</a>&nbsp;&nbsp;&nbsp;WritingArm_EraserUp
<LI><a href="#[9f]">&gt;&gt;</a>&nbsp;&nbsp;&nbsp;WritingArm_PenUp
<LI><a href="#[65]">&gt;&gt;</a>&nbsp;&nbsp;&nbsp;OUTLINED_FUNCTION_1
<LI><a href="#[b3]">&gt;&gt;</a>&nbsp;&nbsp;&nbsp;delay_ms
</UL>
<BR>[Called By]<UL><LI><a href="#[9a]">&gt;&gt;</a>&nbsp;&nbsp;&nbsp;ServoDemo_Run
</UL>

<P><STRONG><a name="[9b]"></a>WritingArm_Init</STRONG> (Thumb, 32 bytes, Stack size 8 bytes, writing_arm.o(.text.WritingArm_Init))
<BR><BR>[Stack]<UL><LI>Max Depth = 40<LI>Call Chain = WritingArm_Init &rArr; PCA9685_Init &rArr; PCA9685_SetPWMFreq
</UL>
<BR>[Calls]<UL><LI><a href="#[86]">&gt;&gt;</a>&nbsp;&nbsp;&nbsp;PCA9685_SetPWMFreq
<LI><a href="#[84]">&gt;&gt;</a>&nbsp;&nbsp;&nbsp;PCA9685_Init
<LI><a href="#[98]">&gt;&gt;</a>&nbsp;&nbsp;&nbsp;I2C1_Init
<LI><a href="#[97]">&gt;&gt;</a>&nbsp;&nbsp;&nbsp;SysTick_Init
</UL>
<BR>[Called By]<UL><LI><a href="#[9a]">&gt;&gt;</a>&nbsp;&nbsp;&nbsp;ServoDemo_Run
</UL>

<P><STRONG><a name="[9d]"></a>WritingArm_MoveToAngles</STRONG> (Thumb, 24 bytes, Stack size 8 bytes, writing_arm.o(.text.WritingArm_MoveToAngles))
<BR><BR>[Stack]<UL><LI>Max Depth = 88<LI>Call Chain = WritingArm_MoveToAngles &rArr; WritingArm_SetServoAngle &rArr; PCA9685_SetServoAngle &rArr; PCA9685_SetChannelPulseUs &rArr; PCA9685_SetPWM &rArr; wr4 &rArr; I2C1_Burst_Transmit
</UL>
<BR>[Calls]<UL><LI><a href="#[66]">&gt;&gt;</a>&nbsp;&nbsp;&nbsp;WritingArm_SetServoAngle
</UL>
<BR>[Called By]<UL><LI><a href="#[9a]">&gt;&gt;</a>&nbsp;&nbsp;&nbsp;ServoDemo_Run
</UL>

<P><STRONG><a name="[9e]"></a>WritingArm_PenDown</STRONG> (Thumb, 20 bytes, Stack size 8 bytes, writing_arm.o(.text.WritingArm_PenDown))
<BR><BR>[Stack]<UL><LI>Max Depth = 88<LI>Call Chain = WritingArm_PenDown &rArr; OUTLINED_FUNCTION_1 &rArr; WritingArm_SetServoAngle &rArr; PCA9685_SetServoAngle &rArr; PCA9685_SetChannelPulseUs &rArr; PCA9685_SetPWM &rArr; wr4 &rArr; I2C1_Burst_Transmit
</UL>
<BR>[Calls]<UL><LI><a href="#[65]">&gt;&gt;</a>&nbsp;&nbsp;&nbsp;OUTLINED_FUNCTION_1
<LI><a href="#[b3]">&gt;&gt;</a>&nbsp;&nbsp;&nbsp;delay_ms
</UL>
<BR>[Called By]<UL><LI><a href="#[9a]">&gt;&gt;</a>&nbsp;&nbsp;&nbsp;ServoDemo_Run
</UL>

<P><STRONG><a name="[9f]"></a>WritingArm_PenUp</STRONG> (Thumb, 22 bytes, Stack size 8 bytes, writing_arm.o(.text.WritingArm_PenUp))
<BR><BR>[Stack]<UL><LI>Max Depth = 88<LI>Call Chain = WritingArm_PenUp &rArr; WritingArm_SetServoAngle &rArr; PCA9685_SetServoAngle &rArr; PCA9685_SetChannelPulseUs &rArr; PCA9685_SetPWM &rArr; wr4 &rArr; I2C1_Burst_Transmit
</UL>
<BR>[Calls]<UL><LI><a href="#[66]">&gt;&gt;</a>&nbsp;&nbsp;&nbsp;WritingArm_SetServoAngle
<LI><a href="#[b3]">&gt;&gt;</a>&nbsp;&nbsp;&nbsp;delay_ms
</UL>
<BR>[Called By]<UL><LI><a href="#[9c]">&gt;&gt;</a>&nbsp;&nbsp;&nbsp;WritingArm_Home
<LI><a href="#[9a]">&gt;&gt;</a>&nbsp;&nbsp;&nbsp;ServoDemo_Run
</UL>

<P><STRONG><a name="[a2]"></a>WritingArm_ServoSweepTest</STRONG> (Thumb, 92 bytes, Stack size 40 bytes, writing_arm.o(.text.WritingArm_ServoSweepTest))
<BR><BR>[Stack]<UL><LI>Max Depth = 104<LI>Call Chain = WritingArm_ServoSweepTest &rArr; OUTLINED_FUNCTION_0 &rArr; PCA9685_SetServoAngle &rArr; PCA9685_SetChannelPulseUs &rArr; PCA9685_SetPWM &rArr; wr4 &rArr; I2C1_Burst_Transmit
</UL>
<BR>[Calls]<UL><LI><a href="#[5c]">&gt;&gt;</a>&nbsp;&nbsp;&nbsp;OUTLINED_FUNCTION_0
<LI><a href="#[b3]">&gt;&gt;</a>&nbsp;&nbsp;&nbsp;delay_ms
</UL>
<BR>[Called By]<UL><LI><a href="#[9a]">&gt;&gt;</a>&nbsp;&nbsp;&nbsp;ServoDemo_Run
</UL>

<P><STRONG><a name="[66]"></a>WritingArm_SetServoAngle</STRONG> (Thumb, 40 bytes, Stack size 16 bytes, writing_arm.o(.text.WritingArm_SetServoAngle))
<BR><BR>[Stack]<UL><LI>Max Depth = 80<LI>Call Chain = WritingArm_SetServoAngle &rArr; PCA9685_SetServoAngle &rArr; PCA9685_SetChannelPulseUs &rArr; PCA9685_SetPWM &rArr; wr4 &rArr; I2C1_Burst_Transmit
</UL>
<BR>[Calls]<UL><LI><a href="#[5d]">&gt;&gt;</a>&nbsp;&nbsp;&nbsp;PCA9685_SetServoAngle
</UL>
<BR>[Called By]<UL><LI><a href="#[9d]">&gt;&gt;</a>&nbsp;&nbsp;&nbsp;WritingArm_MoveToAngles
<LI><a href="#[a1]">&gt;&gt;</a>&nbsp;&nbsp;&nbsp;WritingArm_EraserUp
<LI><a href="#[9f]">&gt;&gt;</a>&nbsp;&nbsp;&nbsp;WritingArm_PenUp
<LI><a href="#[65]">&gt;&gt;</a>&nbsp;&nbsp;&nbsp;OUTLINED_FUNCTION_1
</UL>

<P><STRONG><a name="[b4]"></a>_SlAsyncEventGenericHandler</STRONG> (Thumb, 536 bytes, Stack size 112 bytes, driver.o(.text._SlAsyncEventGenericHandler))
<BR><BR>[Stack]<UL><LI>Max Depth = 200<LI>Call Chain = _SlAsyncEventGenericHandler &rArr; _sl_HandleAsync_PingResponse &rArr; OUTLINED_FUNCTION_1 &rArr; _SlNonOsSemGet &rArr; _SlNonOsMainLoopTask
</UL>
<BR>[Calls]<UL><LI><a href="#[21]">&gt;&gt;</a>&nbsp;&nbsp;&nbsp;_sl_HandleAsync_PingResponse
<LI><a href="#[b6]">&gt;&gt;</a>&nbsp;&nbsp;&nbsp;OUTLINED_FUNCTION_5
<LI><a href="#[68]">&gt;&gt;</a>&nbsp;&nbsp;&nbsp;OUTLINED_FUNCTION_13
<LI><a href="#[82]">&gt;&gt;</a>&nbsp;&nbsp;&nbsp;OUTLINED_FUNCTION_8
<LI><a href="#[b5]">&gt;&gt;</a>&nbsp;&nbsp;&nbsp;OUTLINED_FUNCTION_2
<LI><a href="#[52]">&gt;&gt;</a>&nbsp;&nbsp;&nbsp;OUTLINED_FUNCTION_0
<LI><a href="#[6c]">&gt;&gt;</a>&nbsp;&nbsp;&nbsp;OUTLINED_FUNCTION_17
<LI><a href="#[6d]">&gt;&gt;</a>&nbsp;&nbsp;&nbsp;__aeabi_memclr4
<LI><a href="#[b7]">&gt;&gt;</a>&nbsp;&nbsp;&nbsp;__aeabi_memcpy4
<LI><a href="#[53]">&gt;&gt;</a>&nbsp;&nbsp;&nbsp;__aeabi_memcpy
</UL>
<BR>[Called By]<UL><LI><a href="#[bb]">&gt;&gt;</a>&nbsp;&nbsp;&nbsp;_SlDrvMsgReadCmdCtx
<LI><a href="#[13]">&gt;&gt;</a>&nbsp;&nbsp;&nbsp;_SlDrvMsgReadSpawnCtx
</UL>

<P><STRONG><a name="[b8]"></a>_SlDrvBasicCmd</STRONG> (Thumb, 34 bytes, Stack size 16 bytes, driver.o(.text._SlDrvBasicCmd))
<BR><BR>[Stack]<UL><LI>Max Depth = 256<LI>Call Chain = _SlDrvBasicCmd &rArr; _SlDrvCmdOp &rArr; _SlDrvMsgReadCmdCtx &rArr; _SlAsyncEventGenericHandler &rArr; _sl_HandleAsync_PingResponse &rArr; OUTLINED_FUNCTION_1 &rArr; _SlNonOsSemGet &rArr; _SlNonOsMainLoopTask
</UL>
<BR>[Calls]<UL><LI><a href="#[59]">&gt;&gt;</a>&nbsp;&nbsp;&nbsp;_SlDrvCmdOp
</UL>
<BR>[Called By]<UL><LI><a href="#[df]">&gt;&gt;</a>&nbsp;&nbsp;&nbsp;sl_WlanDisconnect
</UL>

<P><STRONG><a name="[c9]"></a>_SlDrvClassifyRxMsg</STRONG> (Thumb, 116 bytes, Stack size 0 bytes, driver.o(.text._SlDrvClassifyRxMsg))
<BR><BR>[Called By]<UL><LI><a href="#[c7]">&gt;&gt;</a>&nbsp;&nbsp;&nbsp;_SlDrvMsgRead
</UL>

<P><STRONG><a name="[59]"></a>_SlDrvCmdOp</STRONG> (Thumb, 56 bytes, Stack size 24 bytes, driver.o(.text._SlDrvCmdOp))
<BR><BR>[Stack]<UL><LI>Max Depth = 240<LI>Call Chain = _SlDrvCmdOp &rArr; _SlDrvMsgReadCmdCtx &rArr; _SlAsyncEventGenericHandler &rArr; _sl_HandleAsync_PingResponse &rArr; OUTLINED_FUNCTION_1 &rArr; _SlNonOsSemGet &rArr; _SlNonOsMainLoopTask
</UL>
<BR>[Calls]<UL><LI><a href="#[bb]">&gt;&gt;</a>&nbsp;&nbsp;&nbsp;_SlDrvMsgReadCmdCtx
<LI><a href="#[ba]">&gt;&gt;</a>&nbsp;&nbsp;&nbsp;_SlDrvMsgWrite
<LI><a href="#[b9]">&gt;&gt;</a>&nbsp;&nbsp;&nbsp;OUTLINED_FUNCTION_12
<LI><a href="#[56]">&gt;&gt;</a>&nbsp;&nbsp;&nbsp;_SlNonOsSemGet
</UL>
<BR>[Called By]<UL><LI><a href="#[e1]">&gt;&gt;</a>&nbsp;&nbsp;&nbsp;sl_WlanSet
<LI><a href="#[73]">&gt;&gt;</a>&nbsp;&nbsp;&nbsp;sl_WlanPolicySet
<LI><a href="#[58]">&gt;&gt;</a>&nbsp;&nbsp;&nbsp;OUTLINED_FUNCTION_0
<LI><a href="#[b0]">&gt;&gt;</a>&nbsp;&nbsp;&nbsp;sl_SetSockOpt
<LI><a href="#[77]">&gt;&gt;</a>&nbsp;&nbsp;&nbsp;OUTLINED_FUNCTION_3
<LI><a href="#[e0]">&gt;&gt;</a>&nbsp;&nbsp;&nbsp;sl_NetCfgSet
<LI><a href="#[ec]">&gt;&gt;</a>&nbsp;&nbsp;&nbsp;sl_NetAppMDNSRegisterUnregisterService
<LI><a href="#[b8]">&gt;&gt;</a>&nbsp;&nbsp;&nbsp;_SlDrvBasicCmd
<LI><a href="#[dd]">&gt;&gt;</a>&nbsp;&nbsp;&nbsp;sl_DevGet
<LI><a href="#[7b]">&gt;&gt;</a>&nbsp;&nbsp;&nbsp;sl_Stop
</UL>

<P><STRONG><a name="[bc]"></a>_SlDrvCmdSend</STRONG> (Thumb, 28 bytes, Stack size 8 bytes, driver.o(.text._SlDrvCmdSend))
<BR><BR>[Stack]<UL><LI>Max Depth = 56<LI>Call Chain = _SlDrvCmdSend &rArr; _SlDrvMsgWrite &rArr; spi_Write
</UL>
<BR>[Calls]<UL><LI><a href="#[ba]">&gt;&gt;</a>&nbsp;&nbsp;&nbsp;_SlDrvMsgWrite
</UL>
<BR>[Called By]<UL><LI><a href="#[cf]">&gt;&gt;</a>&nbsp;&nbsp;&nbsp;sl_NetAppSendTokenValue
</UL>

<P><STRONG><a name="[bd]"></a>_SlDrvDataReadOp</STRONG> (Thumb, 276 bytes, Stack size 40 bytes, driver.o(.text._SlDrvDataReadOp))
<BR><BR>[Stack]<UL><LI>Max Depth = 120<LI>Call Chain = _SlDrvDataReadOp &rArr; _SlDrvReleasePoolObj &rArr; OUTLINED_FUNCTION_10 &rArr; _SlNonOsSemGet &rArr; _SlNonOsMainLoopTask
</UL>
<BR>[Calls]<UL><LI><a href="#[ba]">&gt;&gt;</a>&nbsp;&nbsp;&nbsp;_SlDrvMsgWrite
<LI><a href="#[7c]">&gt;&gt;</a>&nbsp;&nbsp;&nbsp;OUTLINED_FUNCTION_4
<LI><a href="#[6b]">&gt;&gt;</a>&nbsp;&nbsp;&nbsp;OUTLINED_FUNCTION_16
<LI><a href="#[67]">&gt;&gt;</a>&nbsp;&nbsp;&nbsp;OUTLINED_FUNCTION_10
<LI><a href="#[81]">&gt;&gt;</a>&nbsp;&nbsp;&nbsp;OUTLINED_FUNCTION_7
<LI><a href="#[b9]">&gt;&gt;</a>&nbsp;&nbsp;&nbsp;OUTLINED_FUNCTION_12
<LI><a href="#[69]">&gt;&gt;</a>&nbsp;&nbsp;&nbsp;OUTLINED_FUNCTION_14
<LI><a href="#[51]">&gt;&gt;</a>&nbsp;&nbsp;&nbsp;_SlNonOsSemSet
<LI><a href="#[bf]">&gt;&gt;</a>&nbsp;&nbsp;&nbsp;_SlDrvReleasePoolObj
<LI><a href="#[56]">&gt;&gt;</a>&nbsp;&nbsp;&nbsp;_SlNonOsSemGet
<LI><a href="#[be]">&gt;&gt;</a>&nbsp;&nbsp;&nbsp;_SlDrvWaitForPoolObj
</UL>
<BR>[Called By]<UL><LI><a href="#[b2]">&gt;&gt;</a>&nbsp;&nbsp;&nbsp;sl_Recv
</UL>

<P><STRONG><a name="[c0]"></a>_SlDrvDataWriteOp</STRONG> (Thumb, 236 bytes, Stack size 32 bytes, driver.o(.text._SlDrvDataWriteOp))
<BR><BR>[Stack]<UL><LI>Max Depth = 80<LI>Call Chain = _SlDrvDataWriteOp &rArr; _SlDrvMsgWrite &rArr; spi_Write
</UL>
<BR>[Calls]<UL><LI><a href="#[ba]">&gt;&gt;</a>&nbsp;&nbsp;&nbsp;_SlDrvMsgWrite
<LI><a href="#[7c]">&gt;&gt;</a>&nbsp;&nbsp;&nbsp;OUTLINED_FUNCTION_4
<LI><a href="#[6b]">&gt;&gt;</a>&nbsp;&nbsp;&nbsp;OUTLINED_FUNCTION_16
<LI><a href="#[81]">&gt;&gt;</a>&nbsp;&nbsp;&nbsp;OUTLINED_FUNCTION_7
<LI><a href="#[b9]">&gt;&gt;</a>&nbsp;&nbsp;&nbsp;OUTLINED_FUNCTION_12
<LI><a href="#[69]">&gt;&gt;</a>&nbsp;&nbsp;&nbsp;OUTLINED_FUNCTION_14
<LI><a href="#[56]">&gt;&gt;</a>&nbsp;&nbsp;&nbsp;_SlNonOsSemGet
</UL>
<BR>[Called By]<UL><LI><a href="#[e8]">&gt;&gt;</a>&nbsp;&nbsp;&nbsp;sl_Send
</UL>

<P><STRONG><a name="[12]"></a>_SlDrvDeviceEventHandler</STRONG> (Thumb, 26 bytes, Stack size 0 bytes, device.o(.text._SlDrvDeviceEventHandler))
<BR><BR>[Stack]<UL><LI>Max Depth = 96<LI>Call Chain = _SlDrvDeviceEventHandler &rArr; _sl_HandleAsync_InitComplete &rArr; _SlDrvReleasePoolObj &rArr; OUTLINED_FUNCTION_10 &rArr; _SlNonOsSemGet &rArr; _SlNonOsMainLoopTask
</UL>
<BR>[Calls]<UL><LI><a href="#[22]">&gt;&gt;</a>&nbsp;&nbsp;&nbsp;_sl_HandleAsync_Stop
<LI><a href="#[c1]">&gt;&gt;</a>&nbsp;&nbsp;&nbsp;_sl_HandleAsync_InitComplete
</UL>
<BR>[Address Reference Count : 1]<UL><LI> driver.o(.text._SlDrvClassifyRxMsg)
</UL>
<P><STRONG><a name="[c2]"></a>_SlDrvDriverCBDeinit</STRONG> (Thumb, 100 bytes, Stack size 16 bytes, driver.o(.text._SlDrvDriverCBDeinit))
<BR><BR>[Stack]<UL><LI>Max Depth = 24<LI>Call Chain = _SlDrvDriverCBDeinit &rArr; _SlDrvFlowContDeinit
</UL>
<BR>[Calls]<UL><LI><a href="#[c3]">&gt;&gt;</a>&nbsp;&nbsp;&nbsp;_SlDrvFlowContDeinit
<LI><a href="#[51]">&gt;&gt;</a>&nbsp;&nbsp;&nbsp;_SlNonOsSemSet
</UL>
<BR>[Called By]<UL><LI><a href="#[7b]">&gt;&gt;</a>&nbsp;&nbsp;&nbsp;sl_Stop
</UL>

<P><STRONG><a name="[c4]"></a>_SlDrvDriverCBInit</STRONG> (Thumb, 116 bytes, Stack size 16 bytes, driver.o(.text._SlDrvDriverCBInit))
<BR><BR>[Stack]<UL><LI>Max Depth = 64<LI>Call Chain = _SlDrvDriverCBInit &rArr; _SlNonOsSemGet &rArr; _SlNonOsMainLoopTask
</UL>
<BR>[Calls]<UL><LI><a href="#[c6]">&gt;&gt;</a>&nbsp;&nbsp;&nbsp;_SlDrvFlowContInit
<LI><a href="#[c5]">&gt;&gt;</a>&nbsp;&nbsp;&nbsp;_SlDrvObjInit
<LI><a href="#[6a]">&gt;&gt;</a>&nbsp;&nbsp;&nbsp;OUTLINED_FUNCTION_15
<LI><a href="#[69]">&gt;&gt;</a>&nbsp;&nbsp;&nbsp;OUTLINED_FUNCTION_14
<LI><a href="#[51]">&gt;&gt;</a>&nbsp;&nbsp;&nbsp;_SlNonOsSemSet
<LI><a href="#[56]">&gt;&gt;</a>&nbsp;&nbsp;&nbsp;_SlNonOsSemGet
<LI><a href="#[6d]">&gt;&gt;</a>&nbsp;&nbsp;&nbsp;__aeabi_memclr4
</UL>
<BR>[Called By]<UL><LI><a href="#[5b]">&gt;&gt;</a>&nbsp;&nbsp;&nbsp;sl_Start
</UL>

<P><STRONG><a name="[c3]"></a>_SlDrvFlowContDeinit</STRONG> (Thumb, 40 bytes, Stack size 8 bytes, flowcont.o(.text._SlDrvFlowContDeinit))
<BR><BR>[Stack]<UL><LI>Max Depth = 8<LI>Call Chain = _SlDrvFlowContDeinit
</UL>
<BR>[Calls]<UL><LI><a href="#[51]">&gt;&gt;</a>&nbsp;&nbsp;&nbsp;_SlNonOsSemSet
</UL>
<BR>[Called By]<UL><LI><a href="#[c2]">&gt;&gt;</a>&nbsp;&nbsp;&nbsp;_SlDrvDriverCBDeinit
</UL>

<P><STRONG><a name="[c6]"></a>_SlDrvFlowContInit</STRONG> (Thumb, 40 bytes, Stack size 8 bytes, flowcont.o(.text._SlDrvFlowContInit))
<BR><BR>[Stack]<UL><LI>Max Depth = 8<LI>Call Chain = _SlDrvFlowContInit
</UL>
<BR>[Calls]<UL><LI><a href="#[51]">&gt;&gt;</a>&nbsp;&nbsp;&nbsp;_SlNonOsSemSet
</UL>
<BR>[Called By]<UL><LI><a href="#[c4]">&gt;&gt;</a>&nbsp;&nbsp;&nbsp;_SlDrvDriverCBInit
</UL>

<P><STRONG><a name="[c7]"></a>_SlDrvMsgRead</STRONG> (Thumb, 776 bytes, Stack size 40 bytes, driver.o(.text._SlDrvMsgRead))
<BR><BR>[Stack]<UL><LI>Max Depth = 112<LI>Call Chain = _SlDrvMsgRead &rArr; _SlDrvRxHdrRead &rArr; spi_Read
</UL>
<BR>[Calls]<UL><LI><a href="#[ca]">&gt;&gt;</a>&nbsp;&nbsp;&nbsp;_SlFindAndSetActiveObj
<LI><a href="#[76]">&gt;&gt;</a>&nbsp;&nbsp;&nbsp;spi_Read
<LI><a href="#[c9]">&gt;&gt;</a>&nbsp;&nbsp;&nbsp;_SlDrvClassifyRxMsg
<LI><a href="#[c8]">&gt;&gt;</a>&nbsp;&nbsp;&nbsp;_SlDrvRxHdrRead
<LI><a href="#[cc]">&gt;&gt;</a>&nbsp;&nbsp;&nbsp;OUTLINED_FUNCTION_18
<LI><a href="#[cb]">&gt;&gt;</a>&nbsp;&nbsp;&nbsp;OUTLINED_FUNCTION_11
<LI><a href="#[75]">&gt;&gt;</a>&nbsp;&nbsp;&nbsp;OUTLINED_FUNCTION_3
<LI><a href="#[60]">&gt;&gt;</a>&nbsp;&nbsp;&nbsp;OUTLINED_FUNCTION_1
<LI><a href="#[6a]">&gt;&gt;</a>&nbsp;&nbsp;&nbsp;OUTLINED_FUNCTION_15
<LI><a href="#[51]">&gt;&gt;</a>&nbsp;&nbsp;&nbsp;_SlNonOsSemSet
<LI><a href="#[53]">&gt;&gt;</a>&nbsp;&nbsp;&nbsp;__aeabi_memcpy
</UL>
<BR>[Called By]<UL><LI><a href="#[bb]">&gt;&gt;</a>&nbsp;&nbsp;&nbsp;_SlDrvMsgReadCmdCtx
<LI><a href="#[13]">&gt;&gt;</a>&nbsp;&nbsp;&nbsp;_SlDrvMsgReadSpawnCtx
</UL>

<P><STRONG><a name="[bb]"></a>_SlDrvMsgReadCmdCtx</STRONG> (Thumb, 144 bytes, Stack size 16 bytes, driver.o(.text._SlDrvMsgReadCmdCtx))
<BR><BR>[Stack]<UL><LI>Max Depth = 216<LI>Call Chain = _SlDrvMsgReadCmdCtx &rArr; _SlAsyncEventGenericHandler &rArr; _sl_HandleAsync_PingResponse &rArr; OUTLINED_FUNCTION_1 &rArr; _SlNonOsSemGet &rArr; _SlNonOsMainLoopTask
</UL>
<BR>[Calls]<UL><LI><a href="#[b4]">&gt;&gt;</a>&nbsp;&nbsp;&nbsp;_SlAsyncEventGenericHandler
<LI><a href="#[c7]">&gt;&gt;</a>&nbsp;&nbsp;&nbsp;_SlDrvMsgRead
<LI><a href="#[ce]">&gt;&gt;</a>&nbsp;&nbsp;&nbsp;_SlNonOsSpawn
<LI><a href="#[81]">&gt;&gt;</a>&nbsp;&nbsp;&nbsp;OUTLINED_FUNCTION_7
<LI><a href="#[cd]">&gt;&gt;</a>&nbsp;&nbsp;&nbsp;OUTLINED_FUNCTION_19
<LI><a href="#[83]">&gt;&gt;</a>&nbsp;&nbsp;&nbsp;OUTLINED_FUNCTION_9
<LI><a href="#[56]">&gt;&gt;</a>&nbsp;&nbsp;&nbsp;_SlNonOsSemGet
</UL>
<BR>[Called By]<UL><LI><a href="#[59]">&gt;&gt;</a>&nbsp;&nbsp;&nbsp;_SlDrvCmdOp
</UL>

<P><STRONG><a name="[13]"></a>_SlDrvMsgReadSpawnCtx</STRONG> (Thumb, 120 bytes, Stack size 8 bytes, driver.o(.text._SlDrvMsgReadSpawnCtx))
<BR><BR>[Stack]<UL><LI>Max Depth = 208<LI>Call Chain = _SlDrvMsgReadSpawnCtx &rArr; _SlAsyncEventGenericHandler &rArr; _sl_HandleAsync_PingResponse &rArr; OUTLINED_FUNCTION_1 &rArr; _SlNonOsSemGet &rArr; _SlNonOsMainLoopTask
</UL>
<BR>[Calls]<UL><LI><a href="#[b4]">&gt;&gt;</a>&nbsp;&nbsp;&nbsp;_SlAsyncEventGenericHandler
<LI><a href="#[c7]">&gt;&gt;</a>&nbsp;&nbsp;&nbsp;_SlDrvMsgRead
<LI><a href="#[cd]">&gt;&gt;</a>&nbsp;&nbsp;&nbsp;OUTLINED_FUNCTION_19
<LI><a href="#[83]">&gt;&gt;</a>&nbsp;&nbsp;&nbsp;OUTLINED_FUNCTION_9
<LI><a href="#[b9]">&gt;&gt;</a>&nbsp;&nbsp;&nbsp;OUTLINED_FUNCTION_12
<LI><a href="#[56]">&gt;&gt;</a>&nbsp;&nbsp;&nbsp;_SlNonOsSemGet
</UL>
<BR>[Address Reference Count : 2]<UL><LI> driver.o(.text._SlDrvRxIrqHandler)
<LI> driver.o(.text._SlDrvMsgReadCmdCtx)
</UL>
<P><STRONG><a name="[ba]"></a>_SlDrvMsgWrite</STRONG> (Thumb, 208 bytes, Stack size 16 bytes, driver.o(.text._SlDrvMsgWrite))
<BR><BR>[Stack]<UL><LI>Max Depth = 48<LI>Call Chain = _SlDrvMsgWrite &rArr; spi_Write
</UL>
<BR>[Calls]<UL><LI><a href="#[80]">&gt;&gt;</a>&nbsp;&nbsp;&nbsp;spi_Write
<LI><a href="#[7f]">&gt;&gt;</a>&nbsp;&nbsp;&nbsp;OUTLINED_FUNCTION_6
</UL>
<BR>[Called By]<UL><LI><a href="#[c0]">&gt;&gt;</a>&nbsp;&nbsp;&nbsp;_SlDrvDataWriteOp
<LI><a href="#[bd]">&gt;&gt;</a>&nbsp;&nbsp;&nbsp;_SlDrvDataReadOp
<LI><a href="#[bc]">&gt;&gt;</a>&nbsp;&nbsp;&nbsp;_SlDrvCmdSend
<LI><a href="#[59]">&gt;&gt;</a>&nbsp;&nbsp;&nbsp;_SlDrvCmdOp
</UL>

<P><STRONG><a name="[f]"></a>_SlDrvNetAppEventHandler</STRONG> (Thumb, 208 bytes, Stack size 64 bytes, netapp.o(.text._SlDrvNetAppEventHandler))
<BR><BR>[Stack]<UL><LI>Max Depth = 168<LI>Call Chain = _SlDrvNetAppEventHandler &rArr; sl_NetAppSendTokenValue &rArr; _SlDrvCmdSend &rArr; _SlDrvMsgWrite &rArr; spi_Write
</UL>
<BR>[Calls]<UL><LI><a href="#[a3]">&gt;&gt;</a>&nbsp;&nbsp;&nbsp;SimpleLinkHttpServerCallback
<LI><a href="#[cf]">&gt;&gt;</a>&nbsp;&nbsp;&nbsp;sl_NetAppSendTokenValue
<LI><a href="#[20]">&gt;&gt;</a>&nbsp;&nbsp;&nbsp;_sl_HandleAsync_DnsGetHostByService
<LI><a href="#[1f]">&gt;&gt;</a>&nbsp;&nbsp;&nbsp;_sl_HandleAsync_DnsGetHostByName
<LI><a href="#[21]">&gt;&gt;</a>&nbsp;&nbsp;&nbsp;_sl_HandleAsync_PingResponse
</UL>
<BR>[Address Reference Count : 1]<UL><LI> driver.o(.text._SlDrvClassifyRxMsg)
</UL>
<P><STRONG><a name="[c5]"></a>_SlDrvObjInit</STRONG> (Thumb, 52 bytes, Stack size 8 bytes, driver.o(.text._SlDrvObjInit))
<BR><BR>[Stack]<UL><LI>Max Depth = 8<LI>Call Chain = _SlDrvObjInit
</UL>
<BR>[Calls]<UL><LI><a href="#[6d]">&gt;&gt;</a>&nbsp;&nbsp;&nbsp;__aeabi_memclr4
</UL>
<BR>[Called By]<UL><LI><a href="#[c4]">&gt;&gt;</a>&nbsp;&nbsp;&nbsp;_SlDrvDriverCBInit
</UL>

<P><STRONG><a name="[bf]"></a>_SlDrvReleasePoolObj</STRONG> (Thumb, 220 bytes, Stack size 32 bytes, driver.o(.text._SlDrvReleasePoolObj))
<BR><BR>[Stack]<UL><LI>Max Depth = 80<LI>Call Chain = _SlDrvReleasePoolObj &rArr; OUTLINED_FUNCTION_10 &rArr; _SlNonOsSemGet &rArr; _SlNonOsMainLoopTask
</UL>
<BR>[Calls]<UL><LI><a href="#[d0]">&gt;&gt;</a>&nbsp;&nbsp;&nbsp;_SlRemoveFromList
<LI><a href="#[67]">&gt;&gt;</a>&nbsp;&nbsp;&nbsp;OUTLINED_FUNCTION_10
<LI><a href="#[83]">&gt;&gt;</a>&nbsp;&nbsp;&nbsp;OUTLINED_FUNCTION_9
<LI><a href="#[51]">&gt;&gt;</a>&nbsp;&nbsp;&nbsp;_SlNonOsSemSet
</UL>
<BR>[Called By]<UL><LI><a href="#[af]">&gt;&gt;</a>&nbsp;&nbsp;&nbsp;sl_Accept
<LI><a href="#[bd]">&gt;&gt;</a>&nbsp;&nbsp;&nbsp;_SlDrvDataReadOp
<LI><a href="#[7b]">&gt;&gt;</a>&nbsp;&nbsp;&nbsp;sl_Stop
<LI><a href="#[c1]">&gt;&gt;</a>&nbsp;&nbsp;&nbsp;_sl_HandleAsync_InitComplete
<LI><a href="#[5b]">&gt;&gt;</a>&nbsp;&nbsp;&nbsp;sl_Start
</UL>

<P><STRONG><a name="[c8]"></a>_SlDrvRxHdrRead</STRONG> (Thumb, 280 bytes, Stack size 40 bytes, driver.o(.text._SlDrvRxHdrRead))
<BR><BR>[Stack]<UL><LI>Max Depth = 72<LI>Call Chain = _SlDrvRxHdrRead &rArr; spi_Read
</UL>
<BR>[Calls]<UL><LI><a href="#[d1]">&gt;&gt;</a>&nbsp;&nbsp;&nbsp;_SlDrvShiftDWord
<LI><a href="#[76]">&gt;&gt;</a>&nbsp;&nbsp;&nbsp;spi_Read
<LI><a href="#[80]">&gt;&gt;</a>&nbsp;&nbsp;&nbsp;spi_Write
<LI><a href="#[75]">&gt;&gt;</a>&nbsp;&nbsp;&nbsp;OUTLINED_FUNCTION_3
</UL>
<BR>[Called By]<UL><LI><a href="#[c7]">&gt;&gt;</a>&nbsp;&nbsp;&nbsp;_SlDrvMsgRead
</UL>

<P><STRONG><a name="[19]"></a>_SlDrvRxIrqHandler</STRONG> (Thumb, 52 bytes, Stack size 8 bytes, driver.o(.text._SlDrvRxIrqHandler))
<BR><BR>[Stack]<UL><LI>Max Depth = 16<LI>Call Chain = _SlDrvRxIrqHandler &rArr; _SlNonOsSpawn
</UL>
<BR>[Calls]<UL><LI><a href="#[ce]">&gt;&gt;</a>&nbsp;&nbsp;&nbsp;_SlNonOsSpawn
<LI><a href="#[51]">&gt;&gt;</a>&nbsp;&nbsp;&nbsp;_SlNonOsSemSet
</UL>
<BR>[Address Reference Count : 1]<UL><LI> device.o(.text.sl_Start)
</UL>
<P><STRONG><a name="[d1]"></a>_SlDrvShiftDWord</STRONG> (Thumb, 22 bytes, Stack size 0 bytes, driver.o(.text._SlDrvShiftDWord))
<BR><BR>[Called By]<UL><LI><a href="#[c8]">&gt;&gt;</a>&nbsp;&nbsp;&nbsp;_SlDrvRxHdrRead
</UL>

<P><STRONG><a name="[be]"></a>_SlDrvWaitForPoolObj</STRONG> (Thumb, 220 bytes, Stack size 32 bytes, driver.o(.text._SlDrvWaitForPoolObj))
<BR><BR>[Stack]<UL><LI>Max Depth = 80<LI>Call Chain = _SlDrvWaitForPoolObj &rArr; OUTLINED_FUNCTION_1 &rArr; _SlNonOsSemGet &rArr; _SlNonOsMainLoopTask
</UL>
<BR>[Calls]<UL><LI><a href="#[60]">&gt;&gt;</a>&nbsp;&nbsp;&nbsp;OUTLINED_FUNCTION_1
<LI><a href="#[83]">&gt;&gt;</a>&nbsp;&nbsp;&nbsp;OUTLINED_FUNCTION_9
<LI><a href="#[b9]">&gt;&gt;</a>&nbsp;&nbsp;&nbsp;OUTLINED_FUNCTION_12
<LI><a href="#[56]">&gt;&gt;</a>&nbsp;&nbsp;&nbsp;_SlNonOsSemGet
</UL>
<BR>[Called By]<UL><LI><a href="#[af]">&gt;&gt;</a>&nbsp;&nbsp;&nbsp;sl_Accept
<LI><a href="#[bd]">&gt;&gt;</a>&nbsp;&nbsp;&nbsp;_SlDrvDataReadOp
<LI><a href="#[7b]">&gt;&gt;</a>&nbsp;&nbsp;&nbsp;sl_Stop
<LI><a href="#[5b]">&gt;&gt;</a>&nbsp;&nbsp;&nbsp;sl_Start
</UL>

<P><STRONG><a name="[ca]"></a>_SlFindAndSetActiveObj</STRONG> (Thumb, 144 bytes, Stack size 32 bytes, driver.o(.text._SlFindAndSetActiveObj))
<BR><BR>[Stack]<UL><LI>Max Depth = 32<LI>Call Chain = _SlFindAndSetActiveObj
</UL>
<BR>[Called By]<UL><LI><a href="#[c7]">&gt;&gt;</a>&nbsp;&nbsp;&nbsp;_SlDrvMsgRead
</UL>

<P><STRONG><a name="[3b]"></a>_SlNonOsMainLoopTask</STRONG> (Thumb, 56 bytes, Stack size 24 bytes, nonos.o(.text._SlNonOsMainLoopTask))
<BR><BR>[Stack]<UL><LI>Max Depth = 24<LI>Call Chain = _SlNonOsMainLoopTask
</UL>
<BR>[Called By]<UL><LI><a href="#[56]">&gt;&gt;</a>&nbsp;&nbsp;&nbsp;_SlNonOsSemGet
<LI><a href="#[38]">&gt;&gt;</a>&nbsp;&nbsp;&nbsp;Car_Delay
<LI><a href="#[6]">&gt;&gt;</a>&nbsp;&nbsp;&nbsp;main
<LI><a href="#[d4]">&gt;&gt;</a>&nbsp;&nbsp;&nbsp;delay_ms
</UL>

<P><STRONG><a name="[56]"></a>_SlNonOsSemGet</STRONG> (Thumb, 48 bytes, Stack size 24 bytes, nonos.o(.text._SlNonOsSemGet))
<BR><BR>[Stack]<UL><LI>Max Depth = 48<LI>Call Chain = _SlNonOsSemGet &rArr; _SlNonOsMainLoopTask
</UL>
<BR>[Calls]<UL><LI><a href="#[3b]">&gt;&gt;</a>&nbsp;&nbsp;&nbsp;_SlNonOsMainLoopTask
</UL>
<BR>[Called By]<UL><LI><a href="#[af]">&gt;&gt;</a>&nbsp;&nbsp;&nbsp;sl_Accept
<LI><a href="#[55]">&gt;&gt;</a>&nbsp;&nbsp;&nbsp;OUTLINED_FUNCTION_0
<LI><a href="#[61]">&gt;&gt;</a>&nbsp;&nbsp;&nbsp;OUTLINED_FUNCTION_1
<LI><a href="#[c0]">&gt;&gt;</a>&nbsp;&nbsp;&nbsp;_SlDrvDataWriteOp
<LI><a href="#[bd]">&gt;&gt;</a>&nbsp;&nbsp;&nbsp;_SlDrvDataReadOp
<LI><a href="#[bb]">&gt;&gt;</a>&nbsp;&nbsp;&nbsp;_SlDrvMsgReadCmdCtx
<LI><a href="#[13]">&gt;&gt;</a>&nbsp;&nbsp;&nbsp;_SlDrvMsgReadSpawnCtx
<LI><a href="#[60]">&gt;&gt;</a>&nbsp;&nbsp;&nbsp;OUTLINED_FUNCTION_1
<LI><a href="#[6b]">&gt;&gt;</a>&nbsp;&nbsp;&nbsp;OUTLINED_FUNCTION_16
<LI><a href="#[67]">&gt;&gt;</a>&nbsp;&nbsp;&nbsp;OUTLINED_FUNCTION_10
<LI><a href="#[81]">&gt;&gt;</a>&nbsp;&nbsp;&nbsp;OUTLINED_FUNCTION_7
<LI><a href="#[59]">&gt;&gt;</a>&nbsp;&nbsp;&nbsp;_SlDrvCmdOp
<LI><a href="#[7b]">&gt;&gt;</a>&nbsp;&nbsp;&nbsp;sl_Stop
<LI><a href="#[be]">&gt;&gt;</a>&nbsp;&nbsp;&nbsp;_SlDrvWaitForPoolObj
<LI><a href="#[c4]">&gt;&gt;</a>&nbsp;&nbsp;&nbsp;_SlDrvDriverCBInit
<LI><a href="#[5b]">&gt;&gt;</a>&nbsp;&nbsp;&nbsp;sl_Start
<LI><a href="#[5f]">&gt;&gt;</a>&nbsp;&nbsp;&nbsp;OUTLINED_FUNCTION_1
</UL>

<P><STRONG><a name="[51]"></a>_SlNonOsSemSet</STRONG> (Thumb, 6 bytes, Stack size 0 bytes, nonos.o(.text._SlNonOsSemSet))
<BR><BR>[Called By]<UL><LI><a href="#[af]">&gt;&gt;</a>&nbsp;&nbsp;&nbsp;sl_Accept
<LI><a href="#[62]">&gt;&gt;</a>&nbsp;&nbsp;&nbsp;OUTLINED_FUNCTION_1
<LI><a href="#[6f]">&gt;&gt;</a>&nbsp;&nbsp;&nbsp;OUTLINED_FUNCTION_2
<LI><a href="#[54]">&gt;&gt;</a>&nbsp;&nbsp;&nbsp;OUTLINED_FUNCTION_0
<LI><a href="#[1f]">&gt;&gt;</a>&nbsp;&nbsp;&nbsp;_sl_HandleAsync_DnsGetHostByName
<LI><a href="#[1d]">&gt;&gt;</a>&nbsp;&nbsp;&nbsp;_sl_HandleAsync_Connect
<LI><a href="#[21]">&gt;&gt;</a>&nbsp;&nbsp;&nbsp;_sl_HandleAsync_PingResponse
<LI><a href="#[bd]">&gt;&gt;</a>&nbsp;&nbsp;&nbsp;_SlDrvDataReadOp
<LI><a href="#[c7]">&gt;&gt;</a>&nbsp;&nbsp;&nbsp;_SlDrvMsgRead
<LI><a href="#[c3]">&gt;&gt;</a>&nbsp;&nbsp;&nbsp;_SlDrvFlowContDeinit
<LI><a href="#[c6]">&gt;&gt;</a>&nbsp;&nbsp;&nbsp;_SlDrvFlowContInit
<LI><a href="#[7c]">&gt;&gt;</a>&nbsp;&nbsp;&nbsp;OUTLINED_FUNCTION_4
<LI><a href="#[83]">&gt;&gt;</a>&nbsp;&nbsp;&nbsp;OUTLINED_FUNCTION_9
<LI><a href="#[6a]">&gt;&gt;</a>&nbsp;&nbsp;&nbsp;OUTLINED_FUNCTION_15
<LI><a href="#[69]">&gt;&gt;</a>&nbsp;&nbsp;&nbsp;OUTLINED_FUNCTION_14
<LI><a href="#[c2]">&gt;&gt;</a>&nbsp;&nbsp;&nbsp;_SlDrvDriverCBDeinit
<LI><a href="#[19]">&gt;&gt;</a>&nbsp;&nbsp;&nbsp;_SlDrvRxIrqHandler
<LI><a href="#[bf]">&gt;&gt;</a>&nbsp;&nbsp;&nbsp;_SlDrvReleasePoolObj
<LI><a href="#[c4]">&gt;&gt;</a>&nbsp;&nbsp;&nbsp;_SlDrvDriverCBInit
<LI><a href="#[50]">&gt;&gt;</a>&nbsp;&nbsp;&nbsp;OUTLINED_FUNCTION_0
<LI><a href="#[74]">&gt;&gt;</a>&nbsp;&nbsp;&nbsp;OUTLINED_FUNCTION_3
<LI><a href="#[6e]">&gt;&gt;</a>&nbsp;&nbsp;&nbsp;OUTLINED_FUNCTION_2
</UL>

<P><STRONG><a name="[ce]"></a>_SlNonOsSpawn</STRONG> (Thumb, 28 bytes, Stack size 8 bytes, nonos.o(.text._SlNonOsSpawn))
<BR><BR>[Stack]<UL><LI>Max Depth = 8<LI>Call Chain = _SlNonOsSpawn
</UL>
<BR>[Called By]<UL><LI><a href="#[bb]">&gt;&gt;</a>&nbsp;&nbsp;&nbsp;_SlDrvMsgReadCmdCtx
<LI><a href="#[19]">&gt;&gt;</a>&nbsp;&nbsp;&nbsp;_SlDrvRxIrqHandler
</UL>

<P><STRONG><a name="[d0]"></a>_SlRemoveFromList</STRONG> (Thumb, 64 bytes, Stack size 8 bytes, driver.o(.text._SlRemoveFromList))
<BR><BR>[Stack]<UL><LI>Max Depth = 8<LI>Call Chain = _SlRemoveFromList
</UL>
<BR>[Called By]<UL><LI><a href="#[bf]">&gt;&gt;</a>&nbsp;&nbsp;&nbsp;_SlDrvReleasePoolObj
</UL>

<P><STRONG><a name="[eb]"></a>_sl_BuildAddress</STRONG> (Thumb, 38 bytes, Stack size 0 bytes, socket.o(.text._sl_BuildAddress))
<BR><BR>[Called By]<UL><LI><a href="#[aa]">&gt;&gt;</a>&nbsp;&nbsp;&nbsp;sl_Bind
</UL>

<P><STRONG><a name="[1c]"></a>_sl_HandleAsync_Accept</STRONG> (Thumb, 72 bytes, Stack size 16 bytes, socket.o(.text._sl_HandleAsync_Accept))
<BR><BR>[Stack]<UL><LI>Max Depth = 64<LI>Call Chain = _sl_HandleAsync_Accept &rArr; OUTLINED_FUNCTION_0 &rArr; _SlNonOsSemGet &rArr; _SlNonOsMainLoopTask
</UL>
<BR>[Calls]<UL><LI><a href="#[62]">&gt;&gt;</a>&nbsp;&nbsp;&nbsp;OUTLINED_FUNCTION_1
<LI><a href="#[6f]">&gt;&gt;</a>&nbsp;&nbsp;&nbsp;OUTLINED_FUNCTION_2
<LI><a href="#[55]">&gt;&gt;</a>&nbsp;&nbsp;&nbsp;OUTLINED_FUNCTION_0
<LI><a href="#[53]">&gt;&gt;</a>&nbsp;&nbsp;&nbsp;__aeabi_memcpy
</UL>
<BR>[Address Reference Count : 1]<UL><LI> driver.o(.rodata._SlActionLookupTable)
</UL>
<P><STRONG><a name="[1d]"></a>_sl_HandleAsync_Connect</STRONG> (Thumb, 72 bytes, Stack size 16 bytes, socket.o(.text._sl_HandleAsync_Connect))
<BR><BR>[Stack]<UL><LI>Max Depth = 64<LI>Call Chain = _sl_HandleAsync_Connect &rArr; OUTLINED_FUNCTION_0 &rArr; _SlNonOsSemGet &rArr; _SlNonOsMainLoopTask
</UL>
<BR>[Calls]<UL><LI><a href="#[6f]">&gt;&gt;</a>&nbsp;&nbsp;&nbsp;OUTLINED_FUNCTION_2
<LI><a href="#[55]">&gt;&gt;</a>&nbsp;&nbsp;&nbsp;OUTLINED_FUNCTION_0
<LI><a href="#[51]">&gt;&gt;</a>&nbsp;&nbsp;&nbsp;_SlNonOsSemSet
</UL>
<BR>[Address Reference Count : 1]<UL><LI> driver.o(.rodata._SlActionLookupTable)
</UL>
<P><STRONG><a name="[1f]"></a>_sl_HandleAsync_DnsGetHostByName</STRONG> (Thumb, 88 bytes, Stack size 16 bytes, netapp.o(.text._sl_HandleAsync_DnsGetHostByName))
<BR><BR>[Stack]<UL><LI>Max Depth = 64<LI>Call Chain = _sl_HandleAsync_DnsGetHostByName &rArr; OUTLINED_FUNCTION_1 &rArr; _SlNonOsSemGet &rArr; _SlNonOsMainLoopTask
</UL>
<BR>[Calls]<UL><LI><a href="#[61]">&gt;&gt;</a>&nbsp;&nbsp;&nbsp;OUTLINED_FUNCTION_1
<LI><a href="#[54]">&gt;&gt;</a>&nbsp;&nbsp;&nbsp;OUTLINED_FUNCTION_0
<LI><a href="#[51]">&gt;&gt;</a>&nbsp;&nbsp;&nbsp;_SlNonOsSemSet
<LI><a href="#[53]">&gt;&gt;</a>&nbsp;&nbsp;&nbsp;__aeabi_memcpy
</UL>
<BR>[Called By]<UL><LI><a href="#[f]">&gt;&gt;</a>&nbsp;&nbsp;&nbsp;_SlDrvNetAppEventHandler
</UL>
<BR>[Address Reference Count : 1]<UL><LI> driver.o(.rodata._SlActionLookupTable)
</UL>
<P><STRONG><a name="[20]"></a>_sl_HandleAsync_DnsGetHostByService</STRONG> (Thumb, 84 bytes, Stack size 24 bytes, netapp.o(.text._sl_HandleAsync_DnsGetHostByService))
<BR><BR>[Stack]<UL><LI>Max Depth = 24<LI>Call Chain = _sl_HandleAsync_DnsGetHostByService
</UL>
<BR>[Calls]<UL><LI><a href="#[54]">&gt;&gt;</a>&nbsp;&nbsp;&nbsp;OUTLINED_FUNCTION_0
<LI><a href="#[53]">&gt;&gt;</a>&nbsp;&nbsp;&nbsp;__aeabi_memcpy
</UL>
<BR>[Called By]<UL><LI><a href="#[f]">&gt;&gt;</a>&nbsp;&nbsp;&nbsp;_SlDrvNetAppEventHandler
</UL>
<BR>[Address Reference Count : 1]<UL><LI> driver.o(.rodata._SlActionLookupTable)
</UL>
<P><STRONG><a name="[c1]"></a>_sl_HandleAsync_InitComplete</STRONG> (Thumb, 64 bytes, Stack size 16 bytes, device.o(.text._sl_HandleAsync_InitComplete))
<BR><BR>[Stack]<UL><LI>Max Depth = 96<LI>Call Chain = _sl_HandleAsync_InitComplete &rArr; _SlDrvReleasePoolObj &rArr; OUTLINED_FUNCTION_10 &rArr; _SlNonOsSemGet &rArr; _SlNonOsMainLoopTask
</UL>
<BR>[Calls]<UL><LI><a href="#[bf]">&gt;&gt;</a>&nbsp;&nbsp;&nbsp;_SlDrvReleasePoolObj
<LI><a href="#[d2]">&gt;&gt;</a>&nbsp;&nbsp;&nbsp;GetStartResponseConvert
<LI><a href="#[50]">&gt;&gt;</a>&nbsp;&nbsp;&nbsp;OUTLINED_FUNCTION_0
<LI><a href="#[74]">&gt;&gt;</a>&nbsp;&nbsp;&nbsp;OUTLINED_FUNCTION_3
<LI><a href="#[5f]">&gt;&gt;</a>&nbsp;&nbsp;&nbsp;OUTLINED_FUNCTION_1
</UL>
<BR>[Called By]<UL><LI><a href="#[12]">&gt;&gt;</a>&nbsp;&nbsp;&nbsp;_SlDrvDeviceEventHandler
</UL>

<P><STRONG><a name="[21]"></a>_sl_HandleAsync_PingResponse</STRONG> (Thumb, 108 bytes, Stack size 40 bytes, netapp.o(.text._sl_HandleAsync_PingResponse))
<BR><BR>[Stack]<UL><LI>Max Depth = 88<LI>Call Chain = _sl_HandleAsync_PingResponse &rArr; OUTLINED_FUNCTION_1 &rArr; _SlNonOsSemGet &rArr; _SlNonOsMainLoopTask
</UL>
<BR>[Calls]<UL><LI><a href="#[61]">&gt;&gt;</a>&nbsp;&nbsp;&nbsp;OUTLINED_FUNCTION_1
<LI><a href="#[54]">&gt;&gt;</a>&nbsp;&nbsp;&nbsp;OUTLINED_FUNCTION_0
<LI><a href="#[51]">&gt;&gt;</a>&nbsp;&nbsp;&nbsp;_SlNonOsSemSet
<LI><a href="#[53]">&gt;&gt;</a>&nbsp;&nbsp;&nbsp;__aeabi_memcpy
</UL>
<BR>[Called By]<UL><LI><a href="#[f]">&gt;&gt;</a>&nbsp;&nbsp;&nbsp;_SlDrvNetAppEventHandler
<LI><a href="#[b4]">&gt;&gt;</a>&nbsp;&nbsp;&nbsp;_SlAsyncEventGenericHandler
</UL>
<BR>[Address Reference Count : 1]<UL><LI> driver.o(.rodata._SlActionLookupTable)
</UL>
<P><STRONG><a name="[1e]"></a>_sl_HandleAsync_Select</STRONG> (Thumb, 56 bytes, Stack size 16 bytes, socket.o(.text._sl_HandleAsync_Select))
<BR><BR>[Stack]<UL><LI>Max Depth = 64<LI>Call Chain = _sl_HandleAsync_Select &rArr; OUTLINED_FUNCTION_0 &rArr; _SlNonOsSemGet &rArr; _SlNonOsMainLoopTask
</UL>
<BR>[Calls]<UL><LI><a href="#[62]">&gt;&gt;</a>&nbsp;&nbsp;&nbsp;OUTLINED_FUNCTION_1
<LI><a href="#[6f]">&gt;&gt;</a>&nbsp;&nbsp;&nbsp;OUTLINED_FUNCTION_2
<LI><a href="#[55]">&gt;&gt;</a>&nbsp;&nbsp;&nbsp;OUTLINED_FUNCTION_0
</UL>
<BR>[Address Reference Count : 1]<UL><LI> driver.o(.rodata._SlActionLookupTable)
</UL>
<P><STRONG><a name="[22]"></a>_sl_HandleAsync_Stop</STRONG> (Thumb, 32 bytes, Stack size 16 bytes, device.o(.text._sl_HandleAsync_Stop))
<BR><BR>[Stack]<UL><LI>Max Depth = 64<LI>Call Chain = _sl_HandleAsync_Stop &rArr; OUTLINED_FUNCTION_1 &rArr; _SlNonOsSemGet &rArr; _SlNonOsMainLoopTask
</UL>
<BR>[Calls]<UL><LI><a href="#[50]">&gt;&gt;</a>&nbsp;&nbsp;&nbsp;OUTLINED_FUNCTION_0
<LI><a href="#[74]">&gt;&gt;</a>&nbsp;&nbsp;&nbsp;OUTLINED_FUNCTION_3
<LI><a href="#[5f]">&gt;&gt;</a>&nbsp;&nbsp;&nbsp;OUTLINED_FUNCTION_1
</UL>
<BR>[Called By]<UL><LI><a href="#[12]">&gt;&gt;</a>&nbsp;&nbsp;&nbsp;_SlDrvDeviceEventHandler
</UL>
<BR>[Address Reference Count : 1]<UL><LI> driver.o(.rodata._SlActionLookupTable)
</UL>
<P><STRONG><a name="[7e]"></a>_sl_TruncatePayloadByProtocol</STRONG> (Thumb, 28 bytes, Stack size 0 bytes, socket.o(.text._sl_TruncatePayloadByProtocol))
[...]
<BR><BR>[Called By]<UL><LI><a href="#[b4]">&gt;&gt;</a>&nbsp;&nbsp;&nbsp;_SlAsyncEventGenericHandler
</UL>

<P><STRONG><a name="[54]"></a>OUTLINED_FUNCTION_0</STRONG> (Thumb, 20 bytes, Stack size 0 bytes, netapp.o(.text.OUTLINED_FUNCTION_0))
<BR><BR>[Calls]<UL><LI><a href="#[51]">&gt;&gt;</a>&nbsp;&nbsp;&nbsp;_SlNonOsSemSet
</UL>
<BR>[Called By]<UL><LI><a href="#[20]">&gt;&gt;</a>&nbsp;&nbsp;&nbsp;_sl_HandleAsync_DnsGetHostByService
<LI><a href="#[1f]">&gt;&gt;</a>&nbsp;&nbsp;&nbsp;_sl_HandleAsync_DnsGetHostByName
<LI><a href="#[21]">&gt;&gt;</a>&nbsp;&nbsp;&nbsp;_sl_HandleAsync_PingResponse
</UL>

<P><STRONG><a name="[61]"></a>OUTLINED_FUNCTION_1</STRONG> (Thumb, 14 bytes, Stack size 0 bytes, netapp.o(.text.OUTLINED_FUNCTION_1))
<BR><BR>[Stack]<UL><LI>Max Depth = 48<LI>Call Chain = OUTLINED_FUNCTION_1 &rArr; _SlNonOsSemGet &rArr; _SlNonOsMainLoopTask
</UL>
<BR>[Calls]<UL><LI><a href="#[56]">&gt;&gt;</a>&nbsp;&nbsp;&nbsp;_SlNonOsSemGet
</UL>
<BR>[Called By]<UL><LI><a href="#[1f]">&gt;&gt;</a>&nbsp;&nbsp;&nbsp;_sl_HandleAsync_DnsGetHostByName
<LI><a href="#[21]">&gt;&gt;</a>&nbsp;&nbsp;&nbsp;_sl_HandleAsync_PingResponse
</UL>

<P><STRONG><a name="[77]"></a>OUTLINED_FUNCTION_3</STRONG> (Thumb, 6 bytes, Stack size 0 bytes, socket.o(.text.OUTLINED_FUNCTION_3))
<BR><BR>[Stack]<UL><LI>Max Depth = 240<LI>Call Chain = OUTLINED_FUNCTION_3 &rArr; _SlDrvCmdOp &rArr; _SlDrvMsgReadCmdCtx &rArr; _SlAsyncEventGenericHandler &rArr; _sl_HandleAsync_PingResponse &rArr; OUTLINED_FUNCTION_1 &rArr; _SlNonOsSemGet &rArr; _SlNonOsMainLoopTask
</UL>
<BR>[Calls]<UL><LI><a href="#[59]">&gt;&gt;</a>&nbsp;&nbsp;&nbsp;_SlDrvCmdOp
</UL>
<BR>[Called By]<UL><LI><a href="#[af]">&gt;&gt;</a>&nbsp;&nbsp;&nbsp;sl_Accept
<LI><a href="#[ab]">&gt;&gt;</a>&nbsp;&nbsp;&nbsp;sl_Listen
<LI><a href="#[aa]">&gt;&gt;</a>&nbsp;&nbsp;&nbsp;sl_Bind
<LI><a href="#[ad]">&gt;&gt;</a>&nbsp;&nbsp;&nbsp;sl_Close
<LI><a href="#[a9]">&gt;&gt;</a>&nbsp;&nbsp;&nbsp;sl_Socket
</UL>

<P><STRONG><a name="[7d]"></a>OUTLINED_FUNCTION_4</STRONG> (Thumb, 10 bytes, Stack size 0 bytes, socket.o(.text.OUTLINED_FUNCTION_4))
<BR><BR>[Calls]<UL><LI><a href="#[7e]">&gt;&gt;</a>&nbsp;&nbsp;&nbsp;_sl_TruncatePayloadByProtocol
</UL>
<BR>[Called By]<UL><LI><a href="#[e8]">&gt;&gt;</a>&nbsp;&nbsp;&nbsp;sl_Send
</UL>

<P><STRONG><a name="[55]"></a>OUTLINED_FUNCTION_0</STRONG> (Thumb, 14 bytes, Stack size 0 bytes, socket.o(.text.OUTLINED_FUNCTION_0))
<BR><BR>[Stack]<UL><LI>Max Depth = 48<LI>Call Chain = OUTLINED_FUNCTION_0 &rArr; _SlNonOsSemGet &rArr; _SlNonOsMainLoopTask
</UL>
<BR>[Calls]<UL><LI><a href="#[56]">&gt;&gt;</a>&nbsp;&nbsp;&nbsp;_SlNonOsSemGet
</UL>
<BR>[Called By]<UL><LI><a href="#[af]">&gt;&gt;</a>&nbsp;&nbsp;&nbsp;sl_Accept
<LI><a href="#[1e]">&gt;&gt;</a>&nbsp;&nbsp;&nbsp;_sl_HandleAsync_Select
<LI><a href="#[1d]">&gt;&gt;</a>&nbsp;&nbsp;&nbsp;_sl_HandleAsync_Connect
<LI><a href="#[1c]">&gt;&gt;</a>&nbsp;&nbsp;&nbsp;_sl_HandleAsync_Accept
</UL>

<P><STRONG><a name="[6f]"></a>OUTLINED_FUNCTION_2</STRONG> (Thumb, 10 bytes, Stack size 0 bytes, socket.o(.text.OUTLINED_FUNCTION_2))
<BR><BR>[Calls]<UL><LI><a href="#[51]">&gt;&gt;</a>&nbsp;&nbsp;&nbsp;_SlNonOsSemSet
</UL>
<BR>[Called By]<UL><LI><a href="#[1e]">&gt;&gt;</a>&nbsp;&nbsp;&nbsp;_sl_HandleAsync_Select
<LI><a href="#[1d]">&gt;&gt;</a>&nbsp;&nbsp;&nbsp;_sl_HandleAsync_Connect
<LI><a href="#[1c]">&gt;&gt;</a>&nbsp;&nbsp;&nbsp;_sl_HandleAsync_Accept
</UL>

<P><STRONG><a name="[62]"></a>OUTLINED_FUNCTION_1</STRONG> (Thumb, 22 bytes, Stack size 0 bytes, socket.o(.text.OUTLINED_FUNCTION_1))
<BR><BR>[Calls]<UL><LI><a href="#[51]">&gt;&gt;</a>&nbsp;&nbsp;&nbsp;_SlNonOsSemSet
</UL>
<BR>[Called By]<UL><LI><a href="#[1e]">&gt;&gt;</a>&nbsp;&nbsp;&nbsp;_sl_HandleAsync_Select
<LI><a href="#[1c]">&gt;&gt;</a>&nbsp;&nbsp;&nbsp;_sl_HandleAsync_Accept
</UL>

<P><STRONG><a name="[57]"></a>OUTLINED_FUNCTION_0</STRONG> (Thumb, 8 bytes, Stack size 0 bytes, spi.o(.text.OUTLINED_FUNCTION_0))
<BR><BR>[Calls]<UL><LI><a href="#[36]">&gt;&gt;</a>&nbsp;&nbsp;&nbsp;GPIOPinWrite
</UL>
<BR>[Called By]<UL><LI><a href="#[76]">&gt;&gt;</a>&nbsp;&nbsp;&nbsp;spi_Read
<LI><a href="#[80]">&gt;&gt;</a>&nbsp;&nbsp;&nbsp;spi_Write
<LI><a href="#[ed]">&gt;&gt;</a>&nbsp;&nbsp;&nbsp;spi_Open
</UL>

<P><STRONG><a name="[1]"></a>NmiSR</STRONG> (Thumb, 0 bytes, Stack size unknown bytes, startup_rvmdk.o(RESET))
<BR><BR>[Calls]<UL><LI><a href="#[1]">&gt;&gt;</a>&nbsp;&nbsp;&nbsp;NmiSR
</UL>
<BR>[Called By]<UL><LI><a href="#[1]">&gt;&gt;</a>&nbsp;&nbsp;&nbsp;NmiSR
</UL>
<BR>[Address Reference Count : 1]<UL><LI> startup_rvmdk.o(RESET)
</UL>
<P><STRONG><a name="[2]"></a>FaultISR</STRONG> (Thumb, 0 bytes, Stack size unknown bytes, startup_rvmdk.o(RESET))
<BR><BR>[Calls]<UL><LI><a href="#[2]">&gt;&gt;</a>&nbsp;&nbsp;&nbsp;FaultISR
</UL>
<BR>[Called By]<UL><LI><a href="#[2]">&gt;&gt;</a>&nbsp;&nbsp;&nbsp;FaultISR
</UL>
<BR>[Address Reference Count : 1]<UL><LI> startup_rvmdk.o(RESET)
</UL>
<P><STRONG><a name="[3]"></a>IntDefaultHandler</STRONG> (Thumb, 0 bytes, Stack size unknown bytes, startup_rvmdk.o(RESET))
<BR><BR>[Calls]<UL><LI><a href="#[3]">&gt;&gt;</a>&nbsp;&nbsp;&nbsp;IntDefaultHandler
</UL>
<BR>[Called By]<UL><LI><a href="#[3]">&gt;&gt;</a>&nbsp;&nbsp;&nbsp;IntDefaultHandler
</UL>
<BR>[Address Reference Count : 1]<UL><LI> startup_rvmdk.o(RESET)
</UL>
<P><STRONG><a name="[58]"></a>OUTLINED_FUNCTION_0</STRONG> (Thumb, 6 bytes, Stack size 0 bytes, wlan.o(.text.OUTLINED_FUNCTION_0))
<BR><BR>[Stack]<UL><LI>Max Depth = 240<LI>Call Chain = OUTLINED_FUNCTION_0 &rArr; _SlDrvCmdOp &rArr; _SlDrvMsgReadCmdCtx &rArr; _SlAsyncEventGenericHandler &rArr; _sl_HandleAsync_PingResponse &rArr; OUTLINED_FUNCTION_1 &rArr; _SlNonOsSemGet &rArr; _SlNonOsMainLoopTask
</UL>
<BR>[Calls]<UL><LI><a href="#[59]">&gt;&gt;</a>&nbsp;&nbsp;&nbsp;_SlDrvCmdOp
</UL>
<BR>[Called By]<UL><LI><a href="#[dc]">&gt;&gt;</a>&nbsp;&nbsp;&nbsp;sl_WlanSetMode
<LI><a href="#[de]">&gt;&gt;</a>&nbsp;&nbsp;&nbsp;sl_WlanProfileDel
<LI><a href="#[e3]">&gt;&gt;</a>&nbsp;&nbsp;&nbsp;sl_WlanConnect
</UL>

<P><STRONG><a name="[93]"></a>commonInit</STRONG> (Thumb, 320 bytes, Stack size 32 bytes, st7735.o(.text.commonInit))
<BR><BR>[Stack]<UL><LI>Max Depth = 60<LI>Call Chain = commonInit &rArr; commandList &rArr; Delay1ms
</UL>
<BR>[Calls]<UL><LI><a href="#[94]">&gt;&gt;</a>&nbsp;&nbsp;&nbsp;commandList
<LI><a href="#[d3]">&gt;&gt;</a>&nbsp;&nbsp;&nbsp;OUTLINED_FUNCTION_5
</UL>
<BR>[Called By]<UL><LI><a href="#[92]">&gt;&gt;</a>&nbsp;&nbsp;&nbsp;ST7735_InitR
</UL>

<P><STRONG><a name="[d3]"></a>OUTLINED_FUNCTION_5</STRONG> (Thumb, 10 bytes, Stack size 0 bytes, st7735.o(.text.OUTLINED_FUNCTION_5))
<BR><BR>[Called By]<UL><LI><a href="#[93]">&gt;&gt;</a>&nbsp;&nbsp;&nbsp;commonInit
</UL>

<P><STRONG><a name="[94]"></a>commandList</STRONG> (Thumb, 74 bytes, Stack size 24 bytes, st7735.o(.text.commandList))
<BR><BR>[Stack]<UL><LI>Max Depth = 28<LI>Call Chain = commandList &rArr; Delay1ms
</UL>
<BR>[Calls]<UL><LI><a href="#[14]">&gt;&gt;</a>&nbsp;&nbsp;&nbsp;Delay1ms
<LI><a href="#[18]">&gt;&gt;</a>&nbsp;&nbsp;&nbsp;writedata
<LI><a href="#[17]">&gt;&gt;</a>&nbsp;&nbsp;&nbsp;writecommand
</UL>
<BR>[Called By]<UL><LI><a href="#[92]">&gt;&gt;</a>&nbsp;&nbsp;&nbsp;ST7735_InitR
<LI><a href="#[93]">&gt;&gt;</a>&nbsp;&nbsp;&nbsp;commonInit
</UL>

<P><STRONG><a name="[17]"></a>writecommand</STRONG> (Thumb, 24 bytes, Stack size 0 bytes, st7735.o(.text.writecommand))
<BR><BR>[Called By]<UL><LI><a href="#[92]">&gt;&gt;</a>&nbsp;&nbsp;&nbsp;ST7735_InitR
<LI><a href="#[94]">&gt;&gt;</a>&nbsp;&nbsp;&nbsp;commandList
</UL>
<BR>[Address Reference Count : 1]<UL><LI> st7735.o(.text.setAddrWindow)
</UL>
<P><STRONG><a name="[18]"></a>writedata</STRONG> (Thumb, 20 bytes, Stack size 0 bytes, st7735.o(.text.writedata))
<BR><BR>[Called By]<UL><LI><a href="#[8c]">&gt;&gt;</a>&nbsp;&nbsp;&nbsp;ST7735_BlitRGB565
<LI><a href="#[92]">&gt;&gt;</a>&nbsp;&nbsp;&nbsp;ST7735_InitR
<LI><a href="#[8d]">&gt;&gt;</a>&nbsp;&nbsp;&nbsp;ST7735_FillRect
<LI><a href="#[8f]">&gt;&gt;</a>&nbsp;&nbsp;&nbsp;pushColor
<LI><a href="#[94]">&gt;&gt;</a>&nbsp;&nbsp;&nbsp;commandList
</UL>
<BR>[Address Reference Count : 1]<UL><LI> st7735.o(.text.setAddrWindow)
</UL>
<P><STRONG><a name="[71]"></a>setAddrWindow</STRONG> (Thumb, 96 bytes, Stack size 32 bytes, st7735.o(.text.setAddrWindow))
<BR><BR>[Stack]<UL><LI>Max Depth = 32<LI>Call Chain = setAddrWindow
</UL>
<BR>[Called By]<UL><LI><a href="#[8e]">&gt;&gt;</a>&nbsp;&nbsp;&nbsp;ST7735_DrawPixel
<LI><a href="#[70]">&gt;&gt;</a>&nbsp;&nbsp;&nbsp;OUTLINED_FUNCTION_2
</UL>

<P><STRONG><a name="[8f]"></a>pushColor</STRONG> (Thumb, 20 bytes, Stack size 8 bytes, st7735.o(.text.pushColor))
<BR><BR>[Stack]<UL><LI>Max Depth = 8<LI>Call Chain = pushColor
</UL>
<BR>[Calls]<UL><LI><a href="#[18]">&gt;&gt;</a>&nbsp;&nbsp;&nbsp;writedata
</UL>
<BR>[Called By]<UL><LI><a href="#[8e]">&gt;&gt;</a>&nbsp;&nbsp;&nbsp;ST7735_DrawPixel
</UL>

<P><STRONG><a name="[70]"></a>OUTLINED_FUNCTION_2</STRONG> (Thumb, 14 bytes, Stack size 0 bytes, st7735.o(.text.OUTLINED_FUNCTION_2))
<BR><BR>[Stack]<UL><LI>Max Depth = 32<LI>Call Chain = OUTLINED_FUNCTION_2 &rArr; setAddrWindow
</UL>
<BR>[Calls]<UL><LI><a href="#[71]">&gt;&gt;</a>&nbsp;&nbsp;&nbsp;setAddrWindow
</UL>
<BR>[Called By]<UL><LI><a href="#[8c]">&gt;&gt;</a>&nbsp;&nbsp;&nbsp;ST7735_BlitRGB565
<LI><a href="#[8d]">&gt;&gt;</a>&nbsp;&nbsp;&nbsp;ST7735_FillRect
</UL>

<P><STRONG><a name="[78]"></a>OUTLINED_FUNCTION_3</STRONG> (Thumb, 14 bytes, Stack size 0 bytes, st7735.o(.text.OUTLINED_FUNCTION_3))
<BR><BR>[Stack]<UL><LI>Max Depth = 112<LI>Call Chain = OUTLINED_FUNCTION_3 &rArr; ST7735_DrawCharS &rArr; ST7735_FillRect &rArr; OUTLINED_FUNCTION_2 &rArr; setAddrWindow
</UL>
<BR>[Calls]<UL><LI><a href="#[79]">&gt;&gt;</a>&nbsp;&nbsp;&nbsp;ST7735_DrawCharS
</UL>
<BR>[Called By]<UL><LI><a href="#[e]">&gt;&gt;</a>&nbsp;&nbsp;&nbsp;ST7735_OutChar
<LI><a href="#[a]">&gt;&gt;</a>&nbsp;&nbsp;&nbsp;ST7735_OutUDec
</UL>

<P><STRONG><a name="[a6]"></a>OUTLINED_FUNCTION_0</STRONG> (Thumb, 14 bytes, Stack size 0 bytes, uartstdio.o(.text.OUTLINED_FUNCTION_0))
<BR><BR>[Called By]<UL><LI><a href="#[a5]">&gt;&gt;</a>&nbsp;&nbsp;&nbsp;UARTwrite
</UL>

<P><STRONG><a name="[a4]"></a>UARTPrimeTransmit</STRONG> (Thumb, 100 bytes, Stack size 24 bytes, uartstdio.o(.text.UARTPrimeTransmit))
<BR><BR>[Stack]<UL><LI>Max Depth = 24<LI>Call Chain = UARTPrimeTransmit
</UL>
<BR>[Called By]<UL><LI><a href="#[5]">&gt;&gt;</a>&nbsp;&nbsp;&nbsp;UARTStdioIntHandler
<LI><a href="#[a5]">&gt;&gt;</a>&nbsp;&nbsp;&nbsp;UARTwrite
</UL>

<P><STRONG><a name="[7a]"></a>OUTLINED_FUNCTION_3</STRONG> (Thumb, 6 bytes, Stack size 0 bytes, main.o(.text.OUTLINED_FUNCTION_3))
<BR><BR>[Stack]<UL><LI>Max Depth = 264<LI>Call Chain = OUTLINED_FUNCTION_3 &rArr; sl_Stop &rArr; _SlDrvCmdOp &rArr; _SlDrvMsgReadCmdCtx &rArr; _SlAsyncEventGenericHandler &rArr; _sl_HandleAsync_PingResponse &rArr; OUTLINED_FUNCTION_1 &rArr; _SlNonOsSemGet &rArr; _SlNonOsMainLoopTask
</UL>
<BR>[Calls]<UL><LI><a href="#[7b]">&gt;&gt;</a>&nbsp;&nbsp;&nbsp;sl_Stop
</UL>
<BR>[Called By]<UL><LI><a href="#[6]">&gt;&gt;</a>&nbsp;&nbsp;&nbsp;main
</UL>

<P><STRONG><a name="[5a]"></a>OUTLINED_FUNCTION_0</STRONG> (Thumb, 10 bytes, Stack size 0 bytes, main.o(.text.OUTLINED_FUNCTION_0))
<BR><BR>[Stack]<UL><LI>Max Depth = 104<LI>Call Chain = OUTLINED_FUNCTION_0 &rArr; sl_Start &rArr; _SlDrvReleasePoolObj &rArr; OUTLINED_FUNCTION_10 &rArr; _SlNonOsSemGet &rArr; _SlNonOsMainLoopTask
</UL>
<BR>[Calls]<UL><LI><a href="#[5b]">&gt;&gt;</a>&nbsp;&nbsp;&nbsp;sl_Start
</UL>
<BR>[Called By]<UL><LI><a href="#[6]">&gt;&gt;</a>&nbsp;&nbsp;&nbsp;main
</UL>

<P><STRONG><a name="[72]"></a>OUTLINED_FUNCTION_2</STRONG> (Thumb, 8 bytes, Stack size 0 bytes, main.o(.text.OUTLINED_FUNCTION_2))
<BR><BR>[Stack]<UL><LI>Max Depth = 272<LI>Call Chain = OUTLINED_FUNCTION_2 &rArr; sl_WlanPolicySet &rArr; _SlDrvCmdOp &rArr; _SlDrvMsgReadCmdCtx &rArr; _SlAsyncEventGenericHandler &rArr; _sl_HandleAsync_PingResponse &rArr; OUTLINED_FUNCTION_1 &rArr; _SlNonOsSemGet &rArr; _SlNonOsMainLoopTask
</UL>
<BR>[Calls]<UL><LI><a href="#[73]">&gt;&gt;</a>&nbsp;&nbsp;&nbsp;sl_WlanPolicySet
</UL>
<BR>[Called By]<UL><LI><a href="#[6]">&gt;&gt;</a>&nbsp;&nbsp;&nbsp;main
</UL>

<P><STRONG><a name="[e4]"></a>socket_set_nonblocking</STRONG> (Thumb, 30 bytes, Stack size 16 bytes, main.o(.text.socket_set_nonblocking))
<BR><BR>[Stack]<UL><LI>Max Depth = 288<LI>Call Chain = socket_set_nonblocking &rArr; sl_SetSockOpt &rArr; _SlDrvCmdOp &rArr; _SlDrvMsgReadCmdCtx &rArr; _SlAsyncEventGenericHandler &rArr; _sl_HandleAsync_PingResponse &rArr; OUTLINED_FUNCTION_1 &rArr; _SlNonOsSemGet &rArr; _SlNonOsMainLoopTask
</UL>
<BR>[Calls]<UL><LI><a href="#[b0]">&gt;&gt;</a>&nbsp;&nbsp;&nbsp;sl_SetSockOpt
</UL>
<BR>[Called By]<UL><LI><a href="#[6]">&gt;&gt;</a>&nbsp;&nbsp;&nbsp;main
</UL>

<P><STRONG><a name="[63]"></a>OUTLINED_FUNCTION_1</STRONG> (Thumb, 12 bytes, Stack size 0 bytes, main.o(.text.OUTLINED_FUNCTION_1))
<BR><BR>[Calls]<UL><LI><a href="#[64]">&gt;&gt;</a>&nbsp;&nbsp;&nbsp;LED_BlueOff
</UL>
<BR>[Called By]<UL><LI><a href="#[6]">&gt;&gt;</a>&nbsp;&nbsp;&nbsp;main
</UL>

<P><STRONG><a name="[d4]"></a>delay_ms</STRONG> (Thumb, 24 bytes, Stack size 8 bytes, main.o(.text.delay_ms))
<BR><BR>[Stack]<UL><LI>Max Depth = 32<LI>Call Chain = delay_ms &rArr; _SlNonOsMainLoopTask
</UL>
<BR>[Calls]<UL><LI><a href="#[3b]">&gt;&gt;</a>&nbsp;&nbsp;&nbsp;_SlNonOsMainLoopTask
<LI><a href="#[3a]">&gt;&gt;</a>&nbsp;&nbsp;&nbsp;SysTick_Wait
</UL>
<BR>[Called By]<UL><LI><a href="#[6]">&gt;&gt;</a>&nbsp;&nbsp;&nbsp;main
</UL>

<P><STRONG><a name="[4c]"></a>Dir_Write</STRONG> (Thumb, 36 bytes, Stack size 0 bytes, motor.o(.text.Dir_Write))
<BR><BR>[Called By]<UL><LI><a href="#[45]">&gt;&gt;</a>&nbsp;&nbsp;&nbsp;stop_the_car
<LI><a href="#[44]">&gt;&gt;</a>&nbsp;&nbsp;&nbsp;forward_left
<LI><a href="#[43]">&gt;&gt;</a>&nbsp;&nbsp;&nbsp;Stop
<LI><a href="#[41]">&gt;&gt;</a>&nbsp;&nbsp;&nbsp;OUTLINED_FUNCTION_0
<LI><a href="#[4a]">&gt;&gt;</a>&nbsp;&nbsp;&nbsp;MotorControl_Init
</UL>

<P><STRONG><a name="[38]"></a>Car_Delay</STRONG> (Thumb, 72 bytes, Stack size 16 bytes, motor.o(.text.Car_Delay))
<BR><BR>[Stack]<UL><LI>Max Depth = 104<LI>Call Chain = Car_Delay &rArr; __aeabi_dmul &rArr; _double_epilogue &rArr; _double_round
</UL>
<BR>[Calls]<UL><LI><a href="#[3b]">&gt;&gt;</a>&nbsp;&nbsp;&nbsp;_SlNonOsMainLoopTask
<LI><a href="#[2c]">&gt;&gt;</a>&nbsp;&nbsp;&nbsp;__aeabi_d2uiz
<LI><a href="#[2a]">&gt;&gt;</a>&nbsp;&nbsp;&nbsp;__aeabi_dmul
<LI><a href="#[39]">&gt;&gt;</a>&nbsp;&nbsp;&nbsp;__aeabi_dcmple
<LI><a href="#[3a]">&gt;&gt;</a>&nbsp;&nbsp;&nbsp;SysTick_Wait
</UL>
<BR>[Called By]<UL><LI><a href="#[3c]">&gt;&gt;</a>&nbsp;&nbsp;&nbsp;Car_ProcessCommand
</UL>

<P><STRONG><a name="[41]"></a>OUTLINED_FUNCTION_0</STRONG> (Thumb, 22 bytes, Stack size 8 bytes, motor.o(.text.OUTLINED_FUNCTION_0))
<BR><BR>[Stack]<UL><LI>Max Depth = 8<LI>Call Chain = OUTLINED_FUNCTION_0
</UL>
<BR>[Calls]<UL><LI><a href="#[4c]">&gt;&gt;</a>&nbsp;&nbsp;&nbsp;Dir_Write
</UL>
<BR>[Called By]<UL><LI><a href="#[40]">&gt;&gt;</a>&nbsp;&nbsp;&nbsp;pivot_left
<LI><a href="#[3e]">&gt;&gt;</a>&nbsp;&nbsp;&nbsp;pivot_right
<LI><a href="#[3d]">&gt;&gt;</a>&nbsp;&nbsp;&nbsp;move_forward
<LI><a href="#[3c]">&gt;&gt;</a>&nbsp;&nbsp;&nbsp;Car_ProcessCommand
</UL>

<P><STRONG><a name="[43]"></a>Stop</STRONG> (Thumb, 20 bytes, Stack size 8 bytes, motor.o(.text.Stop))
<BR><BR>[Stack]<UL><LI>Max Depth = 8<LI>Call Chain = Stop
</UL>
<BR>[Calls]<UL><LI><a href="#[42]">&gt;&gt;</a>&nbsp;&nbsp;&nbsp;PWM_Duty
<LI><a href="#[4c]">&gt;&gt;</a>&nbsp;&nbsp;&nbsp;Dir_Write
</UL>
<BR>[Called By]<UL><LI><a href="#[3c]">&gt;&gt;</a>&nbsp;&nbsp;&nbsp;Car_ProcessCommand
</UL>

<P><STRONG><a name="[8b]"></a>OUTLINED_FUNCTION_0</STRONG> (Thumb, 10 bytes, Stack size 0 bytes, pwm.o(.text.OUTLINED_FUNCTION_0))
<BR><BR>[Called By]<UL><LI><a href="#[8a]">&gt;&gt;</a>&nbsp;&nbsp;&nbsp;PWM_PinsToPWM
</UL>

<P><STRONG><a name="[ac]"></a>socket_set_nonblocking</STRONG> (Thumb, 30 bytes, Stack size 16 bytes, video.o(.text.socket_set_nonblocking))
<BR><BR>[Stack]<UL><LI>Max Depth = 288<LI>Call Chain = socket_set_nonblocking &rArr; sl_SetSockOpt &rArr; _SlDrvCmdOp &rArr; _SlDrvMsgReadCmdCtx &rArr; _SlAsyncEventGenericHandler &rArr; _sl_HandleAsync_PingResponse &rArr; OUTLINED_FUNCTION_1 &rArr; _SlNonOsSemGet &rArr; _SlNonOsMainLoopTask
</UL>
<BR>[Calls]<UL><LI><a href="#[b0]">&gt;&gt;</a>&nbsp;&nbsp;&nbsp;sl_SetSockOpt
</UL>
<BR>[Called By]<UL><LI><a href="#[ae]">&gt;&gt;</a>&nbsp;&nbsp;&nbsp;Video_Poll
<LI><a href="#[a7]">&gt;&gt;</a>&nbsp;&nbsp;&nbsp;Video_Init
</UL>

<P><STRONG><a name="[b1]"></a>video_reset_frame</STRONG> (Thumb, 16 bytes, Stack size 0 bytes, video.o(.text.video_reset_frame))
<BR><BR>[Called By]<UL><LI><a href="#[ae]">&gt;&gt;</a>&nbsp;&nbsp;&nbsp;Video_Poll
</UL>

<P><STRONG><a name="[b3]"></a>delay_ms</STRONG> (Thumb, 20 bytes, Stack size 8 bytes, writing_arm.o(.text.delay_ms))
<BR><BR>[Stack]<UL><LI>Max Depth = 8<LI>Call Chain = delay_ms
</UL>
<BR>[Calls]<UL><LI><a href="#[3a]">&gt;&gt;</a>&nbsp;&nbsp;&nbsp;SysTick_Wait
</UL>
<BR>[Called By]<UL><LI><a href="#[a2]">&gt;&gt;</a>&nbsp;&nbsp;&nbsp;WritingArm_ServoSweepTest
<LI><a href="#[9c]">&gt;&gt;</a>&nbsp;&nbsp;&nbsp;WritingArm_Home
<LI><a href="#[a0]">&gt;&gt;</a>&nbsp;&nbsp;&nbsp;WritingArm_EraserDown
<LI><a href="#[a1]">&gt;&gt;</a>&nbsp;&nbsp;&nbsp;WritingArm_EraserUp
<LI><a href="#[9e]">&gt;&gt;</a>&nbsp;&nbsp;&nbsp;WritingArm_PenDown
<LI><a href="#[9f]">&gt;&gt;</a>&nbsp;&nbsp;&nbsp;WritingArm_PenUp
</UL>

<P><STRONG><a name="[65]"></a>OUTLINED_FUNCTION_1</STRONG> (Thumb, 6 bytes, Stack size 0 bytes, writing_arm.o(.text.OUTLINED_FUNCTION_1))
<BR><BR>[Stack]<UL><LI>Max Depth = 80<LI>Call Chain = OUTLINED_FUNCTION_1 &rArr; WritingArm_SetServoAngle &rArr; PCA9685_SetServoAngle &rArr; PCA9685_SetChannelPulseUs &rArr; PCA9685_SetPWM &rArr; wr4 &rArr; I2C1_Burst_Transmit
</UL>
<BR>[Calls]<UL><LI><a href="#[66]">&gt;&gt;</a>&nbsp;&nbsp;&nbsp;WritingArm_SetServoAngle
</UL>
<BR>[Called By]<UL><LI><a href="#[9c]">&gt;&gt;</a>&nbsp;&nbsp;&nbsp;WritingArm_Home
<LI><a href="#[a0]">&gt;&gt;</a>&nbsp;&nbsp;&nbsp;WritingArm_EraserDown
<LI><a href="#[9e]">&gt;&gt;</a>&nbsp;&nbsp;&nbsp;WritingArm_PenDown
</UL>

<P><STRONG><a name="[5c]"></a>OUTLINED_FUNCTION_0</STRONG> (Thumb, 16 bytes, Stack size 0 bytes, writing_arm.o(.text.OUTLINED_FUNCTION_0))
<BR><BR>[Stack]<UL><LI>Max Depth = 64<LI>Call Chain = OUTLINED_FUNCTION_0 &rArr; PCA9685_SetServoAngle &rArr; PCA9685_SetChannelPulseUs &rArr; PCA9685_SetPWM &rArr; wr4 &rArr; I2C1_Burst_Transmit
</UL>
<BR>[Calls]<UL><LI><a href="#[5d]">&gt;&gt;</a>&nbsp;&nbsp;&nbsp;PCA9685_SetServoAngle
</UL>
<BR>[Called By]<UL><LI><a href="#[a2]">&gt;&gt;</a>&nbsp;&nbsp;&nbsp;WritingArm_ServoSweepTest
</UL>

<P><STRONG><a name="[5e]"></a>OUTLINED_FUNCTION_0</STRONG> (Thumb, 6 bytes, Stack size 0 bytes, servo_demo.o(.text.OUTLINED_FUNCTION_0))
<BR><BR>[Stack]<UL><LI>Max Depth = 8<LI>Call Chain = OUTLINED_FUNCTION_0 &rArr; delay_ms
</UL>
<BR>[Calls]<UL><LI><a href="#[b]">&gt;&gt;</a>&nbsp;&nbsp;&nbsp;delay_ms
</UL>
<BR>[Called By]<UL><LI><a href="#[9a]">&gt;&gt;</a>&nbsp;&nbsp;&nbsp;ServoDemo_Run
</UL>

<P><STRONG><a name="[b]"></a>delay_ms</STRONG> (Thumb, 20 bytes, Stack size 8 bytes, servo_demo.o(.text.delay_ms))
<BR><BR>[Stack]<UL><LI>Max Depth = 8<LI>Call Chain = delay_ms
</UL>
<BR>[Calls]<UL><LI><a href="#[3a]">&gt;&gt;</a>&nbsp;&nbsp;&nbsp;SysTick_Wait
</UL>
<BR>[Called By]<UL><LI><a href="#[5e]">&gt;&gt;</a>&nbsp;&nbsp;&nbsp;OUTLINED_FUNCTION_0
</UL>
<BR>[Address Reference Count : 1]<UL><LI> servo_demo.o(.text.ServoDemo_Run)
</UL>
<P><STRONG><a name="[89]"></a>wr4</STRONG> (Thumb, 32 bytes, Stack size 16 bytes, pca9685.o(.text.wr4))
<BR><BR>[Stack]<UL><LI>Max Depth = 32<LI>Call Chain = wr4 &rArr; I2C1_Burst_Transmit
</UL>
<BR>[Calls]<UL><LI><a href="#[fc]">&gt;&gt;</a>&nbsp;&nbsp;&nbsp;I2C1_Burst_Transmit
</UL>
<BR>[Called By]<UL><LI><a href="#[88]">&gt;&gt;</a>&nbsp;&nbsp;&nbsp;PCA9685_SetPWM
</UL>
<P>
<H3>
Undefined Global Symbols
</H3><HR></body></html>
