Component: Arm Compiler for Embedded 6.24 Tool: armlink [5f371500]

==============================================================================

Section Cross References

    board.o(.text.initClk) refers to fpu.o(i.FPUEnable) for FPUEnable
    board.o(.text.initClk) refers to fpu.o(i.FPULazyStackingEnable) for FPULazyStackingEnable
    board.o(.text.initClk) refers to sysctl.o(i.SysCtlClockSet) for SysCtlClockSet
    board.o(.ARM.exidx.text.initClk) refers to board.o(.text.initClk) for [Anonymous Symbol]
    board.o(.ARM.exidx.text.stopWDT) refers to board.o(.text.stopWDT) for [Anonymous Symbol]
    board.o(.text.registerInterruptHandler) refers to board.o(.bss.pIrqEventHandler) for pIrqEventHandler
    board.o(.ARM.exidx.text.registerInterruptHandler) refers to board.o(.text.registerInterruptHandler) for [Anonymous Symbol]
    board.o(.text.CC3100_disable) refers to gpio.o(i.GPIOPinWrite) for GPIOPinWrite
    board.o(.ARM.exidx.text.CC3100_disable) refers to board.o(.text.CC3100_disable) for [Anonymous Symbol]
    board.o(.text.CC3100_enable) refers to gpio.o(i.GPIOPinWrite) for GPIOPinWrite
    board.o(.ARM.exidx.text.CC3100_enable) refers to board.o(.text.CC3100_enable) for [Anonymous Symbol]
    board.o(.text.CC3100_InterruptEnable) refers to gpio.o(i.GPIOIntEnable) for GPIOIntEnable
    board.o(.ARM.exidx.text.CC3100_InterruptEnable) refers to board.o(.text.CC3100_InterruptEnable) for [Anonymous Symbol]
    board.o(.text.CC3100_InterruptDisable) refers to gpio.o(i.GPIOIntDisable) for GPIOIntDisable
    board.o(.ARM.exidx.text.CC3100_InterruptDisable) refers to board.o(.text.CC3100_InterruptDisable) for [Anonymous Symbol]
    board.o(.text.MaskIntHdlr) refers to board.o(.bss.IntIsMasked) for IntIsMasked
    board.o(.ARM.exidx.text.MaskIntHdlr) refers to board.o(.text.MaskIntHdlr) for [Anonymous Symbol]
    board.o(.text.UnMaskIntHdlr) refers to board.o(.bss.IntIsMasked) for IntIsMasked
    board.o(.ARM.exidx.text.UnMaskIntHdlr) refers to board.o(.text.UnMaskIntHdlr) for [Anonymous Symbol]
    board.o(.text.Delay) refers to sysctl.o(i.SysCtlClockGet) for SysCtlClockGet
    board.o(.text.Delay) refers to sysctl.o(.emb_text) for SysCtlDelay
    board.o(.ARM.exidx.text.Delay) refers to board.o(.text.Delay) for [Anonymous Symbol]
    board.o(.text.GPIOB_intHandler) refers to gpio.o(i.GPIOIntStatus) for GPIOIntStatus
    board.o(.text.GPIOB_intHandler) refers to gpio.o(i.GPIOIntClear) for GPIOIntClear
    board.o(.text.GPIOB_intHandler) refers to board.o(.bss.pIrqEventHandler) for pIrqEventHandler
    board.o(.ARM.exidx.text.GPIOB_intHandler) refers to board.o(.text.GPIOB_intHandler) for [Anonymous Symbol]
    board.o(.text.UART1_intHandler) refers to uart.o(.text.UARTIntStatus) for UARTIntStatus
    board.o(.text.UART1_intHandler) refers to uart.o(.text.UARTIntClear) for UARTIntClear
    board.o(.ARM.exidx.text.UART1_intHandler) refers to board.o(.text.UART1_intHandler) for [Anonymous Symbol]
    led.o(.ARM.exidx.text.LED_Init) refers to led.o(.text.LED_Init) for [Anonymous Symbol]
    led.o(.ARM.exidx.text.Board_Input) refers to led.o(.text.Board_Input) for [Anonymous Symbol]
    led.o(.ARM.exidx.text.LED_RedOn) refers to led.o(.text.LED_RedOn) for [Anonymous Symbol]
    led.o(.ARM.exidx.text.LED_RedOff) refers to led.o(.text.LED_RedOff) for [Anonymous Symbol]
    led.o(.ARM.exidx.text.LED_RedToggle) refers to led.o(.text.LED_RedToggle) for [Anonymous Symbol]
    led.o(.ARM.exidx.text.LED_BlueToggle) refers to led.o(.text.LED_BlueToggle) for [Anonymous Symbol]
    led.o(.ARM.exidx.text.LED_GreenToggle) refers to led.o(.text.LED_GreenToggle) for [Anonymous Symbol]
    led.o(.ARM.exidx.text.LED_GreenOn) refers to led.o(.text.LED_GreenOn) for [Anonymous Symbol]
    led.o(.ARM.exidx.text.LED_GreenOff) refers to led.o(.text.LED_GreenOff) for [Anonymous Symbol]
    device.o(.text.sl_Task) refers to nonos.o(.text._SlNonOsMainLoopTask) for _SlNonOsMainLoopTask
    device.o(.ARM.exidx.text.sl_Task) refers to device.o(.text.sl_Task) for [Anonymous Symbol]
    device.o(.ARM.exidx.text.GetStartResponseConvert) refers to device.o(.text.GetStartResponseConvert) for [Anonymous Symbol]
    device.o(.text.sl_Start) refers to driver.o(.text._SlDrvDriverCBInit) for _SlDrvDriverCBInit
    device.o(.text.sl_Start) refers to spi.o(.text.spi_Open) for spi_Open
    device.o(.text.sl_Start) refers to driver.o(.text._SlDrvWaitForPoolObj) for _SlDrvWaitForPoolObj
    device.o(.text.sl_Start) refers to nonos.o(.text._SlNonOsSemGet) for _SlNonOsSemGet
    device.o(.text.sl_Start) refers to device.o(.text.OUTLINED_FUNCTION_2) for OUTLINED_FUNCTION_2
    device.o(.text.sl_Start) refers to board.o(.text.CC3100_disable) for CC3100_disable
    device.o(.text.sl_Start) refers to board.o(.text.registerInterruptHandler) for registerInterruptHandler
    device.o(.text.sl_Start) refers to board.o(.text.CC3100_enable) for CC3100_enable
    device.o(.text.sl_Start) refers to driver.o(.text._SlDrvReleasePoolObj) for _SlDrvReleasePoolObj
[...]
    __arm_cp.1_1                             0x00000e18   Number         4  gpio.o(.text.PortF_Init)
    __arm_cp.1_2                             0x00000e1c   Number         4  gpio.o(.text.PortF_Init)
    __arm_cp.1_3                             0x00000e20   Number         4  gpio.o(.text.PortF_Init)
    [Anonymous Symbol]                       0x00000e24   Section        0  st7735.o(.text.ST7735_DrawCharS)
    __arm_cp.21_1                            0x00000ef4   Number         4  st7735.o(.text.ST7735_DrawCharS)
    [Anonymous Symbol]                       0x00000ef8   Section        0  st7735.o(.text.ST7735_DrawPixel)
    [Anonymous Symbol]                       0x00000f3c   Section        0  st7735.o(.text.ST7735_DrawString)
    [Anonymous Symbol]                       0x00000f88   Section        0  st7735.o(.text.ST7735_FillRect)
    [Anonymous Symbol]                       0x00001004   Section        0  st7735.o(.text.ST7735_FillScreen)
    [Anonymous Symbol]                       0x00001028   Section        0  st7735.o(.text.ST7735_InitR)
    __arm_cp.5_0                             0x00001080   Number         4  st7735.o(.text.ST7735_InitR)
    __arm_cp.5_1                             0x00001084   Number         4  st7735.o(.text.ST7735_InitR)
    __arm_cp.5_2                             0x00001088   Number         4  st7735.o(.text.ST7735_InitR)
    __arm_cp.5_4                             0x0000108c   Number         4  st7735.o(.text.ST7735_InitR)
    [Anonymous Symbol]                       0x00001090   Section        0  st7735.o(.text.ST7735_OutChar)
    __arm_cp.36_0                            0x00001110   Number         4  st7735.o(.text.ST7735_OutChar)
    __arm_cp.36_1                            0x00001114   Number         4  st7735.o(.text.ST7735_OutChar)
    __arm_cp.36_2                            0x00001118   Number         4  st7735.o(.text.ST7735_OutChar)
    [Anonymous Symbol]                       0x00001134   Section        0  st7735.o(.text.ST7735_OutString)
    [Anonymous Symbol]                       0x00001148   Section        0  st7735.o(.text.ST7735_OutUDec)
    [Anonymous Symbol]                       0x0000118c   Section        0  st7735.o(.text.ST7735_SetCursor)
    __arm_cp.3_0                             0x0000119c   Number         4  st7735.o(.text.ST7735_SetCursor)
    [Anonymous Symbol]                       0x000011a0   Section        0  st7735.o(.text.ST7735_SetTextColor)
    __arm_cp.38_0                            0x000011a8   Number         4  st7735.o(.text.ST7735_SetTextColor)
    [Anonymous Symbol]                       0x000011ac   Section        0  main.o(.text.SimpleLinkHttpServerCallback)
    [Anonymous Symbol]                       0x000011d8   Section        0  main.o(.text.SimpleLinkNetAppEventHandler)
    __arm_cp.5_3                             0x000012b4   Number         4  main.o(.text.SimpleLinkNetAppEventHandler)
    __arm_cp.5_4                             0x000012b8   Number         4  main.o(.text.SimpleLinkNetAppEventHandler)
    __arm_cp.5_5                             0x000012bc   Number         4  main.o(.text.SimpleLinkNetAppEventHandler)
    __arm_cp.5_7                             0x000012c0   Number         4  main.o(.text.SimpleLinkNetAppEventHandler)
    __arm_cp.5_8                             0x000012c4   Number         4  main.o(.text.SimpleLinkNetAppEventHandler)
    [Anonymous Symbol]                       0x000012c8   Section        0  main.o(.text.SimpleLinkWlanEventHandler)
    __arm_cp.4_0                             0x00001338   Number         4  main.o(.text.SimpleLinkWlanEventHandler)
    __arm_cp.4_3                             0x00001388   Number         4  main.o(.text.SimpleLinkWlanEventHandler)
    __arm_cp.4_4                             0x0000138c   Number         4  main.o(.text.SimpleLinkWlanEventHandler)
    [Anonymous Symbol]                       0x000013b4   Section        0  systick.o(.text.SysTick_Init)
    [Anonymous Symbol]                       0x000013bc   Section        0  systick.o(.text.SysTick_Wait)
    __arm_cp.0_0                             0x000013e0   Number         4  systick.o(.text.SysTick_Wait)
    UARTPrimeTransmit                        0x000013e5   Thumb Code   100  uartstdio.o(.text.UARTPrimeTransmit)
    [Anonymous Symbol]                       0x000013e4   Section        0  uartstdio.o(.text.UARTPrimeTransmit)
    __arm_cp.4_1                             0x00001448   Number         4  uartstdio.o(.text.UARTPrimeTransmit)
    [Anonymous Symbol]                       0x0000144c   Section        0  uartstdio.o(.text.UARTStdioIntHandler)
    __arm_cp.14_0                            0x00001550   Number         4  uartstdio.o(.text.UARTStdioIntHandler)
    __arm_cp.14_1                            0x00001554   Number         4  uartstdio.o(.text.UARTStdioIntHandler)
    __arm_cp.14_4                            0x00001560   Number         4  uartstdio.o(.text.UARTStdioIntHandler)
    [Anonymous Symbol]                       0x00001564   Section        0  uart0.o(.text.UART_Init)
    __arm_cp.0_0                             0x000015bc   Number         4  uart0.o(.text.UART_Init)
    __arm_cp.0_1                             0x000015c0   Number         4  uart0.o(.text.UART_Init)
    __arm_cp.0_2                             0x000015c4   Number         4  uart0.o(.text.UART_Init)
    [Anonymous Symbol]                       0x000015c8   Section        0  uart0.o(.text.UART_OutChar)
    __arm_cp.2_0                             0x000015d4   Number         4  uart0.o(.text.UART_OutChar)
    [Anonymous Symbol]                       0x000015d8   Section        0  uart0.o(.text.UART_OutString)
    [Anonymous Symbol]                       0x000015ea   Section        0  uart0.o(.text.UART_OutUDec)
    [Anonymous Symbol]                       0x00001614   Section        0  uartstdio.o(.text.UARTwrite)
    __arm_cp.3_0                             0x00001678   Number         4  uartstdio.o(.text.UARTwrite)
    __arm_cp.3_1                             0x0000167c   Number         4  uartstdio.o(.text.UARTwrite)
    __arm_cp.3_2                             0x00001680   Number         4  uartstdio.o(.text.UARTwrite)
    [Anonymous Symbol]                       0x00001684   Section        0  driver.o(.text._SlAsyncEventGenericHandler)
    [Anonymous Symbol]                       0x0000189c   Section        0  driver.o(.text._SlDrvBasicCmd)
    [Anonymous Symbol]                       0x000018c0   Section        0  driver.o(.text._SlDrvClassifyRxMsg)
    __arm_cp.16_1                            0x00001934   Number         4  driver.o(.text._SlDrvClassifyRxMsg)
    __arm_cp.16_2                            0x00001938   Number         4  driver.o(.text._SlDrvClassifyRxMsg)
    __arm_cp.16_3                            0x0000193c   Number         4  driver.o(.text._SlDrvClassifyRxMsg)
    __arm_cp.16_4                            0x00001940   Number         4  driver.o(.text._SlDrvClassifyRxMsg)
    [Anonymous Symbol]                       0x00001944   Section        0  driver.o(.text._SlDrvCmdOp)
    [Anonymous Symbol]                       0x0000197c   Section        0  driver.o(.text._SlDrvCmdSend)
    __arm_cp.9_0                             0x00001998   Number         4  driver.o(.text._SlDrvCmdSend)
    [Anonymous Symbol]                       0x0000199c   Section        0  driver.o(.text._SlDrvDataReadOp)
    __arm_cp.10_0                            0x00001ab0   Number         4  driver.o(.text._SlDrvDataReadOp)
    [Anonymous Symbol]                       0x00001ab4   Section        0  driver.o(.text._SlDrvDataWriteOp)
    [Anonymous Symbol]                       0x00001ba0   Section        0  device.o(.text._SlDrvDeviceEventHandler)
    [Anonymous Symbol]                       0x00001bbc   Section        0  driver.o(.text._SlDrvDriverCBDeinit)
    [Anonymous Symbol]                       0x00001c20   Section        0  driver.o(.text._SlDrvDriverCBInit)
    __arm_cp.0_1                             0x00001c94   Number         4  driver.o(.text._SlDrvDriverCBInit)
    [Anonymous Symbol]                       0x00001c98   Section        0  flowcont.o(.text._SlDrvFlowContDeinit)
    [Anonymous Symbol]                       0x00001cc0   Section        0  flowcont.o(.text._SlDrvFlowContInit)
    __arm_cp.0_0                             0x00001ce8   Number         4  flowcont.o(.text._SlDrvFlowContInit)
    [Anonymous Symbol]                       0x00001cec   Section        0  driver.o(.text._SlDrvMsgRead)
    __arm_cp.14_0                            0x00001ff4   Number         4  driver.o(.text._SlDrvMsgRead)
    __arm_cp.14_1                            0x00001ff8   Number         4  driver.o(.text._SlDrvMsgRead)
    [Anonymous Symbol]                       0x00001ffc   Section        0  driver.o(.text._SlDrvMsgReadCmdCtx)
    __arm_cp.8_0                             0x0000208c   Number         4  driver.o(.text._SlDrvMsgReadCmdCtx)
    __arm_cp.8_1                             0x00002090   Number         4  driver.o(.text._SlDrvMsgReadCmdCtx)
    [Anonymous Symbol]                       0x00002094   Section        0  driver.o(.text._SlDrvMsgReadSpawnCtx)
    __arm_cp.5_0                             0x0000210c   Number         4  driver.o(.text._SlDrvMsgReadSpawnCtx)
    [Anonymous Symbol]                       0x00002110   Section        0  driver.o(.text._SlDrvMsgWrite)
    __arm_cp.7_1                             0x000021e0   Number         4  driver.o(.text._SlDrvMsgWrite)
    [Anonymous Symbol]                       0x000021e4   Section        0  netapp.o(.text._SlDrvNetAppEventHandler)
    [Anonymous Symbol]                       0x000022b4   Section        0  driver.o(.text._SlDrvObjInit)
    [Anonymous Symbol]                       0x000022e8   Section        0  driver.o(.text._SlDrvReleasePoolObj)
    __arm_cp.12_0                            0x000023c4   Number         4  driver.o(.text._SlDrvReleasePoolObj)
    [Anonymous Symbol]                       0x000023c8   Section        0  driver.o(.text._SlDrvRxHdrRead)
    __arm_cp.15_0                            0x000024e0   Number         4  driver.o(.text._SlDrvRxHdrRead)
    __arm_cp.15_1                            0x000024e4   Number         4  driver.o(.text._SlDrvRxHdrRead)
    __arm_cp.15_2                            0x000024e8   Number         4  driver.o(.text._SlDrvRxHdrRead)
    __arm_cp.15_3                            0x000024ec   Number         4  driver.o(.text._SlDrvRxHdrRead)
    [Anonymous Symbol]                       0x000024f0   Section        0  driver.o(.text._SlDrvRxIrqHandler)
    __arm_cp.4_1                             0x00002524   Number         4  driver.o(.text._SlDrvRxIrqHandler)
    [Anonymous Symbol]                       0x00002528   Section        0  driver.o(.text._SlDrvShiftDWord)
    [Anonymous Symbol]                       0x00002540   Section        0  driver.o(.text._SlDrvWaitForPoolObj)
    __arm_cp.11_0                            0x0000261c   Number         4  driver.o(.text._SlDrvWaitForPoolObj)
    [Anonymous Symbol]                       0x00002620   Section        0  driver.o(.text._SlFindAndSetActiveObj)
    __arm_cp.17_1                            0x000026b0   Number         4  driver.o(.text._SlFindAndSetActiveObj)
    __arm_cp.17_2                            0x000026b4   Number         4  driver.o(.text._SlFindAndSetActiveObj)
    [Anonymous Symbol]                       0x000026b8   Section        0  nonos.o(.text._SlNonOsMainLoopTask)
    [Anonymous Symbol]                       0x000026f0   Section        0  nonos.o(.text._SlNonOsSemGet)
    [Anonymous Symbol]                       0x00002720   Section        0  nonos.o(.text._SlNonOsSemSet)
    [Anonymous Symbol]                       0x00002728   Section        0  nonos.o(.text._SlNonOsSpawn)
    __arm_cp.3_0                             0x00002744   Number         4  nonos.o(.text._SlNonOsSpawn)
    [Anonymous Symbol]                       0x00002748   Section        0  driver.o(.text._SlRemoveFromList)
    __arm_cp.21_0                            0x00002788   Number         4  driver.o(.text._SlRemoveFromList)
    [Anonymous Symbol]                       0x0000278c   Section        0  socket.o(.text._sl_BuildAddress)
    [Anonymous Symbol]                       0x000027b4   Section        0  socket.o(.text._sl_HandleAsync_Accept)
    [Anonymous Symbol]                       0x000027fc   Section        0  socket.o(.text._sl_HandleAsync_Connect)
    [Anonymous Symbol]                       0x00002844   Section        0  netapp.o(.text._sl_HandleAsync_DnsGetHostByName)
    __arm_cp.10_0                            0x0000289c   Number         4  netapp.o(.text._sl_HandleAsync_DnsGetHostByName)
    [Anonymous Symbol]                       0x000028a0   Section        0  netapp.o(.text._sl_HandleAsync_DnsGetHostByService)
    __arm_cp.7_0                             0x000028f4   Number         4  netapp.o(.text._sl_HandleAsync_DnsGetHostByService)
    [Anonymous Symbol]                       0x000028f8   Section        0  device.o(.text._sl_HandleAsync_InitComplete)
    __arm_cp.3_0                             0x00002938   Number         4  device.o(.text._sl_HandleAsync_InitComplete)
    [Anonymous Symbol]                       0x0000293c   Section        0  netapp.o(.text._sl_HandleAsync_PingResponse)
    __arm_cp.12_0                            0x000029a8   Number         4  netapp.o(.text._sl_HandleAsync_PingResponse)
    [Anonymous Symbol]                       0x000029ac   Section        0  socket.o(.text._sl_HandleAsync_Select)
    [Anonymous Symbol]                       0x000029e4   Section        0  device.o(.text._sl_HandleAsync_Stop)
    __arm_cp.4_0                             0x00002a04   Number         4  device.o(.text._sl_HandleAsync_Stop)
    [Anonymous Symbol]                       0x00002a08   Section        0  socket.o(.text._sl_TruncatePayloadByProtocol)
    commandList                              0x00002a51   Thumb Code    74  st7735.o(.text.commandList)
    [Anonymous Symbol]                       0x00002a50   Section        0  st7735.o(.text.commandList)
    commonInit                               0x00002a9d   Thumb Code   248  st7735.o(.text.commonInit)
    [Anonymous Symbol]                       0x00002a9c   Section        0  st7735.o(.text.commonInit)
    __arm_cp.2_1                             0x00002b94   Number         4  st7735.o(.text.commonInit)
    __arm_cp.2_2                             0x00002b98   Number         4  st7735.o(.text.commonInit)
    __arm_cp.2_3                             0x00002b9c   Number         4  st7735.o(.text.commonInit)
    __arm_cp.2_4                             0x00002ba0   Number         4  st7735.o(.text.commonInit)
    __arm_cp.2_5                             0x00002ba4   Number         4  st7735.o(.text.commonInit)
    __arm_cp.2_6                             0x00002ba8   Number         4  st7735.o(.text.commonInit)
    __arm_cp.2_7                             0x00002bac   Number         4  st7735.o(.text.commonInit)
    __arm_cp.2_8                             0x00002bb0   Number         4  st7735.o(.text.commonInit)
    __arm_cp.2_9                             0x00002bb4   Number         4  st7735.o(.text.commonInit)
    __arm_cp.2_10                            0x00002bb8   Number         4  st7735.o(.text.commonInit)
    __arm_cp.2_11                            0x00002bbc   Number         4  st7735.o(.text.commonInit)
    delay_ms                                 0x00002bc1   Thumb Code    24  main.o(.text.delay_ms)
    [Anonymous Symbol]                       0x00002bc0   Section        0  main.o(.text.delay_ms)
    [Anonymous Symbol]                       0x00002bd8   Section        0  st7735.o(.text.fillmessage)
    __arm_cp.24_0                            0x00002c0c   Number         4  st7735.o(.text.fillmessage)
    [Anonymous Symbol]                       0x00002c10   Section        0  board.o(.text.initClk)
    __arm_cp.0_0                             0x00002c24   Number         4  board.o(.text.initClk)
    [Anonymous Symbol]                       0x00002c28   Section        0  main.o(.text.main)
    __arm_cp.1_2                             0x000032e0   Number         4  main.o(.text.main)
    __arm_cp.1_3                             0x000032e4   Number         4  main.o(.text.main)
    __arm_cp.1_4                             0x000032e8   Number         4  main.o(.text.main)
    __arm_cp.1_5                             0x000032ec   Number         4  main.o(.text.main)
    __arm_cp.1_6                             0x000032f0   Number         4  main.o(.text.main)
    __arm_cp.1_7                             0x000032f4   Number         4  main.o(.text.main)
    __arm_cp.1_8                             0x000032f8   Number         4  main.o(.text.main)
    __arm_cp.1_9                             0x000032fc   Number         4  main.o(.text.main)
    __arm_cp.1_10                            0x00003300   Number         4  main.o(.text.main)
    __arm_cp.1_11                            0x00003304   Number         4  main.o(.text.main)
    __arm_cp.1_15                            0x00003360   Number         4  main.o(.text.main)
    __arm_cp.1_16                            0x00003364   Number         4  main.o(.text.main)
    __arm_cp.1_17                            0x00003368   Number         4  main.o(.text.main)
    __arm_cp.1_19                            0x00003374   Number         4  main.o(.text.main)
    __arm_cp.1_20                            0x00003378   Number         4  main.o(.text.main)
    __arm_cp.1_21                            0x0000337c   Number         4  main.o(.text.main)
    __arm_cp.1_23                            0x00003384   Number         4  main.o(.text.main)
    __arm_cp.1_24                            0x00003388   Number         4  main.o(.text.main)
    __arm_cp.1_25                            0x0000338c   Number         4  main.o(.text.main)
    __arm_cp.1_27                            0x00003398   Number         4  main.o(.text.main)
    __arm_cp.1_28                            0x0000339c   Number         4  main.o(.text.main)
    __arm_cp.1_29                            0x000033a0   Number         4  main.o(.text.main)
    __arm_cp.1_30                            0x000033a4   Number         4  main.o(.text.main)
    __arm_cp.1_31                            0x000033a8   Number         4  main.o(.text.main)
    __arm_cp.1_32                            0x000033ac   Number         4  main.o(.text.main)
    __arm_cp.1_33                            0x000033b0   Number         4  main.o(.text.main)
    __arm_cp.1_34                            0x000033b4   Number         4  main.o(.text.main)
    __arm_cp.1_35                            0x000033b8   Number         4  main.o(.text.main)
    __arm_cp.1_37                            0x000033c0   Number         4  main.o(.text.main)
    __arm_cp.1_38                            0x000033c4   Number         4  main.o(.text.main)
    __arm_cp.1_39                            0x000033c8   Number         4  main.o(.text.main)
    pushColor                                0x000033cd   Thumb Code    20  st7735.o(.text.pushColor)
    [Anonymous Symbol]                       0x000033cc   Section        0  st7735.o(.text.pushColor)
    [Anonymous Symbol]                       0x000033e0   Section        0  board.o(.text.registerInterruptHandler)
    __arm_cp.2_0                             0x000033e8   Number         4  board.o(.text.registerInterruptHandler)
    setAddrWindow                            0x000033ed   Thumb Code    96  st7735.o(.text.setAddrWindow)
    [Anonymous Symbol]                       0x000033ec   Section        0  st7735.o(.text.setAddrWindow)
    __arm_cp.10_0                            0x0000344c   Number         4  st7735.o(.text.setAddrWindow)
    __arm_cp.10_1                            0x00003450   Number         4  st7735.o(.text.setAddrWindow)
    __arm_cp.10_2                            0x00003454   Number         4  st7735.o(.text.setAddrWindow)
    [Anonymous Symbol]                       0x00003458   Section        0  socket.o(.text.sl_Accept)
    __arm_cp.12_0                            0x00003554   Number         4  socket.o(.text.sl_Accept)
    __arm_cp.12_2                            0x00003558   Number         4  socket.o(.text.sl_Accept)
    [Anonymous Symbol]                       0x0000355c   Section        0  socket.o(.text.sl_Bind)
    [Anonymous Symbol]                       0x000035b0   Section        0  socket.o(.text.sl_Close)
    __arm_cp.4_0                             0x000035c8   Number         4  socket.o(.text.sl_Close)
    [Anonymous Symbol]                       0x000035cc   Section        0  device.o(.text.sl_DevGet)
    __arm_cp.8_0                             0x00003630   Number         4  device.o(.text.sl_DevGet)
    __arm_cp.8_1                             0x00003634   Number         4  device.o(.text.sl_DevGet)
    [Anonymous Symbol]                       0x00003638   Section        0  socket.o(.text.sl_Htons)
    [Anonymous Symbol]                       0x0000363c   Section        0  socket.o(.text.sl_Listen)
    __arm_cp.11_0                            0x00003658   Number         4  socket.o(.text.sl_Listen)
    [Anonymous Symbol]                       0x0000365c   Section        0  netapp.o(.text.sl_NetAppMDNSRegisterUnregisterService)
    __arm_cp.3_0                             0x000036d4   Number         4  netapp.o(.text.sl_NetAppMDNSRegisterUnregisterService)
    [Anonymous Symbol]                       0x000036d8   Section        0  netapp.o(.text.sl_NetAppMDNSUnRegisterService)
    [Anonymous Symbol]                       0x000036ec   Section        0  netapp.o(.text.sl_NetAppSendTokenValue)
    __arm_cp.15_0                            0x00003734   Number         4  netapp.o(.text.sl_NetAppSendTokenValue)
    [Anonymous Symbol]                       0x00003738   Section        0  netcfg.o(.text.sl_NetCfgSet)
    __arm_cp.0_0                             0x00003770   Number         4  netcfg.o(.text.sl_NetCfgSet)
    [Anonymous Symbol]                       0x00003774   Section        0  socket.o(.text.sl_Recv)
    __arm_cp.16_0                            0x000037b0   Number         4  socket.o(.text.sl_Recv)
    [Anonymous Symbol]                       0x000037b4   Section        0  socket.o(.text.sl_Send)
    __arm_cp.10_0                            0x00003848   Number         4  socket.o(.text.sl_Send)
    __arm_cp.10_1                            0x0000384c   Number         4  socket.o(.text.sl_Send)
    [Anonymous Symbol]                       0x00003850   Section        0  socket.o(.text.sl_SetSockOpt)
    __arm_cp.17_0                            0x0000388c   Number         4  socket.o(.text.sl_SetSockOpt)
    [Anonymous Symbol]                       0x00003890   Section        0  socket.o(.text.sl_Socket)
    __arm_cp.3_0                             0x000038bc   Number         4  socket.o(.text.sl_Socket)
    [Anonymous Symbol]                       0x000038c0   Section        0  device.o(.text.sl_Start)
    __arm_cp.2_2                             0x0000395c   Number         4  device.o(.text.sl_Start)
    [Anonymous Symbol]                       0x00003960   Section        0  device.o(.text.sl_Stop)
    __arm_cp.5_0                             0x00003a10   Number         4  device.o(.text.sl_Stop)
    __arm_cp.5_1                             0x00003a14   Number         4  device.o(.text.sl_Stop)
    __arm_cp.5_2                             0x00003a18   Number         4  device.o(.text.sl_Stop)
    [Anonymous Symbol]                       0x00003a1c   Section        0  wlan.o(.text.sl_WlanConnect)
    __arm_cp.0_0                             0x00003b9c   Number         4  wlan.o(.text.sl_WlanConnect)
    [Anonymous Symbol]                       0x00003ba0   Section        0  wlan.o(.text.sl_WlanDisconnect)
    [Anonymous Symbol]                       0x00003ba8   Section        0  wlan.o(.text.sl_WlanPolicySet)
    __arm_cp.2_0                             0x00003bdc   Number         4  wlan.o(.text.sl_WlanPolicySet)
    [Anonymous Symbol]                       0x00003be0   Section        0  wlan.o(.text.sl_WlanProfileDel)
    __arm_cp.6_0                             0x00003bf8   Number         4  wlan.o(.text.sl_WlanProfileDel)
    [Anonymous Symbol]                       0x00003bfc   Section        0  wlan.o(.text.sl_WlanSet)
    __arm_cp.17_0                            0x00003c34   Number         4  wlan.o(.text.sl_WlanSet)
    [Anonymous Symbol]                       0x00003c38   Section        0  wlan.o(.text.sl_WlanSetMode)
    __arm_cp.16_0                            0x00003c50   Number         4  wlan.o(.text.sl_WlanSetMode)
    socket_set_nonblocking                   0x00003c55   Thumb Code    30  main.o(.text.socket_set_nonblocking)
    [Anonymous Symbol]                       0x00003c54   Section        0  main.o(.text.socket_set_nonblocking)
    [Anonymous Symbol]                       0x00003c72   Section        0  spi.o(.text.spi_Close)
    [Anonymous Symbol]                       0x00003c7c   Section        0  spi.o(.text.spi_Open)
    __arm_cp.1_0                             0x00003d40   Number         4  spi.o(.text.spi_Open)
    __arm_cp.1_1                             0x00003d44   Number         4  spi.o(.text.spi_Open)
    __arm_cp.1_2                             0x00003d48   Number         4  spi.o(.text.spi_Open)
    __arm_cp.1_3                             0x00003d4c   Number         4  spi.o(.text.spi_Open)
    __arm_cp.1_4                             0x00003d50   Number         4  spi.o(.text.spi_Open)
    __arm_cp.1_5                             0x00003d54   Number         4  spi.o(.text.spi_Open)
    __arm_cp.1_6                             0x00003d58   Number         4  spi.o(.text.spi_Open)
    [Anonymous Symbol]                       0x00003d5c   Section        0  spi.o(.text.spi_Read)
    [Anonymous Symbol]                       0x00003da8   Section        0  spi.o(.text.spi_Write)
    __arm_cp.2_0                             0x00003df0   Number         4  spi.o(.text.spi_Write)
    writecommand                             0x00003df5   Thumb Code    24  st7735.o(.text.writecommand)
    [Anonymous Symbol]                       0x00003df4   Section        0  st7735.o(.text.writecommand)
    writedata                                0x00003e0d   Thumb Code    20  st7735.o(.text.writedata)
    [Anonymous Symbol]                       0x00003e0c   Section        0  st7735.o(.text.writedata)
    __arm_cp.8_0                             0x00003e20   Number         4  st7735.o(.text.writedata)
    __arm_cp.8_1                             0x00003e24   Number         4  st7735.o(.text.writedata)
    i.FPUEnable                              0x00003e28   Section        0  fpu.o(i.FPUEnable)
    i.FPULazyStackingEnable                  0x00003e38   Section        0  fpu.o(i.FPULazyStackingEnable)
    i.GPIODirModeSet                         0x00003e48   Section        0  gpio.o(i.GPIODirModeSet)
    i.GPIOIntClear                           0x00003e70   Section        0  gpio.o(i.GPIOIntClear)
    i.GPIOIntDisable                         0x00003e76   Section        0  gpio.o(i.GPIOIntDisable)
    i.GPIOIntEnable                          0x00003e84   Section        0  gpio.o(i.GPIOIntEnable)
    i.GPIOIntStatus                          0x00003e92   Section        0  gpio.o(i.GPIOIntStatus)
    i.GPIOIntTypeSet                         0x00003ea0   Section        0  gpio.o(i.GPIOIntTypeSet)
    i.GPIOPadConfigSet                       0x00003ef0   Section        0  gpio.o(i.GPIOPadConfigSet)
    i.GPIOPinConfigure                       0x0000402c   Section        0  gpio.o(i.GPIOPinConfigure)
    i.GPIOPinTypeGPIOInput                   0x00004074   Section        0  gpio.o(i.GPIOPinTypeGPIOInput)
    i.GPIOPinTypeGPIOOutput                  0x00004090   Section        0  gpio.o(i.GPIOPinTypeGPIOOutput)
    i.GPIOPinTypeSSI                         0x000040ac   Section        0  gpio.o(i.GPIOPinTypeSSI)
    i.GPIOPinWrite                           0x000040c8   Section        0  gpio.o(i.GPIOPinWrite)
    i.IntEnable                              0x000040d0   Section        0  interrupt.o(i.IntEnable)
    i.IntMasterEnable                        0x00004134   Section        0  interrupt.o(i.IntMasterEnable)
    i.SSIConfigSetExpClk                     0x00004142   Section        0  ssi.o(i.SSIConfigSetExpClk)
    i.SSIDataGetNonBlocking                  0x0000418c   Section        0  ssi.o(i.SSIDataGetNonBlocking)
    i.SSIDataPutNonBlocking                  0x000041a0   Section        0  ssi.o(i.SSIDataPutNonBlocking)
    i.SSIEnable                              0x000041b0   Section        0  ssi.o(i.SSIEnable)
    i.SysCtlClockGet                         0x000041bc   Section        0  sysctl.o(i.SysCtlClockGet)
    i.SysCtlClockSet                         0x00004320   Section        0  sysctl.o(i.SysCtlClockSet)
    i.SysCtlPeripheralEnable                 0x00004440   Section        0  sysctl.o(i.SysCtlPeripheralEnable)
    i.__scatterload_copy                     0x00004468   Section       14  handlers.o(i.__scatterload_copy)
    i.__scatterload_null                     0x00004476   Section        2  handlers.o(i.__scatterload_null)
    i.__scatterload_zeroinit                 0x00004478   Section       14  handlers.o(i.__scatterload_zeroinit)
    g_ppui32GPIOIntMapBlizzard               0x00004488   Data         192  gpio.o(.constdata)
    .constdata                               0x00004488   Section      528  gpio.o(.constdata)
    g_ppui32GPIOIntMapSnowflake              0x00004548   Data         192  gpio.o(.constdata)
    g_pui32GPIOBaseAddrs                     0x00004608   Data         144  gpio.o(.constdata)
    g_pui32Priority                          0x00004698   Data          32  interrupt.o(.constdata)
    .constdata                               0x00004698   Section      268  interrupt.o(.constdata)
    g_pui32Regs                              0x000046b8   Data         156  interrupt.o(.constdata)
    g_pui32EnRegs                            0x00004754   Data          20  interrupt.o(.constdata)
    g_pui32Dii16Regs                         0x00004768   Data          20  interrupt.o(.constdata)
    g_pui32PendRegs                          0x0000477c   Data          20  interrupt.o(.constdata)
    g_pui32UnpendRegs                        0x00004790   Data          20  interrupt.o(.constdata)
    g_pui32VCOFrequencies                    0x000047a4   Data           8  sysctl.o(.constdata)
    .constdata                               0x000047a4   Section      452  sysctl.o(.constdata)
    g_pui32Xtals                             0x000047ac   Data         108  sysctl.o(.constdata)
    g_pppui32XTALtoVCO                       0x00004818   Data         288  sysctl.o(.constdata)
    g_sXTALtoMEMTIM                          0x00004938   Data          48  sysctl.o(.constdata)
    Font                                     0x00004968   Data        1275  st7735.o(.rodata.Font)
    [Anonymous Symbol]                       0x00004968   Section        0  st7735.o(.rodata.Font)
    Rcmd1                                    0x00004e63   Data          59  st7735.o(.rodata.Rcmd1)
    [Anonymous Symbol]                       0x00004e63   Section        0  st7735.o(.rodata.Rcmd1)
    Rcmd2green                               0x00004e9e   Data          13  st7735.o(.rodata.Rcmd2green)
    [Anonymous Symbol]                       0x00004e9e   Section        0  st7735.o(.rodata.Rcmd2green)
    Rcmd2red                                 0x00004eab   Data          13  st7735.o(.rodata.Rcmd2red)
    [Anonymous Symbol]                       0x00004eab   Section        0  st7735.o(.rodata.Rcmd2red)
    Rcmd3                                    0x00004eb8   Data          43  st7735.o(.rodata.Rcmd3)
    [Anonymous Symbol]                       0x00004eb8   Section        0  st7735.o(.rodata.Rcmd3)
    g_ui32UARTInt                            0x00004f6c   Data          12  uartstdio.o(.rodata.g_ui32UARTInt)
    [Anonymous Symbol]                       0x00004f6c   Section        0  uartstdio.o(.rodata.g_ui32UARTInt)
    [Anonymous Symbol]                       0x00004f78   Section        0  main.o(.rodata.str1.1)
    g_ui_dirty                               0x20000002   Data           1  main.o(.data.g_ui_dirty)
    [Anonymous Symbol]                       0x20000002   Section        0  main.o(.data.g_ui_dirty)
    ColStart                                 0x20000008   Data           1  st7735.o(.bss..L_MergedGlobals)
    [Anonymous Symbol]                       0x20000008   Section        0  st7735.o(.bss..L_MergedGlobals)
    RowStart                                 0x20000009   Data           1  st7735.o(.bss..L_MergedGlobals)
    TabColor                                 0x2000000a   Data           1  st7735.o(.bss..L_MergedGlobals)
    _width                                   0x2000000c   Data           1  st7735.o(.bss..L_MergedGlobals)
    _height                                  0x2000000e   Data           1  st7735.o(.bss..L_MergedGlobals)
    g_bDisableEcho                           0x2000003c   Data           1  uartstdio.o(.bss..L_MergedGlobals)
    [Anonymous Symbol]                       0x2000003c   Section        0  uartstdio.o(.bss..L_MergedGlobals)
    UARTStdioIntHandler.bLastWasCR           0x2000003d   Data           1  uartstdio.o(.bss..L_MergedGlobals)
    g_ui32Base                               0x20000040   Data           4  uartstdio.o(.bss..L_MergedGlobals)
    g_ui32PortNum                            0x20000044   Data           4  uartstdio.o(.bss..L_MergedGlobals)
    g_ui32UARTTxReadIndex                    0x20000048   Data           4  uartstdio.o(.bss..L_MergedGlobals)
    g_ui32UARTTxWriteIndex                   0x2000004c   Data           4  uartstdio.o(.bss..L_MergedGlobals)
    g_ui32UARTRxReadIndex                    0x20000050   Data           4  uartstdio.o(.bss..L_MergedGlobals)
    g_ui32UARTRxWriteIndex                   0x20000054   Data           4  uartstdio.o(.bss..L_MergedGlobals)
    g_wifi_connecting                        0x20000058   Data           1  main.o(.bss..L_MergedGlobals)
    [Anonymous Symbol]                       0x20000058   Section        0  main.o(.bss..L_MergedGlobals)
    g_wifi_disconnect_flag                   0x20000059   Data           1  main.o(.bss..L_MergedGlobals)
    g_last_cmd                               0x2000005a   Data           1  main.o(.bss..L_MergedGlobals)
    g_reconnect_attempts                     0x2000005b   Data           1  main.o(.bss..L_MergedGlobals)
    g_ip_b4                                  0x2000005c   Data           1  main.o(.bss..L_MergedGlobals)
    g_ip_b3                                  0x2000005d   Data           1  main.o(.bss..L_MergedGlobals)
    g_ip_b2                                  0x2000005e   Data           1  main.o(.bss..L_MergedGlobals)
    g_ip_b1                                  0x2000005f   Data           1  main.o(.bss..L_MergedGlobals)
    g_gw_b4                                  0x20000060   Data           1  main.o(.bss..L_MergedGlobals)
    g_gw_b3                                  0x20000061   Data           1  main.o(.bss..L_MergedGlobals)
    g_gw_b2                                  0x20000062   Data           1  main.o(.bss..L_MergedGlobals)
    g_gw_b1                                  0x20000063   Data           1  main.o(.bss..L_MergedGlobals)
    g_reconnect_backoff_ms                   0x20000068   Data           4  main.o(.bss..L_MergedGlobals)
    g_reconnect_timer_ms                     0x2000006c   Data           4  main.o(.bss..L_MergedGlobals)
    g_rx_count                               0x20000070   Data           4  main.o(.bss..L_MergedGlobals)
    g_last_disc_reason                       0x20000074   Data           4  main.o(.bss..L_MergedGlobals)
    g_pcUARTRxBuffer                         0x20000838   Data         128  uartstdio.o(.bss.g_pcUARTRxBuffer)
    [Anonymous Symbol]                       0x20000838   Section        0  uartstdio.o(.bss.g_pcUARTRxBuffer)
    g_pcUARTTxBuffer                         0x200008b8   Data        1024  uartstdio.o(.bss.g_pcUARTTxBuffer)
    [Anonymous Symbol]                       0x200008b8   Section        0  uartstdio.o(.bss.g_pcUARTTxBuffer)
    StackMem                                 0x20000cc0   Data           0  startup_rvmdk.o(STACK)
    STACK                                    0x20000cc0   Section    16384  startup_rvmdk.o(STACK)

    Global Symbols

    Symbol Name                              Value     Ov Type        Size  Object(Section)

    BuildAttributes$$THM_ISAv4$E$P$D$K$B$S$7EM$VFPi3$EXTD16$VFPS$VFMA$PE$A:L22UL41UL21$X:L11$S22US41US21$IEEE1$IW$~IW$USESV6$~STKCKD$USESV7$~SHL$OTIME$ROPI$EBA8$MICROLIB$REQ8$PRES8$EABIv2 0x00000000   Number         0  anon$$obj.o ABSOLUTE
    __Vectors                                0x00000000   Data           0  startup_rvmdk.o(RESET)
    __cpp_initialize__aeabi_                  - Undefined Weak Reference
    __cxa_finalize                            - Undefined Weak Reference
    __decompress                              - Undefined Weak Reference
    _clock_init                               - Undefined Weak Reference
    _microlib_exit                            - Undefined Weak Reference
    Reset_Handler                            0x0000026d   Thumb Code     0  startup_rvmdk.o(RESET)
    __main                                   0x00000289   Thumb Code     0  entry.o(.ARM.Collect$$$$00000000)
    _main_stk                                0x00000289   Thumb Code     0  entry2.o(.ARM.Collect$$$$00000001)
    _main_scatterload                        0x0000028d   Thumb Code     0  entry5.o(.ARM.Collect$$$$00000004)
    __main_after_scatterload                 0x00000291   Thumb Code     0  entry5.o(.ARM.Collect$$$$00000004)
    _main_clock                              0x00000291   Thumb Code     0  entry7b.o(.ARM.Collect$$$$00000008)
    _main_cpp_init                           0x00000291   Thumb Code     0  entry8b.o(.ARM.Collect$$$$0000000A)
    _main_init                               0x00000291   Thumb Code     0  entry9a.o(.ARM.Collect$$$$0000000B)
    __rt_final_cpp                           0x00000299   Thumb Code     0  entry10a.o(.ARM.Collect$$$$0000000D)
    __rt_final_exit                          0x00000299   Thumb Code     0  entry11a.o(.ARM.Collect$$$$0000000F)
    SysCtlDelay                              0x0000029d   Thumb Code     6  sysctl.o(.emb_text)
    CPUcpsid                                 0x000002a5   Thumb Code     8  cpu.o(.emb_text)
    CPUprimask                               0x000002ad   Thumb Code     6  cpu.o(.emb_text)
    CPUcpsie                                 0x000002b3   Thumb Code     8  cpu.o(.emb_text)
    CPUwfi                                   0x000002bb   Thumb Code     4  cpu.o(.emb_text)
    CPUbasepriSet                            0x000002bf   Thumb Code     6  cpu.o(.emb_text)
    CPUbasepriGet                            0x000002c5   Thumb Code     6  cpu.o(.emb_text)
    __aeabi_memcpy                           0x000002cb   Thumb Code    36  memcpya.o(.text)
    __aeabi_memcpy4                          0x000002cb   Thumb Code     0  memcpya.o(.text)
    __aeabi_memcpy8                          0x000002cb   Thumb Code     0  memcpya.o(.text)
    __aeabi_memset                           0x000002ef   Thumb Code    14  memseta.o(.text)
    __aeabi_memset4                          0x000002ef   Thumb Code     0  memseta.o(.text)
    __aeabi_memset8                          0x000002ef   Thumb Code     0  memseta.o(.text)
    __aeabi_memclr                           0x000002fd   Thumb Code     4  memseta.o(.text)
    __aeabi_memclr4                          0x000002fd   Thumb Code     0  memseta.o(.text)
    __aeabi_memclr8                          0x000002fd   Thumb Code     0  memseta.o(.text)
    _memset$wrapper                          0x00000301   Thumb Code    18  memseta.o(.text)
    __aeabi_dmul                             0x00000313   Thumb Code   228  dmul.o(.text)
    __aeabi_dcmple                           0x000003f7   Thumb Code    54  dcmple.o(.text)
    __aeabi_d2uiz                            0x0000042d   Thumb Code    50  dfixui.o(.text)
    __aeabi_llsr                             0x0000045f   Thumb Code    32  llushr.o(.text)
    _ll_ushift_r                             0x0000045f   Thumb Code     0  llushr.o(.text)
    __I$use$fp                               0x0000047f   Thumb Code     0  iusefp.o(.text)
    _double_round                            0x0000047f   Thumb Code    30  depilogue.o(.text)
    _double_epilogue                         0x0000049d   Thumb Code   156  depilogue.o(.text)
    __scatterload                            0x00000539   Thumb Code    38  init.o(.text)
    __scatterload_rt2                        0x00000539   Thumb Code     0  init.o(.text)
    __aeabi_llsl                             0x00000569   Thumb Code    30  llshl.o(.text)
    _ll_shift_l                              0x00000569   Thumb Code     0  llshl.o(.text)
    CC3100_InterruptDisable                  0x00000589   Thumb Code     8  board.o(.text.CC3100_InterruptDisable)
    CC3100_InterruptEnable                   0x00000591   Thumb Code     8  board.o(.text.CC3100_InterruptEnable)
    CC3100_disable                           0x00000599   Thumb Code    12  board.o(.text.CC3100_disable)
    CC3100_enable                            0x000005a5   Thumb Code    12  board.o(.text.CC3100_enable)
    Car_Dir_Init                             0x00000611   Thumb Code    76  gpio.o(.text.Car_Dir_Init)
    Car_ProcessCommand                       0x00000669   Thumb Code   600  motor.o(.text.Car_ProcessCommand)
    Crash                                    0x000008f1   Thumb Code     6  main.o(.text.Crash)
    Delay1ms                                 0x000008f7   Thumb Code    28  st7735.o(.text.Delay1ms)
    GPIOB_intHandler                         0x00000915   Thumb Code    44  board.o(.text.GPIOB_intHandler)
    GetStartResponseConvert                  0x00000949   Thumb Code    68  device.o(.text.GetStartResponseConvert)
    LED_GreenOff                             0x0000098d   Thumb Code     8  led.o(.text.LED_GreenOff)
    LED_GreenOn                              0x00000995   Thumb Code     8  led.o(.text.LED_GreenOn)
    LED_Init                                 0x000009a1   Thumb Code    60  led.o(.text.LED_Init)
    LED_RedToggle                            0x000009ed   Thumb Code    12  led.o(.text.LED_RedToggle)
    MotorControl_Init                        0x000009fd   Thumb Code    96  motor.o(.text.MotorControl_Init)
    PWM_Duty                                 0x00000cf1   Thumb Code    20  pwm.o(.text.PWM_Duty)
    PWM_Init                                 0x00000d09   Thumb Code   156  pwm.o(.text.PWM_Init)
    PortF_Init                               0x00000db5   Thumb Code    96  gpio.o(.text.PortF_Init)
    ST7735_DrawCharS                         0x00000e25   Thumb Code   208  st7735.o(.text.ST7735_DrawCharS)
    ST7735_DrawPixel                         0x00000ef9   Thumb Code    68  st7735.o(.text.ST7735_DrawPixel)
    ST7735_DrawString                        0x00000f3d   Thumb Code    76  st7735.o(.text.ST7735_DrawString)
    ST7735_FillRect                          0x00000f89   Thumb Code   124  st7735.o(.text.ST7735_FillRect)
    ST7735_FillScreen                        0x00001005   Thumb Code    36  st7735.o(.text.ST7735_FillScreen)
    ST7735_InitR                             0x00001029   Thumb Code    88  st7735.o(.text.ST7735_InitR)
    ST7735_OutChar                           0x00001091   Thumb Code   128  st7735.o(.text.ST7735_OutChar)
    ST7735_OutString                         0x00001135   Thumb Code    18  st7735.o(.text.ST7735_OutString)
    ST7735_OutUDec                           0x00001149   Thumb Code    68  st7735.o(.text.ST7735_OutUDec)
    ST7735_SetCursor                         0x0000118d   Thumb Code    16  st7735.o(.text.ST7735_SetCursor)
    ST7735_SetTextColor                      0x000011a1   Thumb Code     8  st7735.o(.text.ST7735_SetTextColor)
    SimpleLinkHttpServerCallback             0x000011ad   Thumb Code     8  main.o(.text.SimpleLinkHttpServerCallback)
    SimpleLinkNetAppEventHandler             0x000011d9   Thumb Code   184  main.o(.text.SimpleLinkNetAppEventHandler)
    SimpleLinkWlanEventHandler               0x000012c9   Thumb Code   112  main.o(.text.SimpleLinkWlanEventHandler)
    SysTick_Init                             0x000013b5   Thumb Code     8  systick.o(.text.SysTick_Init)
    SysTick_Wait                             0x000013bd   Thumb Code    36  systick.o(.text.SysTick_Wait)
    UARTStdioIntHandler                      0x0000144d   Thumb Code   260  uartstdio.o(.text.UARTStdioIntHandler)
    UART_Init                                0x00001565   Thumb Code    88  uart0.o(.text.UART_Init)
    UART_OutChar                             0x000015c9   Thumb Code    12  uart0.o(.text.UART_OutChar)
    UART_OutString                           0x000015d9   Thumb Code    18  uart0.o(.text.UART_OutString)
    UART_OutUDec                             0x000015eb   Thumb Code    42  uart0.o(.text.UART_OutUDec)
    UARTwrite                                0x00001615   Thumb Code   100  uartstdio.o(.text.UARTwrite)
    _SlAsyncEventGenericHandler              0x00001685   Thumb Code   536  driver.o(.text._SlAsyncEventGenericHandler)
    _SlDrvBasicCmd                           0x0000189d   Thumb Code    34  driver.o(.text._SlDrvBasicCmd)
    _SlDrvClassifyRxMsg                      0x000018c1   Thumb Code   116  driver.o(.text._SlDrvClassifyRxMsg)
    _SlDrvCmdOp                              0x00001945   Thumb Code    56  driver.o(.text._SlDrvCmdOp)
    _SlDrvCmdSend                            0x0000197d   Thumb Code    28  driver.o(.text._SlDrvCmdSend)
    _SlDrvDataReadOp                         0x0000199d   Thumb Code   276  driver.o(.text._SlDrvDataReadOp)
    _SlDrvDataWriteOp                        0x00001ab5   Thumb Code   236  driver.o(.text._SlDrvDataWriteOp)
    _SlDrvDeviceEventHandler                 0x00001ba1   Thumb Code    26  device.o(.text._SlDrvDeviceEventHandler)
    _SlDrvDriverCBDeinit                     0x00001bbd   Thumb Code   100  driver.o(.text._SlDrvDriverCBDeinit)
    _SlDrvDriverCBInit                       0x00001c21   Thumb Code   116  driver.o(.text._SlDrvDriverCBInit)
    _SlDrvFlowContDeinit                     0x00001c99   Thumb Code    40  flowcont.o(.text._SlDrvFlowContDeinit)
    _SlDrvFlowContInit                       0x00001cc1   Thumb Code    40  flowcont.o(.text._SlDrvFlowContInit)
    _SlDrvMsgRead                            0x00001ced   Thumb Code   776  driver.o(.text._SlDrvMsgRead)
    _SlDrvMsgReadCmdCtx                      0x00001ffd   Thumb Code   144  driver.o(.text._SlDrvMsgReadCmdCtx)
    _SlDrvMsgReadSpawnCtx                    0x00002095   Thumb Code   120  driver.o(.text._SlDrvMsgReadSpawnCtx)
    _SlDrvMsgWrite                           0x00002111   Thumb Code   208  driver.o(.text._SlDrvMsgWrite)
    _SlDrvNetAppEventHandler                 0x000021e5   Thumb Code   208  netapp.o(.text._SlDrvNetAppEventHandler)
    _SlDrvObjInit                            0x000022b5   Thumb Code    52  driver.o(.text._SlDrvObjInit)
    _SlDrvReleasePoolObj                     0x000022e9   Thumb Code   220  driver.o(.text._SlDrvReleasePoolObj)
    _SlDrvRxHdrRead                          0x000023c9   Thumb Code   280  driver.o(.text._SlDrvRxHdrRead)
    _SlDrvRxIrqHandler                       0x000024f1   Thumb Code    52  driver.o(.text._SlDrvRxIrqHandler)
    _SlDrvShiftDWord                         0x00002529   Thumb Code    22  driver.o(.text._SlDrvShiftDWord)
    _SlDrvWaitForPoolObj                     0x00002541   Thumb Code   220  driver.o(.text._SlDrvWaitForPoolObj)
    _SlFindAndSetActiveObj                   0x00002621   Thumb Code   144  driver.o(.text._SlFindAndSetActiveObj)
    _SlNonOsMainLoopTask                     0x000026b9   Thumb Code    56  nonos.o(.text._SlNonOsMainLoopTask)
    _SlNonOsSemGet                           0x000026f1   Thumb Code    48  nonos.o(.text._SlNonOsSemGet)
    _SlNonOsSemSet                           0x00002721   Thumb Code     6  nonos.o(.text._SlNonOsSemSet)
    _SlNonOsSpawn                            0x00002729   Thumb Code    28  nonos.o(.text._SlNonOsSpawn)
    _SlRemoveFromList                        0x00002749   Thumb Code    64  driver.o(.text._SlRemoveFromList)
    _sl_BuildAddress                         0x0000278d   Thumb Code    38  socket.o(.text._sl_BuildAddress)
    _sl_HandleAsync_Accept                   0x000027b5   Thumb Code    72  socket.o(.text._sl_HandleAsync_Accept)
    _sl_HandleAsync_Connect                  0x000027fd   Thumb Code    72  socket.o(.text._sl_HandleAsync_Connect)
    _sl_HandleAsync_DnsGetHostByName         0x00002845   Thumb Code    88  netapp.o(.text._sl_HandleAsync_DnsGetHostByName)
    _sl_HandleAsync_DnsGetHostByService      0x000028a1   Thumb Code    84  netapp.o(.text._sl_HandleAsync_DnsGetHostByService)
    _sl_HandleAsync_InitComplete             0x000028f9   Thumb Code    64  device.o(.text._sl_HandleAsync_InitComplete)
    _sl_HandleAsync_PingResponse             0x0000293d   Thumb Code   108  netapp.o(.text._sl_HandleAsync_PingResponse)
    _sl_HandleAsync_Select                   0x000029ad   Thumb Code    56  socket.o(.text._sl_HandleAsync_Select)
    _sl_HandleAsync_Stop                     0x000029e5   Thumb Code    32  device.o(.text._sl_HandleAsync_Stop)
    _sl_TruncatePayloadByProtocol            0x00002a09   Thumb Code    28  socket.o(.text._sl_TruncatePayloadByProtocol)
    fillmessage                              0x00002bd9   Thumb Code    52  st7735.o(.text.fillmessage)
    initClk                                  0x00002c11   Thumb Code    20  board.o(.text.initClk)
    main                                     0x00002c29   Thumb Code  1672  main.o(.text.main)
    registerInterruptHandler                 0x000033e1   Thumb Code     8  board.o(.text.registerInterruptHandler)
    sl_Accept                                0x00003459   Thumb Code   252  socket.o(.text.sl_Accept)
    sl_Bind                                  0x0000355d   Thumb Code    82  socket.o(.text.sl_Bind)
    sl_Close                                 0x000035b1   Thumb Code    24  socket.o(.text.sl_Close)
    sl_DevGet                                0x000035cd   Thumb Code   100  device.o(.text.sl_DevGet)
    sl_Htons                                 0x00003639   Thumb Code     4  socket.o(.text.sl_Htons)
    sl_Listen                                0x0000363d   Thumb Code    28  socket.o(.text.sl_Listen)
    sl_NetAppMDNSRegisterUnregisterService   0x0000365d   Thumb Code   120  netapp.o(.text.sl_NetAppMDNSRegisterUnregisterService)
    sl_NetAppMDNSUnRegisterService           0x000036d9   Thumb Code    20  netapp.o(.text.sl_NetAppMDNSUnRegisterService)
    sl_NetAppSendTokenValue                  0x000036ed   Thumb Code    72  netapp.o(.text.sl_NetAppSendTokenValue)
    sl_NetCfgSet                             0x00003739   Thumb Code    56  netcfg.o(.text.sl_NetCfgSet)
    sl_Recv                                  0x00003775   Thumb Code    60  socket.o(.text.sl_Recv)
    sl_Send                                  0x000037b5   Thumb Code   148  socket.o(.text.sl_Send)
    sl_SetSockOpt                            0x00003851   Thumb Code    60  socket.o(.text.sl_SetSockOpt)
    sl_Socket                                0x00003891   Thumb Code    44  socket.o(.text.sl_Socket)
    sl_Start                                 0x000038c1   Thumb Code   156  device.o(.text.sl_Start)
    sl_Stop                                  0x00003961   Thumb Code   176  device.o(.text.sl_Stop)
    sl_WlanConnect                           0x00003a1d   Thumb Code   384  wlan.o(.text.sl_WlanConnect)
    sl_WlanDisconnect                        0x00003ba1   Thumb Code     8  wlan.o(.text.sl_WlanDisconnect)
    sl_WlanPolicySet                         0x00003ba9   Thumb Code    52  wlan.o(.text.sl_WlanPolicySet)
    sl_WlanProfileDel                        0x00003be1   Thumb Code    24  wlan.o(.text.sl_WlanProfileDel)
    sl_WlanSet                               0x00003bfd   Thumb Code    56  wlan.o(.text.sl_WlanSet)
    sl_WlanSetMode                           0x00003c39   Thumb Code    24  wlan.o(.text.sl_WlanSetMode)
    spi_Close                                0x00003c73   Thumb Code    10  spi.o(.text.spi_Close)
    spi_Open                                 0x00003c7d   Thumb Code   196  spi.o(.text.spi_Open)
    spi_Read                                 0x00003d5d   Thumb Code    76  spi.o(.text.spi_Read)
    spi_Write                                0x00003da9   Thumb Code    72  spi.o(.text.spi_Write)
    FPUEnable                                0x00003e29   Thumb Code    12  fpu.o(i.FPUEnable)
    FPULazyStackingEnable                    0x00003e39   Thumb Code    12  fpu.o(i.FPULazyStackingEnable)
    GPIODirModeSet                           0x00003e49   Thumb Code    40  gpio.o(i.GPIODirModeSet)
    GPIOIntClear                             0x00003e71   Thumb Code     6  gpio.o(i.GPIOIntClear)
    GPIOIntDisable                           0x00003e77   Thumb Code    14  gpio.o(i.GPIOIntDisable)
    GPIOIntEnable                            0x00003e85   Thumb Code    14  gpio.o(i.GPIOIntEnable)
    GPIOIntStatus                            0x00003e93   Thumb Code    14  gpio.o(i.GPIOIntStatus)
    GPIOIntTypeSet                           0x00003ea1   Thumb Code    80  gpio.o(i.GPIOIntTypeSet)
    GPIOPadConfigSet                         0x00003ef1   Thumb Code   314  gpio.o(i.GPIOPadConfigSet)
    GPIOPinConfigure                         0x0000402d   Thumb Code    64  gpio.o(i.GPIOPinConfigure)
    GPIOPinTypeGPIOInput                     0x00004075   Thumb Code    28  gpio.o(i.GPIOPinTypeGPIOInput)
    GPIOPinTypeGPIOOutput                    0x00004091   Thumb Code    28  gpio.o(i.GPIOPinTypeGPIOOutput)
    GPIOPinTypeSSI                           0x000040ad   Thumb Code    28  gpio.o(i.GPIOPinTypeSSI)
    GPIOPinWrite                             0x000040c9   Thumb Code     6  gpio.o(i.GPIOPinWrite)
    IntEnable                                0x000040d1   Thumb Code    92  interrupt.o(i.IntEnable)
    IntMasterEnable                          0x00004135   Thumb Code    14  interrupt.o(i.IntMasterEnable)
    SSIConfigSetExpClk                       0x00004143   Thumb Code    74  ssi.o(i.SSIConfigSetExpClk)
    SSIDataGetNonBlocking                    0x0000418d   Thumb Code    20  ssi.o(i.SSIDataGetNonBlocking)
    SSIDataPutNonBlocking                    0x000041a1   Thumb Code    16  ssi.o(i.SSIDataPutNonBlocking)
    SSIEnable                                0x000041b1   Thumb Code    10  ssi.o(i.SSIEnable)
    SysCtlClockGet                           0x000041bd   Thumb Code   314  sysctl.o(i.SysCtlClockGet)
    SysCtlClockSet                           0x00004321   Thumb Code   270  sysctl.o(i.SysCtlClockSet)
    SysCtlPeripheralEnable                   0x00004441   Thumb Code    36  sysctl.o(i.SysCtlPeripheralEnable)
    __scatterload_copy                       0x00004469   Thumb Code    14  handlers.o(i.__scatterload_copy)
    __scatterload_null                       0x00004477   Thumb Code     2  handlers.o(i.__scatterload_null)
    __scatterload_zeroinit                   0x00004479   Thumb Code    14  handlers.o(i.__scatterload_zeroinit)
    _SlAcceptCmdCtrl                         0x00004ee4   Data           4  socket.o(.rodata._SlAcceptCmdCtrl)
    _SlActionLookupTable                     0x00004ee8   Data          56  driver.o(.rodata._SlActionLookupTable)
    _SlDeviceGetCmdCtrl                      0x00004f20   Data           4  device.o(.rodata._SlDeviceGetCmdCtrl)
    _SlListenCmdCtrl                         0x00004f24   Data           4  socket.o(.rodata._SlListenCmdCtrl)
    _SlNetAppSendTokenValueCmdCtrl           0x00004f28   Data           4  netapp.o(.rodata._SlNetAppSendTokenValueCmdCtrl)
    _SlNetCfgSetCmdCtrl                      0x00004f2c   Data           4  netcfg.o(.rodata._SlNetCfgSetCmdCtrl)
    _SlPolicySetCmdCtrl                      0x00004f30   Data           4  wlan.o(.rodata._SlPolicySetCmdCtrl)
    _SlProfileDelCmdCtrl                     0x00004f34   Data           4  wlan.o(.rodata._SlProfileDelCmdCtrl)
    _SlRecvCmdCtrl                           0x00004f38   Data           4  socket.o(.rodata._SlRecvCmdCtrl)
    _SlRegisterServiceCtrl                   0x00004f3c   Data           4  netapp.o(.rodata._SlRegisterServiceCtrl)
    _SlSendCmdCtrl                           0x00004f40   Data           4  socket.o(.rodata._SlSendCmdCtrl)
    _SlSetSockOptCmdCtrl                     0x00004f44   Data           4  socket.o(.rodata._SlSetSockOptCmdCtrl)
    _SlSockCloseCmdCtrl                      0x00004f48   Data           4  socket.o(.rodata._SlSockCloseCmdCtrl)
    _SlSockSocketCmdCtrl                     0x00004f4c   Data           4  socket.o(.rodata._SlSockSocketCmdCtrl)
    _SlStopCmdCtrl                           0x00004f50   Data           4  device.o(.rodata._SlStopCmdCtrl)
    _SlWlanCfgSetCmdCtrl                     0x00004f54   Data           4  wlan.o(.rodata._SlWlanCfgSetCmdCtrl)
    _SlWlanSetModeCmdCtrl                    0x00004f58   Data           4  wlan.o(.rodata._SlWlanSetModeCmdCtrl)
    g_H2NCnysPattern                         0x00004f5c   Data           8  driver.o(.rodata.g_H2NCnysPattern)
    g_H2NSyncPattern                         0x00004f64   Data           8  driver.o(.rodata.g_H2NSyncPattern)
    Region$$Table$$Base                      0x0000513c   Number         0  anon$$obj.o(Region$$Table)
    Region$$Table$$Limit                     0x0000515c   Number         0  anon$$obj.o(Region$$Table)
    StTextColor                              0x20000000   Data           2  st7735.o(.data.StTextColor)
    StX                                      0x20000010   Data           4  st7735.o(.bss..L_MergedGlobals)
    StY                                      0x20000014   Data           4  st7735.o(.bss..L_MergedGlobals)
    Messageindex                             0x20000018   Data           4  st7735.o(.bss..L_MergedGlobals)
    Ymax                                     0x2000001c   Data           4  st7735.o(.bss..L_MergedGlobals)
    Ymin                                     0x20000020   Data           4  st7735.o(.bss..L_MergedGlobals)
    Yrange                                   0x20000024   Data           4  st7735.o(.bss..L_MergedGlobals)
    X                                        0x20000028   Data           4  st7735.o(.bss..L_MergedGlobals)
    lastj                                    0x2000002c   Data           4  st7735.o(.bss..L_MergedGlobals)
    Message                                  0x20000030   Data          12  st7735.o(.bss..L_MergedGlobals)
    g_Status                                 0x20000064   Data           4  main.o(.bss..L_MergedGlobals)
    DestinationIP                            0x20000078   Data           4  main.o(.bss..L_MergedGlobals)
    SockID                                   0x2000007c   Data           4  main.o(.bss..L_MergedGlobals)
    HostName                                 0x20000080   Data          40  main.o(.bss..L_MergedGlobals)
    Recvbuff                                 0x200000a8   Data        1024  main.o(.bss.Recvbuff)
    SendBuff                                 0x200004a8   Data         512  main.o(.bss.SendBuff)
    g_StatMem                                0x200006a8   Data         356  driver.o(.bss.g_StatMem)
    g__SlNonOsCB                             0x2000080c   Data          40  nonos.o(.bss.g__SlNonOsCB)
    g_pCB                                    0x20000834   Data           4  driver.o(.bss.g_pCB)
    pIrqEventHandler                         0x20000cb8   Data           4  board.o(.bss.pIrqEventHandler)
    pPingCallBackFunc                        0x20000cbc   Data           4  driver.o(.bss.pPingCallBackFunc)
    __initial_sp                             0x20004cc0   Data           0  startup_rvmdk.o(STACK)



==============================================================================

Memory Map of the image

  Image Entry point : 0x0000026d

  Load Region LR_IROM (Base: 0x00000000, Size: 0x00005168, Max: 0x00040000, ABSOLUTE)

    Execution Region ER_IROM (Exec base: 0x00000000, Load base: 0x00000000, Size: 0x0000515c, Max: 0x00040000, ABSOLUTE)

    Exec Addr    Load Addr    Size         Type   Attr      Idx    E Section Name        Object

    0x00000000   0x00000000   0x00000288   Code   RO          437  * RESET               startup_rvmdk.o
    0x00000288   0x00000288   0x00000000   Code   RO         2023  * .ARM.Collect$$$$00000000  mc_w.l(entry.o)
    0x00000288   0x00000288   0x00000004   Code   RO         2038    .ARM.Collect$$$$00000001  mc_w.l(entry2.o)
    0x0000028c   0x0000028c   0x00000004   Code   RO         2041    .ARM.Collect$$$$00000004  mc_w.l(entry5.o)
    0x00000290   0x00000290   0x00000000   Code   RO         2043    .ARM.Collect$$$$00000008  mc_w.l(entry7b.o)
    0x00000290   0x00000290   0x00000000   Code   RO         2045    .ARM.Collect$$$$0000000A  mc_w.l(entry8b.o)
    0x00000290   0x00000290   0x00000008   Code   RO         2046    .ARM.Collect$$$$0000000B  mc_w.l(entry9a.o)
    0x00000298   0x00000298   0x00000000   Code   RO         2048    .ARM.Collect$$$$0000000D  mc_w.l(entry10a.o)
    0x00000298   0x00000298   0x00000000   Code   RO         2050    .ARM.Collect$$$$0000000F  mc_w.l(entry11a.o)
    0x00000298   0x00000298   0x00000004   Code   RO         2039    .ARM.Collect$$$$00002712  mc_w.l(entry2.o)
    0x0000029c   0x0000029c   0x00000006   Code   RO         1671    .emb_text           driverlib.lib(sysctl.o)
    0x000002a2   0x000002a2   0x00000002   PAD
    0x000002a4   0x000002a4   0x00000026   Code   RO         2013    .emb_text           driverlib.lib(cpu.o)
    0x000002ca   0x000002ca   0x00000024   Code   RO         2026    .text               mc_w.l(memcpya.o)
    0x000002ee   0x000002ee   0x00000024   Code   RO         2028    .text               mc_w.l(memseta.o)
    0x00000312   0x00000312   0x000000e4   Code   RO         2032    .text               mf_w.l(dmul.o)
    0x000003f6   0x000003f6   0x00000036   Code   RO         2034    .text               mf_w.l(dcmple.o)
    0x0000042c   0x0000042c   0x00000032   Code   RO         2036    .text               mf_w.l(dfixui.o)
    0x0000045e   0x0000045e   0x00000020   Code   RO         2052    .text               mc_w.l(llushr.o)
    0x0000047e   0x0000047e   0x00000000   Code   RO         2054    .text               mc_w.l(iusefp.o)
    0x0000047e   0x0000047e   0x000000ba   Code   RO         2055    .text               mf_w.l(depilogue.o)
    0x00000538   0x00000538   0x00000030   Code   RO         2057    .text               mc_w.l(init.o)
    0x00000568   0x00000568   0x0000001e   Code   RO         2059    .text               mc_w.l(llshl.o)
    0x00000586   0x00000586   0x00000002   PAD
    0x00000588   0x00000588   0x00000008   Code   RO           14    .text.CC3100_InterruptDisable  board.o
    0x00000590   0x00000590   0x00000008   Code   RO           12    .text.CC3100_InterruptEnable  board.o
    0x00000598   0x00000598   0x0000000c   Code   RO            8    .text.CC3100_disable  board.o
    0x000005a4   0x000005a4   0x00000010   Code   RO           10    .text.CC3100_enable  board.o
    0x000005b4   0x000005b4   0x00000004   PAD
    0x000005b8   0x000005b8   0x00000058   Code   RO          919    .text.Car_Delay     motor.o
    0x00000610   0x00000610   0x00000058   Code   RO          854    .text.Car_Dir_Init  gpio.o
    0x00000668   0x00000668   0x00000288   Code   RO          915    .text.Car_ProcessCommand  motor.o
    0x000008f0   0x000008f0   0x00000006   Code   RO          865    .text.Crash         main.o
    0x000008f6   0x000008f6   0x0000001c   Code   RO          549    .text.Delay1ms      st7735.o
    0x00000912   0x00000912   0x00000002   PAD
    0x00000914   0x00000914   0x00000034   Code   RO           22    .text.GPIOB_intHandler  board.o
    0x00000948   0x00000948   0x00000044   Code   RO           63    .text.GetStartResponseConvert  device.o
    0x0000098c   0x0000098c   0x00000008   Code   RO           52    .text.LED_GreenOff  led.o
    0x00000994   0x00000994   0x0000000c   Code   RO           50    .text.LED_GreenOn   led.o
    0x000009a0   0x000009a0   0x0000004c   Code   RO           36    .text.LED_Init      led.o
    0x000009ec   0x000009ec   0x00000010   Code   RO           44    .text.LED_RedToggle  led.o
    0x000009fc   0x000009fc   0x00000088   Code   RO          913    .text.MotorControl_Init  motor.o
    0x00000a84   0x00000a84   0x00000028   Code   RO           83    .text.OUTLINED_FUNCTION_0  device.o
    0x00000aac   0x00000aac   0x0000001c   Code   RO          148    .text.OUTLINED_FUNCTION_0  driver.o
    0x00000ac8   0x00000ac8   0x00000014   Code   RO          286    .text.OUTLINED_FUNCTION_0  netapp.o
    0x00000adc   0x00000adc   0x0000000e   Code   RO          389    .text.OUTLINED_FUNCTION_0  socket.o
    0x00000aea   0x00000aea   0x00000008   Code   RO          426    .text.OUTLINED_FUNCTION_0  spi.o
    0x00000af2   0x00000af2   0x00000006   Code   RO          482    .text.OUTLINED_FUNCTION_0  wlan.o
    0x00000af8   0x00000af8   0x0000000e   Code   RO          706    .text.OUTLINED_FUNCTION_0  uartstdio.o
    0x00000b06   0x00000b06   0x0000000a   Code   RO          883    .text.OUTLINED_FUNCTION_0  main.o
    0x00000b10   0x00000b10   0x0000000e   Code   RO          955    .text.OUTLINED_FUNCTION_0  motor.o
    0x00000b1e   0x00000b1e   0x00000010   Code   RO           85    .text.OUTLINED_FUNCTION_1  device.o
    0x00000b2e   0x00000b2e   0x0000000c   Code   RO          150    .text.OUTLINED_FUNCTION_1  driver.o
    0x00000b3a   0x00000b3a   0x0000000e   Code   RO          288    .text.OUTLINED_FUNCTION_1  netapp.o
    0x00000b48   0x00000b48   0x00000016   Code   RO          391    .text.OUTLINED_FUNCTION_1  socket.o
    0x00000b5e   0x00000b5e   0x0000000e   Code   RO          645    .text.OUTLINED_FUNCTION_1  st7735.o
    0x00000b6c   0x00000b6c   0x00000008   Code   RO          885    .text.OUTLINED_FUNCTION_1  main.o
    0x00000b74   0x00000b74   0x00000010   Code   RO          168    .text.OUTLINED_FUNCTION_10  driver.o
    0x00000b84   0x00000b84   0x00000016   Code   RO          170    .text.OUTLINED_FUNCTION_11  driver.o
    0x00000b9a   0x00000b9a   0x00000008   Code   RO          172    .text.OUTLINED_FUNCTION_12  driver.o
    0x00000ba2   0x00000ba2   0x0000000e   Code   RO          174    .text.OUTLINED_FUNCTION_13  driver.o
    0x00000bb0   0x00000bb0   0x00000008   Code   RO          176    .text.OUTLINED_FUNCTION_14  driver.o
    0x00000bb8   0x00000bb8   0x00000008   Code   RO          178    .text.OUTLINED_FUNCTION_15  driver.o
    0x00000bc0   0x00000bc0   0x0000000c   Code   RO          180    .text.OUTLINED_FUNCTION_16  driver.o
    0x00000bcc   0x00000bcc   0x0000000a   Code   RO          182    .text.OUTLINED_FUNCTION_17  driver.o
    0x00000bd6   0x00000bd6   0x0000000e   Code   RO          184    .text.OUTLINED_FUNCTION_18  driver.o
    0x00000be4   0x00000be4   0x0000000e   Code   RO          186    .text.OUTLINED_FUNCTION_19  driver.o
    0x00000bf2   0x00000bf2   0x00000010   Code   RO           87    .text.OUTLINED_FUNCTION_2  device.o
    0x00000c02   0x00000c02   0x0000001c   Code   RO          152    .text.OUTLINED_FUNCTION_2  driver.o
    0x00000c1e   0x00000c1e   0x0000000a   Code   RO          393    .text.OUTLINED_FUNCTION_2  socket.o
    0x00000c28   0x00000c28   0x00000006   Code   RO          887    .text.OUTLINED_FUNCTION_2  main.o
    0x00000c2e   0x00000c2e   0x0000000c   Code   RO          959    .text.OUTLINED_FUNCTION_2  motor.o
    0x00000c3a   0x00000c3a   0x0000000a   Code   RO           89    .text.OUTLINED_FUNCTION_3  device.o
    0x00000c44   0x00000c44   0x00000008   Code   RO          154    .text.OUTLINED_FUNCTION_3  driver.o
    0x00000c4c   0x00000c4c   0x00000006   Code   RO          395    .text.OUTLINED_FUNCTION_3  socket.o
    0x00000c52   0x00000c52   0x0000000a   Code   RO          961    .text.OUTLINED_FUNCTION_3  motor.o
    0x00000c5c   0x00000c5c   0x00000008   Code   RO          156    .text.OUTLINED_FUNCTION_4  driver.o
    0x00000c64   0x00000c64   0x0000000a   Code   RO          397    .text.OUTLINED_FUNCTION_4  socket.o
    0x00000c6e   0x00000c6e   0x0000000a   Code   RO          651    .text.OUTLINED_FUNCTION_4  st7735.o
    0x00000c78   0x00000c78   0x0000000c   Code   RO          963    .text.OUTLINED_FUNCTION_4  motor.o
    0x00000c84   0x00000c84   0x00000018   Code   RO          158    .text.OUTLINED_FUNCTION_5  driver.o
    0x00000c9c   0x00000c9c   0x0000000a   Code   RO          965    .text.OUTLINED_FUNCTION_5  motor.o
    0x00000ca6   0x00000ca6   0x0000000a   Code   RO          160    .text.OUTLINED_FUNCTION_6  driver.o
    0x00000cb0   0x00000cb0   0x0000000a   Code   RO          967    .text.OUTLINED_FUNCTION_6  motor.o
    0x00000cba   0x00000cba   0x0000000a   Code   RO          162    .text.OUTLINED_FUNCTION_7  driver.o
    0x00000cc4   0x00000cc4   0x0000000a   Code   RO          969    .text.OUTLINED_FUNCTION_7  motor.o
    0x00000cce   0x00000cce   0x00000010   Code   RO          164    .text.OUTLINED_FUNCTION_8  driver.o
    0x00000cde   0x00000cde   0x0000000a   Code   RO          971    .text.OUTLINED_FUNCTION_8  motor.o
    0x00000ce8   0x00000ce8   0x00000006   Code   RO          166    .text.OUTLINED_FUNCTION_9  driver.o
    0x00000cee   0x00000cee   0x00000002   PAD
    0x00000cf0   0x00000cf0   0x00000018   Code   RO          988    .text.PWM_Duty      pwm.o
    0x00000d08   0x00000d08   0x000000ac   Code   RO          986    .text.PWM_Init      pwm.o
    0x00000db4   0x00000db4   0x00000070   Code   RO          856    .text.PortF_Init    gpio.o
    0x00000e24   0x00000e24   0x000000d4   Code   RO          591    .text.ST7735_DrawCharS  st7735.o
    0x00000ef8   0x00000ef8   0x00000044   Code   RO          567    .text.ST7735_DrawPixel  st7735.o
    0x00000f3c   0x00000f3c   0x0000004c   Code   RO          595    .text.ST7735_DrawString  st7735.o
    0x00000f88   0x00000f88   0x0000007c   Code   RO          583    .text.ST7735_FillRect  st7735.o
    0x00001004   0x00001004   0x00000024   Code   RO          557    .text.ST7735_FillScreen  st7735.o
    0x00001028   0x00001028   0x00000068   Code   RO          559    .text.ST7735_InitR  st7735.o
    0x00001090   0x00001090   0x000000a4   Code   RO          621    .text.ST7735_OutChar  st7735.o
    0x00001134   0x00001134   0x00000012   Code   RO          623    .text.ST7735_OutString  st7735.o
    0x00001146   0x00001146   0x00000002   PAD
    0x00001148   0x00001148   0x00000044   Code   RO          599    .text.ST7735_OutUDec  st7735.o
    0x0000118c   0x0000118c   0x00000014   Code   RO          555    .text.ST7735_SetCursor  st7735.o
    0x000011a0   0x000011a0   0x0000000c   Code   RO          625    .text.ST7735_SetTextColor  st7735.o
    0x000011ac   0x000011ac   0x0000002c   Code   RO          877    .text.SimpleLinkHttpServerCallback  main.o
    0x000011d8   0x000011d8   0x000000f0   Code   RO          875    .text.SimpleLinkNetAppEventHandler  main.o
    0x000012c8   0x000012c8   0x000000ec   Code   RO          873    .text.SimpleLinkWlanEventHandler  main.o
    0x000013b4   0x000013b4   0x00000008   Code   RO         1004    .text.SysTick_Init  systick.o
    0x000013bc   0x000013bc   0x00000028   Code   RO         1002    .text.SysTick_Wait  systick.o
    0x000013e4   0x000013e4   0x00000068   Code   RO          684    .text.UARTPrimeTransmit  uartstdio.o
    0x0000144c   0x0000144c   0x00000118   Code   RO          704    .text.UARTStdioIntHandler  uartstdio.o
    0x00001564   0x00001564   0x00000064   Code   RO          824    .text.UART_Init     uart0.o
    0x000015c8   0x000015c8   0x00000010   Code   RO          828    .text.UART_OutChar  uart0.o
    0x000015d8   0x000015d8   0x00000012   Code   RO          832    .text.UART_OutString  uart0.o
    0x000015ea   0x000015ea   0x0000002a   Code   RO          836    .text.UART_OutUDec  uart0.o
    0x00001614   0x00001614   0x00000070   Code   RO          682    .text.UARTwrite     uartstdio.o
    0x00001684   0x00001684   0x00000218   Code   RO          140    .text._SlAsyncEventGenericHandler  driver.o
    0x0000189c   0x0000189c   0x00000022   Code   RO          144    .text._SlDrvBasicCmd  driver.o
    0x000018be   0x000018be   0x00000002   PAD
    0x000018c0   0x000018c0   0x00000084   Code   RO          136    .text._SlDrvClassifyRxMsg  driver.o
    0x00001944   0x00001944   0x00000038   Code   RO          116    .text._SlDrvCmdOp   driver.o
    0x0000197c   0x0000197c   0x00000020   Code   RO          122    .text._SlDrvCmdSend  driver.o
    0x0000199c   0x0000199c   0x00000118   Code   RO          124    .text._SlDrvDataReadOp  driver.o
    0x00001ab4   0x00001ab4   0x000000ec   Code   RO          130    .text._SlDrvDataWriteOp  driver.o
    0x00001ba0   0x00001ba0   0x0000001a   Code   RO           81    .text._SlDrvDeviceEventHandler  device.o
    0x00001bba   0x00001bba   0x00000002   PAD
    0x00001bbc   0x00001bbc   0x00000064   Code   RO          108    .text._SlDrvDriverCBDeinit  driver.o
    0x00001c20   0x00001c20   0x00000078   Code   RO          104    .text._SlDrvDriverCBInit  driver.o
    0x00001c98   0x00001c98   0x00000028   Code   RO          204    .text._SlDrvFlowContDeinit  flowcont.o
    0x00001cc0   0x00001cc0   0x0000002c   Code   RO          202    .text._SlDrvFlowContInit  flowcont.o
    0x00001cec   0x00001cec   0x00000310   Code   RO          132    .text._SlDrvMsgRead  driver.o
    0x00001ffc   0x00001ffc   0x00000098   Code   RO          120    .text._SlDrvMsgReadCmdCtx  driver.o
    0x00002094   0x00002094   0x0000007c   Code   RO          114    .text._SlDrvMsgReadSpawnCtx  driver.o
    0x00002110   0x00002110   0x000000d4   Code   RO          118    .text._SlDrvMsgWrite  driver.o
    0x000021e4   0x000021e4   0x000000d0   Code   RO          284    .text._SlDrvNetAppEventHandler  netapp.o
    0x000022b4   0x000022b4   0x00000034   Code   RO          106    .text._SlDrvObjInit  driver.o
    0x000022e8   0x000022e8   0x000000e0   Code   RO          128    .text._SlDrvReleasePoolObj  driver.o
    0x000023c8   0x000023c8   0x00000128   Code   RO          134    .text._SlDrvRxHdrRead  driver.o
    0x000024f0   0x000024f0   0x00000038   Code   RO          112    .text._SlDrvRxIrqHandler  driver.o
    0x00002528   0x00002528   0x00000016   Code   RO          142    .text._SlDrvShiftDWord  driver.o
    0x0000253e   0x0000253e   0x00000002   PAD
    0x00002540   0x00002540   0x000000e0   Code   RO          126    .text._SlDrvWaitForPoolObj  driver.o
    0x00002620   0x00002620   0x00000098   Code   RO          138    .text._SlFindAndSetActiveObj  driver.o
    0x000026b8   0x000026b8   0x00000038   Code   RO          326    .text._SlNonOsMainLoopTask  nonos.o
    0x000026f0   0x000026f0   0x00000030   Code   RO          324    .text._SlNonOsSemGet  nonos.o
    0x00002720   0x00002720   0x00000006   Code   RO          322    .text._SlNonOsSemSet  nonos.o
    0x00002726   0x00002726   0x00000002   PAD
    0x00002728   0x00002728   0x00000020   Code   RO          328    .text._SlNonOsSpawn  nonos.o
    0x00002748   0x00002748   0x00000044   Code   RO          146    .text._SlRemoveFromList  driver.o
    0x0000278c   0x0000278c   0x00000026   Code   RO          339    .text._sl_BuildAddress  socket.o
    0x000027b2   0x000027b2   0x00000002   PAD
    0x000027b4   0x000027b4   0x00000048   Code   RO          369    .text._sl_HandleAsync_Accept  socket.o
    0x000027fc   0x000027fc   0x00000048   Code   RO          357    .text._sl_HandleAsync_Connect  socket.o
    0x00002844   0x00002844   0x0000005c   Code   RO          270    .text._sl_HandleAsync_DnsGetHostByName  netapp.o
    0x000028a0   0x000028a0   0x00000058   Code   RO          264    .text._sl_HandleAsync_DnsGetHostByService  netapp.o
    0x000028f8   0x000028f8   0x00000044   Code   RO           67    .text._sl_HandleAsync_InitComplete  device.o
    0x0000293c   0x0000293c   0x00000070   Code   RO          274    .text._sl_HandleAsync_PingResponse  netapp.o
    0x000029ac   0x000029ac   0x00000038   Code   RO          387    .text._sl_HandleAsync_Select  socket.o
    0x000029e4   0x000029e4   0x00000024   Code   RO           69    .text._sl_HandleAsync_Stop  device.o
    0x00002a08   0x00002a08   0x00000048   Code   RO          341    .text._sl_TruncatePayloadByProtocol  socket.o
    0x00002a50   0x00002a50   0x0000004a   Code   RO          561    .text.commandList   st7735.o
    0x00002a9a   0x00002a9a   0x00000002   PAD
    0x00002a9c   0x00002a9c   0x00000124   Code   RO          553    .text.commonInit    st7735.o
    0x00002bc0   0x00002bc0   0x00000018   Code   RO          871    .text.delay_ms      main.o
    0x00002bd8   0x00002bd8   0x00000038   Code   RO          597    .text.fillmessage   st7735.o
    0x00002c10   0x00002c10   0x00000018   Code   RO            2    .text.initClk       board.o
    0x00002c28   0x00002c28   0x000007a4   Code   RO          867    .text.main          main.o
    0x000033cc   0x000033cc   0x00000014   Code   RO          571    .text.pushColor     st7735.o
    0x000033e0   0x000033e0   0x0000000c   Code   RO            6    .text.registerInterruptHandler  board.o
    0x000033ec   0x000033ec   0x0000006c   Code   RO          569    .text.setAddrWindow  st7735.o
    0x00003458   0x00003458   0x00000104   Code   RO          363    .text.sl_Accept     socket.o
    0x0000355c   0x0000355c   0x00000052   Code   RO          349    .text.sl_Bind       socket.o
    0x000035ae   0x000035ae   0x00000002   PAD
    0x000035b0   0x000035b0   0x0000001c   Code   RO          347    .text.sl_Close      socket.o
    0x000035cc   0x000035cc   0x0000006c   Code   RO           77    .text.sl_DevGet     device.o
    0x00003638   0x00003638   0x00000004   Code   RO          367    .text.sl_Htons      socket.o
    0x0000363c   0x0000363c   0x00000020   Code   RO          361    .text.sl_Listen     socket.o
    0x0000365c   0x0000365c   0x0000007c   Code   RO          256    .text.sl_NetAppMDNSRegisterUnregisterService  netapp.o
    0x000036d8   0x000036d8   0x00000014   Code   RO          260    .text.sl_NetAppMDNSUnRegisterService  netapp.o
    0x000036ec   0x000036ec   0x0000004c   Code   RO          280    .text.sl_NetAppSendTokenValue  netapp.o
    0x00003738   0x00003738   0x0000003c   Code   RO          308    .text.sl_NetCfgSet  netcfg.o
    0x00003774   0x00003774   0x00000040   Code   RO          371    .text.sl_Recv       socket.o
    0x000037b4   0x000037b4   0x0000009c   Code   RO          359    .text.sl_Send       socket.o
    0x00003850   0x00003850   0x00000040   Code   RO          373    .text.sl_SetSockOpt  socket.o
    0x00003890   0x00003890   0x00000030   Code   RO          345    .text.sl_Socket     socket.o
    0x000038c0   0x000038c0   0x000000a0   Code   RO           65    .text.sl_Start      device.o
    0x00003960   0x00003960   0x000000bc   Code   RO           71    .text.sl_Stop       device.o
    0x00003a1c   0x00003a1c   0x00000184   Code   RO          444    .text.sl_WlanConnect  wlan.o
    0x00003ba0   0x00003ba0   0x00000008   Code   RO          446    .text.sl_WlanDisconnect  wlan.o
    0x00003ba8   0x00003ba8   0x00000038   Code   RO          448    .text.sl_WlanPolicySet  wlan.o
    0x00003be0   0x00003be0   0x0000001c   Code   RO          456    .text.sl_WlanProfileDel  wlan.o
    0x00003bfc   0x00003bfc   0x0000003c   Code   RO          478    .text.sl_WlanSet    wlan.o
    0x00003c38   0x00003c38   0x0000001c   Code   RO          476    .text.sl_WlanSetMode  wlan.o
    0x00003c54   0x00003c54   0x0000001e   Code   RO          869    .text.socket_set_nonblocking  main.o
    0x00003c72   0x00003c72   0x0000000a   Code   RO          418    .text.spi_Close     spi.o
    0x00003c7c   0x00003c7c   0x000000e0   Code   RO          420    .text.spi_Open      spi.o
    0x00003d5c   0x00003d5c   0x0000004c   Code   RO          424    .text.spi_Read      spi.o
    0x00003da8   0x00003da8   0x0000004c   Code   RO          422    .text.spi_Write     spi.o
    0x00003df4   0x00003df4   0x00000018   Code   RO          563    .text.writecommand  st7735.o
    0x00003e0c   0x00003e0c   0x0000001c   Code   RO          565    .text.writedata     st7735.o
    0x00003e28   0x00003e28   0x00000010   Code   RO         1014    i.FPUEnable         driverlib.lib(fpu.o)
    0x00003e38   0x00003e38   0x00000010   Code   RO         1017    i.FPULazyStackingEnable  driverlib.lib(fpu.o)
    0x00003e48   0x00003e48   0x00000028   Code   RO         1091    i.GPIODirModeSet    driverlib.lib(gpio.o)
    0x00003e70   0x00003e70   0x00000006   Code   RO         1092    i.GPIOIntClear      driverlib.lib(gpio.o)
    0x00003e76   0x00003e76   0x0000000e   Code   RO         1093    i.GPIOIntDisable    driverlib.lib(gpio.o)
    0x00003e84   0x00003e84   0x0000000e   Code   RO         1094    i.GPIOIntEnable     driverlib.lib(gpio.o)
    0x00003e92   0x00003e92   0x0000000e   Code   RO         1096    i.GPIOIntStatus     driverlib.lib(gpio.o)
    0x00003ea0   0x00003ea0   0x00000050   Code   RO         1098    i.GPIOIntTypeSet    driverlib.lib(gpio.o)
    0x00003ef0   0x00003ef0   0x0000013a   Code   RO         1101    i.GPIOPadConfigSet  driverlib.lib(gpio.o)
    0x0000402a   0x0000402a   0x00000002   PAD
    0x0000402c   0x0000402c   0x00000048   Code   RO         1102    i.GPIOPinConfigure  driverlib.lib(gpio.o)
    0x00004074   0x00004074   0x0000001c   Code   RO         1111    i.GPIOPinTypeGPIOInput  driverlib.lib(gpio.o)
    0x00004090   0x00004090   0x0000001c   Code   RO         1112    i.GPIOPinTypeGPIOOutput  driverlib.lib(gpio.o)
    0x000040ac   0x000040ac   0x0000001c   Code   RO         1125    i.GPIOPinTypeSSI    driverlib.lib(gpio.o)
    0x000040c8   0x000040c8   0x00000006   Code   RO         1133    i.GPIOPinWrite      driverlib.lib(gpio.o)
    0x000040ce   0x000040ce   0x00000002   PAD
    0x000040d0   0x000040d0   0x00000064   Code   RO         1407    i.IntEnable         driverlib.lib(interrupt.o)
    0x00004134   0x00004134   0x0000000e   Code   RO         1410    i.IntMasterEnable   driverlib.lib(interrupt.o)
    0x00004142   0x00004142   0x0000004a   Code   RO         1527    i.SSIConfigSetExpClk  driverlib.lib(ssi.o)
    0x0000418c   0x0000418c   0x00000014   Code   RO         1531    i.SSIDataGetNonBlocking  driverlib.lib(ssi.o)
    0x000041a0   0x000041a0   0x00000010   Code   RO         1533    i.SSIDataPutNonBlocking  driverlib.lib(ssi.o)
    0x000041b0   0x000041b0   0x0000000a   Code   RO         1535    i.SSIEnable         driverlib.lib(ssi.o)
    0x000041ba   0x000041ba   0x00000002   PAD
    0x000041bc   0x000041bc   0x00000164   Code   RO         1674    i.SysCtlClockGet    driverlib.lib(sysctl.o)
    0x00004320   0x00004320   0x00000120   Code   RO         1676    i.SysCtlClockSet    driverlib.lib(sysctl.o)
    0x00004440   0x00004440   0x00000028   Code   RO         1705    i.SysCtlPeripheralEnable  driverlib.lib(sysctl.o)
    0x00004468   0x00004468   0x0000000e   Code   RO         2063    i.__scatterload_copy  mc_w.l(handlers.o)
    0x00004476   0x00004476   0x00000002   Code   RO         2064    i.__scatterload_null  mc_w.l(handlers.o)
    0x00004478   0x00004478   0x0000000e   Code   RO         2065    i.__scatterload_zeroinit  mc_w.l(handlers.o)
    0x00004486   0x00004486   0x00000002   PAD
    0x00004488   0x00004488   0x00000210   Data   RO         1134    .constdata          driverlib.lib(gpio.o)
    0x00004698   0x00004698   0x0000010c   Data   RO         1423    .constdata          driverlib.lib(interrupt.o)
    0x000047a4   0x000047a4   0x000001c4   Data   RO         1726    .constdata          driverlib.lib(sysctl.o)
    0x00004968   0x00004968   0x000004fb   Data   RO          665    .rodata.Font        st7735.o
    0x00004e63   0x00004e63   0x0000003b   Data   RO          661    .rodata.Rcmd1       st7735.o
    0x00004e9e   0x00004e9e   0x0000000d   Data   RO          662    .rodata.Rcmd2green  st7735.o
    0x00004eab   0x00004eab   0x0000000d   Data   RO          663    .rodata.Rcmd2red    st7735.o
    0x00004eb8   0x00004eb8   0x0000002b   Data   RO          664    .rodata.Rcmd3       st7735.o
    0x00004ee3   0x00004ee3   0x00000001   PAD
    0x00004ee4   0x00004ee4   0x00000004   Data   RO          404    .rodata._SlAcceptCmdCtrl  socket.o
    0x00004ee8   0x00004ee8   0x00000038   Data   RO          192    .rodata._SlActionLookupTable  driver.o
    0x00004f20   0x00004f20   0x00000004   Data   RO           94    .rodata._SlDeviceGetCmdCtrl  device.o
    0x00004f24   0x00004f24   0x00000004   Data   RO          403    .rodata._SlListenCmdCtrl  socket.o
    0x00004f28   0x00004f28   0x00000004   Data   RO          297    .rodata._SlNetAppSendTokenValueCmdCtrl  netapp.o
    0x00004f2c   0x00004f2c   0x00000004   Data   RO          312    .rodata._SlNetCfgSetCmdCtrl  netcfg.o
    0x00004f30   0x00004f30   0x00000004   Data   RO          484    .rodata._SlPolicySetCmdCtrl  wlan.o
    0x00004f34   0x00004f34   0x00000004   Data   RO          487    .rodata._SlProfileDelCmdCtrl  wlan.o
    0x00004f38   0x00004f38   0x00000004   Data   RO          405    .rodata._SlRecvCmdCtrl  socket.o
    0x00004f3c   0x00004f3c   0x00000004   Data   RO          293    .rodata._SlRegisterServiceCtrl  netapp.o
    0x00004f40   0x00004f40   0x00000004   Data   RO          402    .rodata._SlSendCmdCtrl  socket.o
    0x00004f44   0x00004f44   0x00000004   Data   RO          406    .rodata._SlSetSockOptCmdCtrl  socket.o
    0x00004f48   0x00004f48   0x00000004   Data   RO          400    .rodata._SlSockCloseCmdCtrl  socket.o
    0x00004f4c   0x00004f4c   0x00000004   Data   RO          399    .rodata._SlSockSocketCmdCtrl  socket.o
    0x00004f50   0x00004f50   0x00000004   Data   RO           91    .rodata._SlStopCmdCtrl  device.o
    0x00004f54   0x00004f54   0x00000004   Data   RO          494    .rodata._SlWlanCfgSetCmdCtrl  wlan.o
    0x00004f58   0x00004f58   0x00000004   Data   RO          493    .rodata._SlWlanSetModeCmdCtrl  wlan.o
    0x00004f5c   0x00004f5c   0x00000008   Data   RO          191    .rodata.g_H2NCnysPattern  driver.o
    0x00004f64   0x00004f64   0x00000008   Data   RO          190    .rodata.g_H2NSyncPattern  driver.o
    0x00004f6c   0x00004f6c   0x0000000c   Data   RO          708    .rodata.g_ui32UARTInt  uartstdio.o
    0x00004f78   0x00004f78   0x000001c3   Data   RO          899    .rodata.str1.1      main.o
    0x0000513b   0x0000513b   0x00000001   PAD
    0x0000513c   0x0000513c   0x00000020   Data   RO         2062    Region$$Table       anon$$obj.o


    Execution Region RW_IRAM (Exec base: 0x20000000, Load base: 0x00005160, Size: 0x00004cc0, Max: 0x00008000, ABSOLUTE)

    Exec Addr    Load Addr    Size         Type   Attr      Idx    E Section Name        Object

    0x20000000   0x00005160   0x00000002   Data   RW          659    .data.StTextColor   st7735.o
    0x20000002   0x00005162   0x00000001   Data   RW          900    .data.g_ui_dirty    main.o
    0x20000003   0x00005163   0x00000005   PAD
    0x20000008        -       0x00000034   Zero   RW          667    .bss..L_MergedGlobals  st7735.o
    0x2000003c        -       0x0000001c   Zero   RW          711    .bss..L_MergedGlobals  uartstdio.o
    0x20000058        -       0x00000050   Zero   RW          904    .bss..L_MergedGlobals  main.o
    0x200000a8        -       0x00000400   Zero   RW          901    .bss.Recvbuff       main.o
    0x200004a8        -       0x00000200   Zero   RW          902    .bss.SendBuff       main.o
    0x200006a8        -       0x00000164   Zero   RW          193    .bss.g_StatMem      driver.o
    0x2000080c        -       0x00000028   Zero   RW          330    .bss.g__SlNonOsCB   nonos.o
    0x20000834        -       0x00000004   Zero   RW          188    .bss.g_pCB          driver.o
    0x20000838        -       0x00000080   Zero   RW          710    .bss.g_pcUARTRxBuffer  uartstdio.o
    0x200008b8        -       0x00000400   Zero   RW          709    .bss.g_pcUARTTxBuffer  uartstdio.o
    0x20000cb8        -       0x00000004   Zero   RW           26    .bss.pIrqEventHandler  board.o
    0x20000cbc        -       0x00000004   Zero   RW          189    .bss.pPingCallBackFunc  driver.o
    0x20000cc0        -       0x00004000   Zero   RW          435    STACK               startup_rvmdk.o


==============================================================================

Image component sizes


      Code (inc. data)   RO Data    RW Data    ZI Data      Debug   Object Name

       132         20          0          0          4       2533   board.o
       736         32          8          0          0       8238   device.o
      4168         98         72          0        364      23778   driver.o
        84          4          0          0          0        923   flowcont.o
       200         28          0          0          0        730   gpio.o
       112         24          0          0          0       1226   led.o
      2560        500        451          1       1616      13621   main.o
       960        184          0          0          0       4953   motor.o
       754         20          8          0          0      16730   netapp.o
        60          4          4          0          0       2480   netcfg.o
       142          4          0          0         40       2207   nonos.o
       196         20          0          0          0       1152   pwm.o
      1110         80         28          0          0      18488   socket.o
       394         32          0          0          0       1826   spi.o
      1556        132       1403          2         52      17501   st7735.o
       648        622          0          0      16384        276   startup_rvmdk.o
        48          4          0          0          0        703   systick.o
       176         16          0          0          0       3173   uart0.o
       510         36         12          0       1180       8769   uartstdio.o
       574         20         16          0          0      17309   wlan.o

    ----------------------------------------------------------------------
     15144       1884       2036          4      19644     146616   Object Totals
         0          0         32          0          0          0   (incl. Generated)
        24          4          2          1          4          0   (incl. Padding)

    ----------------------------------------------------------------------

      Code (inc. data)   RO Data    RW Data    ZI Data      Debug   Library Member Name

        38          0          0          0          0        504   cpu.o
        32          8          0          0          0       4992   fpu.o
       644          8        528          0          0       6811   gpio.o
       114          8        268          0          0       1774   interrupt.o
       120          0          0          0          0       2749   ssi.o
       690         64        452          0          0       3951   sysctl.o
         0          0          0          0          0          0   entry.o
         0          0          0          0          0          0   entry10a.o
         0          0          0          0          0          0   entry11a.o
         8          4          0          0          0          0   entry2.o
         4          0          0          0          0          0   entry5.o
         0          0          0          0          0          0   entry7b.o
         0          0          0          0          0          0   entry8b.o
         8          4          0          0          0          0   entry9a.o
        30          0          0          0          0          0   handlers.o
        48         10          0          0          0         68   init.o
         0          0          0          0          0          0   iusefp.o
        30          0          0          0          0         68   llshl.o
        32          0          0          0          0         68   llushr.o
        36          0          0          0          0         68   memcpya.o
        36          0          0          0          0        108   memseta.o
        54          0          0          0          0         80   dcmple.o
       186          0          0          0          0        176   depilogue.o
        50          0          0          0          0         76   dfixui.o
       228          0          0          0          0         96   dmul.o

    ----------------------------------------------------------------------
      2400        106       1248          0          0      21589   Library Totals
        12          0          0          0          0          0   (incl. Padding)

    ----------------------------------------------------------------------

      Code (inc. data)   RO Data    RW Data    ZI Data      Debug   Library Name

      1638         88       1248          0          0      20781   driverlib.lib
       232         18          0          0          0        380   mc_w.l
       518          0          0          0          0        428   mf_w.l

    ----------------------------------------------------------------------
      2400        106       1248          0          0      21589   Library Totals

    ----------------------------------------------------------------------

==============================================================================


      Code (inc. data)   RO Data    RW Data    ZI Data      Debug   

     17544       1990       3284          4      19644     165785   Grand Totals
     17544       1990       3284          4      19644     165785   ELF Image Totals
     17544       1990       3284          4          0          0   ROM Totals

==============================================================================

    Total RO  Size (Code + RO Data)                20828 (  20.34kB)
    Total RW  Size (RW Data + ZI Data)             19648 (  19.19kB)
    Total ROM Size (Code + RO Data + RW Data)      20832 (  20.34kB)

==============================================================================

