Component: Arm Compiler for Embedded 6.24 Tool: armlink [5f371500]

==============================================================================

Section Cross References

    board.o(.text.initClk) refers to fpu.o(i.FPUEnable) for FPUEnable
    board.o(.text.initClk) refers to fpu.o(i.FPULazyStackingEnable) for FPULazyStackingEnable
    board.o(.text.initClk) refers to sysctl.o(i.SysCtlClockSet) for SysCtlClockSet
    board.o(.ARM.exidx.text.initClk) refers to board.o(.text.initClk) for [Anonymous Symbol]
    board.o(.ARM.exidx.text.stopWDT) refers to board.o(.text.stopWDT) for [Anonymous Symbol]
    board.o(.text.registerInterruptHandler) refers to board.o(.bss.pIrqEventHandler) for pIrqEventHandler
    board.o(.ARM.exidx.text.registerInterruptHandler) refers to board.o(.text.registerInterruptHandler) for [Anonymous Symbol]
    board.o(.text.CC3100_disable) refers to gpio.o(i.GPIOPinWrite) for GPIOPinWrite
    board.o(.ARM.exidx.text.CC3100_disable) refers to board.o(.text.CC3100_disable) for [Anonymous Symbol]
    board.o(.text.CC3100_enable) refers to gpio.o(i.GPIOPinWrite) for GPIOPinWrite
    board.o(.ARM.exidx.text.CC3100_enable) refers to board.o(.text.CC3100_enable) for [Anonymous Symbol]
    board.o(.text.CC3100_InterruptEnable) refers to gpio.o(i.GPIOIntEnable) for GPIOIntEnable
    board.o(.ARM.exidx.text.CC3100_InterruptEnable) refers to board.o(.text.CC3100_InterruptEnable) for [Anonymous Symbol]
    board.o(.text.CC3100_InterruptDisable) refers to gpio.o(i.GPIOIntDisable) for GPIOIntDisable
    board.o(.ARM.exidx.text.CC3100_InterruptDisable) refers to board.o(.text.CC3100_InterruptDisable) for [Anonymous Symbol]
    board.o(.text.MaskIntHdlr) refers to board.o(.bss.IntIsMasked) for IntIsMasked
    board.o(.ARM.exidx.text.MaskIntHdlr) refers to board.o(.text.MaskIntHdlr) for [Anonymous Symbol]
    board.o(.text.UnMaskIntHdlr) refers to board.o(.bss.IntIsMasked) for IntIsMasked
    board.o(.ARM.exidx.text.UnMaskIntHdlr) refers to board.o(.text.UnMaskIntHdlr) for [Anonymous Symbol]
    board.o(.text.Delay) refers to sysctl.o(i.SysCtlClockGet) for SysCtlClockGet
    board.o(.text.Delay) refers to sysctl.o(.emb_text) for SysCtlDelay
    board.o(.ARM.exidx.text.Delay) refers to board.o(.text.Delay) for [Anonymous Symbol]
    board.o(.text.GPIOB_intHandler) refers to gpio.o(i.GPIOIntStatus) for GPIOIntStatus
    board.o(.text.GPIOB_intHandler) refers to gpio.o(i.GPIOIntClear) for GPIOIntClear
    board.o(.text.GPIOB_intHandler) refers to board.o(.bss.pIrqEventHandler) for pIrqEventHandler
    board.o(.ARM.exidx.text.GPIOB_intHandler) refers to board.o(.text.GPIOB_intHandler) for [Anonymous Symbol]
    board.o(.text.UART1_intHandler) refers to uart.o(.text.UARTIntStatus) for UARTIntStatus
    board.o(.text.UART1_intHandler) refers to uart.o(.text.UARTIntClear) for UARTIntClear
    board.o(.ARM.exidx.text.UART1_intHandler) refers to board.o(.text.UART1_intHandler) for [Anonymous Symbol]
    led.o(.ARM.exidx.text.LED_Init) refers to led.o(.text.LED_Init) for [Anonymous Symbol]
    led.o(.ARM.exidx.text.Board_Input) refers to led.o(.text.Board_Input) for [Anonymous Symbol]
    led.o(.ARM.exidx.text.LED_RedOn) refers to led.o(.text.LED_RedOn) for [Anonymous Symbol]
    led.o(.ARM.exidx.text.LED_RedOff) refers to led.o(.text.LED_RedOff) for [Anonymous Symbol]
    led.o(.ARM.exidx.text.LED_RedToggle) refers to led.o(.text.LED_RedToggle) for [Anonymous Symbol]
    led.o(.ARM.exidx.text.LED_BlueToggle) refers to led.o(.text.LED_BlueToggle) for [Anonymous Symbol]
    led.o(.ARM.exidx.text.LED_GreenToggle) refers to led.o(.text.LED_GreenToggle) for [Anonymous Symbol]
    led.o(.ARM.exidx.text.LED_GreenOn) refers to led.o(.text.LED_GreenOn) for [Anonymous Symbol]
    led.o(.ARM.exidx.text.LED_GreenOff) refers to led.o(.text.LED_GreenOff) for [Anonymous Symbol]
    device.o(.text.sl_Task) refers to nonos.o(.text._SlNonOsMainLoopTask) for _SlNonOsMainLoopTask
    device.o(.ARM.exidx.text.sl_Task) refers to device.o(.text.sl_Task) for [Anonymous Symbol]
    device.o(.ARM.exidx.text.GetStartResponseConvert) refers to device.o(.text.GetStartResponseConvert) for [Anonymous Symbol]
    device.o(.text.sl_Start) refers to driver.o(.text._SlDrvDriverCBInit) for _SlDrvDriverCBInit
    device.o(.text.sl_Start) refers to spi.o(.text.spi_Open) for spi_Open
    device.o(.text.sl_Start) refers to driver.o(.text._SlDrvWaitForPoolObj) for _SlDrvWaitForPoolObj
    device.o(.text.sl_Start) refers to nonos.o(.text._SlNonOsSemGet) for _SlNonOsSemGet
    device.o(.text.sl_Start) refers to device.o(.text.OUTLINED_FUNCTION_2) for OUTLINED_FUNCTION_2
    device.o(.text.sl_Start) refers to board.o(.text.CC3100_disable) for CC3100_disable
    device.o(.text.sl_Start) refers to board.o(.text.registerInterruptHandler) for registerInterruptHandler
    device.o(.text.sl_Start) refers to board.o(.text.CC3100_enable) for CC3100_enable
    device.o(.text.sl_Start) refers to driver.o(.text._SlDrvReleasePoolObj) for _SlDrvReleasePoolObj
[...]
    __arm_cp.1_0                             0x0000100c   Number         4  gpio.o(.text.PortF_Init)
    __arm_cp.1_1                             0x00001010   Number         4  gpio.o(.text.PortF_Init)
    __arm_cp.1_2                             0x00001014   Number         4  gpio.o(.text.PortF_Init)
    __arm_cp.1_3                             0x00001018   Number         4  gpio.o(.text.PortF_Init)
    [Anonymous Symbol]                       0x0000101c   Section        0  st7735.o(.text.ST7735_DrawCharS)
    __arm_cp.21_1                            0x000010ec   Number         4  st7735.o(.text.ST7735_DrawCharS)
    [Anonymous Symbol]                       0x000010f0   Section        0  st7735.o(.text.ST7735_DrawPixel)
    [Anonymous Symbol]                       0x00001134   Section        0  st7735.o(.text.ST7735_DrawString)
    [Anonymous Symbol]                       0x00001180   Section        0  st7735.o(.text.ST7735_FillRect)
    [Anonymous Symbol]                       0x000011fc   Section        0  st7735.o(.text.ST7735_FillScreen)
    [Anonymous Symbol]                       0x00001220   Section        0  st7735.o(.text.ST7735_InitR)
    __arm_cp.5_0                             0x00001278   Number         4  st7735.o(.text.ST7735_InitR)
    __arm_cp.5_1                             0x0000127c   Number         4  st7735.o(.text.ST7735_InitR)
    __arm_cp.5_2                             0x00001280   Number         4  st7735.o(.text.ST7735_InitR)
    __arm_cp.5_4                             0x00001284   Number         4  st7735.o(.text.ST7735_InitR)
    [Anonymous Symbol]                       0x00001288   Section        0  st7735.o(.text.ST7735_OutChar)
    __arm_cp.36_0                            0x00001308   Number         4  st7735.o(.text.ST7735_OutChar)
    __arm_cp.36_1                            0x0000130c   Number         4  st7735.o(.text.ST7735_OutChar)
    __arm_cp.36_2                            0x00001310   Number         4  st7735.o(.text.ST7735_OutChar)
    [Anonymous Symbol]                       0x0000132c   Section        0  st7735.o(.text.ST7735_OutString)
    [Anonymous Symbol]                       0x00001340   Section        0  st7735.o(.text.ST7735_OutUDec)
    [Anonymous Symbol]                       0x00001384   Section        0  st7735.o(.text.ST7735_SetCursor)
    __arm_cp.3_0                             0x00001394   Number         4  st7735.o(.text.ST7735_SetCursor)
    [Anonymous Symbol]                       0x00001398   Section        0  st7735.o(.text.ST7735_SetTextColor)
    __arm_cp.38_0                            0x000013a0   Number         4  st7735.o(.text.ST7735_SetTextColor)
    [Anonymous Symbol]                       0x000013a4   Section        0  main.o(.text.SimpleLinkHttpServerCallback)
    [Anonymous Symbol]                       0x000013d0   Section        0  main.o(.text.SimpleLinkNetAppEventHandler)
    __arm_cp.5_3                             0x000014ac   Number         4  main.o(.text.SimpleLinkNetAppEventHandler)
    __arm_cp.5_4                             0x000014b0   Number         4  main.o(.text.SimpleLinkNetAppEventHandler)
    __arm_cp.5_5                             0x000014b4   Number         4  main.o(.text.SimpleLinkNetAppEventHandler)
    __arm_cp.5_7                             0x000014b8   Number         4  main.o(.text.SimpleLinkNetAppEventHandler)
    __arm_cp.5_8                             0x000014bc   Number         4  main.o(.text.SimpleLinkNetAppEventHandler)
    [Anonymous Symbol]                       0x000014c0   Section        0  main.o(.text.SimpleLinkWlanEventHandler)
    __arm_cp.4_0                             0x00001530   Number         4  main.o(.text.SimpleLinkWlanEventHandler)
    __arm_cp.4_3                             0x00001580   Number         4  main.o(.text.SimpleLinkWlanEventHandler)
    __arm_cp.4_4                             0x00001584   Number         4  main.o(.text.SimpleLinkWlanEventHandler)
    [Anonymous Symbol]                       0x000015ac   Section        0  systick.o(.text.SysTick_Init)
    [Anonymous Symbol]                       0x000015b4   Section        0  systick.o(.text.SysTick_Wait)
    __arm_cp.0_0                             0x000015d8   Number         4  systick.o(.text.SysTick_Wait)
    UARTPrimeTransmit                        0x000015dd   Thumb Code   100  uartstdio.o(.text.UARTPrimeTransmit)
    [Anonymous Symbol]                       0x000015dc   Section        0  uartstdio.o(.text.UARTPrimeTransmit)
    __arm_cp.4_1                             0x00001640   Number         4  uartstdio.o(.text.UARTPrimeTransmit)
    [Anonymous Symbol]                       0x00001644   Section        0  uartstdio.o(.text.UARTStdioIntHandler)
    __arm_cp.14_0                            0x00001748   Number         4  uartstdio.o(.text.UARTStdioIntHandler)
    __arm_cp.14_1                            0x0000174c   Number         4  uartstdio.o(.text.UARTStdioIntHandler)
    __arm_cp.14_4                            0x00001758   Number         4  uartstdio.o(.text.UARTStdioIntHandler)
    [Anonymous Symbol]                       0x0000175c   Section        0  uart0.o(.text.UART_Init)
    __arm_cp.0_0                             0x000017b4   Number         4  uart0.o(.text.UART_Init)
    __arm_cp.0_1                             0x000017b8   Number         4  uart0.o(.text.UART_Init)
    __arm_cp.0_2                             0x000017bc   Number         4  uart0.o(.text.UART_Init)
    [Anonymous Symbol]                       0x000017c0   Section        0  uart0.o(.text.UART_OutChar)
    __arm_cp.2_0                             0x000017cc   Number         4  uart0.o(.text.UART_OutChar)
    [Anonymous Symbol]                       0x000017d0   Section        0  uart0.o(.text.UART_OutString)
    [Anonymous Symbol]                       0x000017e2   Section        0  uart0.o(.text.UART_OutUDec)
    [Anonymous Symbol]                       0x0000180c   Section        0  uartstdio.o(.text.UARTwrite)
    __arm_cp.3_0                             0x00001870   Number         4  uartstdio.o(.text.UARTwrite)
    __arm_cp.3_1                             0x00001874   Number         4  uartstdio.o(.text.UARTwrite)
    __arm_cp.3_2                             0x00001878   Number         4  uartstdio.o(.text.UARTwrite)
    [Anonymous Symbol]                       0x0000187c   Section        0  driver.o(.text._SlAsyncEventGenericHandler)
    [Anonymous Symbol]                       0x00001a94   Section        0  driver.o(.text._SlDrvBasicCmd)
    [Anonymous Symbol]                       0x00001ab8   Section        0  driver.o(.text._SlDrvClassifyRxMsg)
    __arm_cp.16_1                            0x00001b2c   Number         4  driver.o(.text._SlDrvClassifyRxMsg)
    __arm_cp.16_2                            0x00001b30   Number         4  driver.o(.text._SlDrvClassifyRxMsg)
    __arm_cp.16_3                            0x00001b34   Number         4  driver.o(.text._SlDrvClassifyRxMsg)
    __arm_cp.16_4                            0x00001b38   Number         4  driver.o(.text._SlDrvClassifyRxMsg)
    [Anonymous Symbol]                       0x00001b3c   Section        0  driver.o(.text._SlDrvCmdOp)
    [Anonymous Symbol]                       0x00001b74   Section        0  driver.o(.text._SlDrvCmdSend)
    __arm_cp.9_0                             0x00001b90   Number         4  driver.o(.text._SlDrvCmdSend)
    [Anonymous Symbol]                       0x00001b94   Section        0  driver.o(.text._SlDrvDataReadOp)
    __arm_cp.10_0                            0x00001ca8   Number         4  driver.o(.text._SlDrvDataReadOp)
    [Anonymous Symbol]                       0x00001cac   Section        0  driver.o(.text._SlDrvDataWriteOp)
    [Anonymous Symbol]                       0x00001d98   Section        0  device.o(.text._SlDrvDeviceEventHandler)
    [Anonymous Symbol]                       0x00001db4   Section        0  driver.o(.text._SlDrvDriverCBDeinit)
    [Anonymous Symbol]                       0x00001e18   Section        0  driver.o(.text._SlDrvDriverCBInit)
    __arm_cp.0_1                             0x00001e8c   Number         4  driver.o(.text._SlDrvDriverCBInit)
    [Anonymous Symbol]                       0x00001e90   Section        0  flowcont.o(.text._SlDrvFlowContDeinit)
    [Anonymous Symbol]                       0x00001eb8   Section        0  flowcont.o(.text._SlDrvFlowContInit)
    __arm_cp.0_0                             0x00001ee0   Number         4  flowcont.o(.text._SlDrvFlowContInit)
    [Anonymous Symbol]                       0x00001ee4   Section        0  driver.o(.text._SlDrvMsgRead)
    __arm_cp.14_0                            0x000021ec   Number         4  driver.o(.text._SlDrvMsgRead)
    __arm_cp.14_1                            0x000021f0   Number         4  driver.o(.text._SlDrvMsgRead)
    [Anonymous Symbol]                       0x000021f4   Section        0  driver.o(.text._SlDrvMsgReadCmdCtx)
    __arm_cp.8_0                             0x00002284   Number         4  driver.o(.text._SlDrvMsgReadCmdCtx)
    __arm_cp.8_1                             0x00002288   Number         4  driver.o(.text._SlDrvMsgReadCmdCtx)
    [Anonymous Symbol]                       0x0000228c   Section        0  driver.o(.text._SlDrvMsgReadSpawnCtx)
    __arm_cp.5_0                             0x00002304   Number         4  driver.o(.text._SlDrvMsgReadSpawnCtx)
    [Anonymous Symbol]                       0x00002308   Section        0  driver.o(.text._SlDrvMsgWrite)
    __arm_cp.7_1                             0x000023d8   Number         4  driver.o(.text._SlDrvMsgWrite)
    [Anonymous Symbol]                       0x000023dc   Section        0  netapp.o(.text._SlDrvNetAppEventHandler)
    [Anonymous Symbol]                       0x000024ac   Section        0  driver.o(.text._SlDrvObjInit)
    [Anonymous Symbol]                       0x000024e0   Section        0  driver.o(.text._SlDrvReleasePoolObj)
    __arm_cp.12_0                            0x000025bc   Number         4  driver.o(.text._SlDrvReleasePoolObj)
    [Anonymous Symbol]                       0x000025c0   Section        0  driver.o(.text._SlDrvRxHdrRead)
    __arm_cp.15_0                            0x000026d8   Number         4  driver.o(.text._SlDrvRxHdrRead)
    __arm_cp.15_1                            0x000026dc   Number         4  driver.o(.text._SlDrvRxHdrRead)
    __arm_cp.15_2                            0x000026e0   Number         4  driver.o(.text._SlDrvRxHdrRead)
    __arm_cp.15_3                            0x000026e4   Number         4  driver.o(.text._SlDrvRxHdrRead)
    [Anonymous Symbol]                       0x000026e8   Section        0  driver.o(.text._SlDrvRxIrqHandler)
    __arm_cp.4_1                             0x0000271c   Number         4  driver.o(.text._SlDrvRxIrqHandler)
    [Anonymous Symbol]                       0x00002720   Section        0  driver.o(.text._SlDrvShiftDWord)
    [Anonymous Symbol]                       0x00002738   Section        0  driver.o(.text._SlDrvWaitForPoolObj)
    __arm_cp.11_0                            0x00002814   Number         4  driver.o(.text._SlDrvWaitForPoolObj)
    [Anonymous Symbol]                       0x00002818   Section        0  driver.o(.text._SlFindAndSetActiveObj)
    __arm_cp.17_1                            0x000028a8   Number         4  driver.o(.text._SlFindAndSetActiveObj)
    __arm_cp.17_2                            0x000028ac   Number         4  driver.o(.text._SlFindAndSetActiveObj)
    [Anonymous Symbol]                       0x000028b0   Section        0  nonos.o(.text._SlNonOsMainLoopTask)
    [Anonymous Symbol]                       0x000028e8   Section        0  nonos.o(.text._SlNonOsSemGet)
    [Anonymous Symbol]                       0x00002918   Section        0  nonos.o(.text._SlNonOsSemSet)
    [Anonymous Symbol]                       0x00002920   Section        0  nonos.o(.text._SlNonOsSpawn)
    __arm_cp.3_0                             0x0000293c   Number         4  nonos.o(.text._SlNonOsSpawn)
    [Anonymous Symbol]                       0x00002940   Section        0  driver.o(.text._SlRemoveFromList)
    __arm_cp.21_0                            0x00002980   Number         4  driver.o(.text._SlRemoveFromList)
    [Anonymous Symbol]                       0x00002984   Section        0  socket.o(.text._sl_BuildAddress)
    [Anonymous Symbol]                       0x000029ac   Section        0  socket.o(.text._sl_HandleAsync_Accept)
    [Anonymous Symbol]                       0x000029f4   Section        0  socket.o(.text._sl_HandleAsync_Connect)
    [Anonymous Symbol]                       0x00002a3c   Section        0  netapp.o(.text._sl_HandleAsync_DnsGetHostByName)
    __arm_cp.10_0                            0x00002a94   Number         4  netapp.o(.text._sl_HandleAsync_DnsGetHostByName)
    [Anonymous Symbol]                       0x00002a98   Section        0  netapp.o(.text._sl_HandleAsync_DnsGetHostByService)
    __arm_cp.7_0                             0x00002aec   Number         4  netapp.o(.text._sl_HandleAsync_DnsGetHostByService)
    [Anonymous Symbol]                       0x00002af0   Section        0  device.o(.text._sl_HandleAsync_InitComplete)
    __arm_cp.3_0                             0x00002b30   Number         4  device.o(.text._sl_HandleAsync_InitComplete)
    [Anonymous Symbol]                       0x00002b34   Section        0  netapp.o(.text._sl_HandleAsync_PingResponse)
    __arm_cp.12_0                            0x00002ba0   Number         4  netapp.o(.text._sl_HandleAsync_PingResponse)
    [Anonymous Symbol]                       0x00002ba4   Section        0  socket.o(.text._sl_HandleAsync_Select)
    [Anonymous Symbol]                       0x00002bdc   Section        0  device.o(.text._sl_HandleAsync_Stop)
    __arm_cp.4_0                             0x00002bfc   Number         4  device.o(.text._sl_HandleAsync_Stop)
    [Anonymous Symbol]                       0x00002c00   Section        0  socket.o(.text._sl_TruncatePayloadByProtocol)
    commandList                              0x00002c49   Thumb Code    74  st7735.o(.text.commandList)
    [Anonymous Symbol]                       0x00002c48   Section        0  st7735.o(.text.commandList)
    commonInit                               0x00002c95   Thumb Code   248  st7735.o(.text.commonInit)
    [Anonymous Symbol]                       0x00002c94   Section        0  st7735.o(.text.commonInit)
    __arm_cp.2_1                             0x00002d8c   Number         4  st7735.o(.text.commonInit)
    __arm_cp.2_2                             0x00002d90   Number         4  st7735.o(.text.commonInit)
    __arm_cp.2_3                             0x00002d94   Number         4  st7735.o(.text.commonInit)
    __arm_cp.2_4                             0x00002d98   Number         4  st7735.o(.text.commonInit)
    __arm_cp.2_5                             0x00002d9c   Number         4  st7735.o(.text.commonInit)
    __arm_cp.2_6                             0x00002da0   Number         4  st7735.o(.text.commonInit)
    __arm_cp.2_7                             0x00002da4   Number         4  st7735.o(.text.commonInit)
    __arm_cp.2_8                             0x00002da8   Number         4  st7735.o(.text.commonInit)
    __arm_cp.2_9                             0x00002dac   Number         4  st7735.o(.text.commonInit)
    __arm_cp.2_10                            0x00002db0   Number         4  st7735.o(.text.commonInit)
    __arm_cp.2_11                            0x00002db4   Number         4  st7735.o(.text.commonInit)
    delay_ms                                 0x00002db9   Thumb Code    24  main.o(.text.delay_ms)
    [Anonymous Symbol]                       0x00002db8   Section        0  main.o(.text.delay_ms)
    [Anonymous Symbol]                       0x00002dd0   Section        0  st7735.o(.text.fillmessage)
    __arm_cp.24_0                            0x00002e04   Number         4  st7735.o(.text.fillmessage)
    [Anonymous Symbol]                       0x00002e08   Section        0  board.o(.text.initClk)
    __arm_cp.0_0                             0x00002e1c   Number         4  board.o(.text.initClk)
    [Anonymous Symbol]                       0x00002e20   Section        0  main.o(.text.main)
    __arm_cp.1_2                             0x0000344c   Number         4  main.o(.text.main)
    __arm_cp.1_3                             0x00003450   Number         4  main.o(.text.main)
    __arm_cp.1_4                             0x00003454   Number         4  main.o(.text.main)
    __arm_cp.1_5                             0x00003458   Number         4  main.o(.text.main)
    __arm_cp.1_6                             0x0000345c   Number         4  main.o(.text.main)
    __arm_cp.1_7                             0x00003460   Number         4  main.o(.text.main)
    __arm_cp.1_8                             0x00003464   Number         4  main.o(.text.main)
    __arm_cp.1_9                             0x00003468   Number         4  main.o(.text.main)
    __arm_cp.1_10                            0x0000346c   Number         4  main.o(.text.main)
    __arm_cp.1_11                            0x00003470   Number         4  main.o(.text.main)
    __arm_cp.1_15                            0x000034cc   Number         4  main.o(.text.main)
    __arm_cp.1_16                            0x000034d0   Number         4  main.o(.text.main)
    __arm_cp.1_17                            0x000034d4   Number         4  main.o(.text.main)
    __arm_cp.1_19                            0x000034e0   Number         4  main.o(.text.main)
    __arm_cp.1_20                            0x000034e4   Number         4  main.o(.text.main)
    __arm_cp.1_21                            0x000034e8   Number         4  main.o(.text.main)
    __arm_cp.1_23                            0x000034f0   Number         4  main.o(.text.main)
    __arm_cp.1_24                            0x000034f4   Number         4  main.o(.text.main)
    __arm_cp.1_25                            0x000034f8   Number         4  main.o(.text.main)
    __arm_cp.1_27                            0x00003504   Number         4  main.o(.text.main)
    __arm_cp.1_28                            0x00003508   Number         4  main.o(.text.main)
    __arm_cp.1_29                            0x0000350c   Number         4  main.o(.text.main)
    __arm_cp.1_30                            0x00003510   Number         4  main.o(.text.main)
    __arm_cp.1_31                            0x00003514   Number         4  main.o(.text.main)
    __arm_cp.1_32                            0x00003518   Number         4  main.o(.text.main)
    __arm_cp.1_33                            0x0000351c   Number         4  main.o(.text.main)
    __arm_cp.1_35                            0x00003524   Number         4  main.o(.text.main)
    __arm_cp.1_37                            0x0000352c   Number         4  main.o(.text.main)
    pushColor                                0x00003531   Thumb Code    20  st7735.o(.text.pushColor)
    [Anonymous Symbol]                       0x00003530   Section        0  st7735.o(.text.pushColor)
    [Anonymous Symbol]                       0x00003544   Section        0  board.o(.text.registerInterruptHandler)
    __arm_cp.2_0                             0x0000354c   Number         4  board.o(.text.registerInterruptHandler)
    setAddrWindow                            0x00003551   Thumb Code    96  st7735.o(.text.setAddrWindow)
    [Anonymous Symbol]                       0x00003550   Section        0  st7735.o(.text.setAddrWindow)
    __arm_cp.10_0                            0x000035b0   Number         4  st7735.o(.text.setAddrWindow)
    __arm_cp.10_1                            0x000035b4   Number         4  st7735.o(.text.setAddrWindow)
    __arm_cp.10_2                            0x000035b8   Number         4  st7735.o(.text.setAddrWindow)
    [Anonymous Symbol]                       0x000035bc   Section        0  socket.o(.text.sl_Accept)
    __arm_cp.12_0                            0x000036b8   Number         4  socket.o(.text.sl_Accept)
    __arm_cp.12_2                            0x000036bc   Number         4  socket.o(.text.sl_Accept)
    [Anonymous Symbol]                       0x000036c0   Section        0  socket.o(.text.sl_Bind)
    [Anonymous Symbol]                       0x00003714   Section        0  socket.o(.text.sl_Close)
    __arm_cp.4_0                             0x0000372c   Number         4  socket.o(.text.sl_Close)
    [Anonymous Symbol]                       0x00003730   Section        0  device.o(.text.sl_DevGet)
    __arm_cp.8_0                             0x00003794   Number         4  device.o(.text.sl_DevGet)
    __arm_cp.8_1                             0x00003798   Number         4  device.o(.text.sl_DevGet)
    [Anonymous Symbol]                       0x0000379c   Section        0  socket.o(.text.sl_Htons)
    [Anonymous Symbol]                       0x000037a0   Section        0  socket.o(.text.sl_Listen)
    __arm_cp.11_0                            0x000037bc   Number         4  socket.o(.text.sl_Listen)
    [Anonymous Symbol]                       0x000037c0   Section        0  netapp.o(.text.sl_NetAppMDNSRegisterUnregisterService)
    __arm_cp.3_0                             0x00003838   Number         4  netapp.o(.text.sl_NetAppMDNSRegisterUnregisterService)
    [Anonymous Symbol]                       0x0000383c   Section        0  netapp.o(.text.sl_NetAppMDNSUnRegisterService)
    [Anonymous Symbol]                       0x00003850   Section        0  netapp.o(.text.sl_NetAppSendTokenValue)
    __arm_cp.15_0                            0x00003898   Number         4  netapp.o(.text.sl_NetAppSendTokenValue)
    [Anonymous Symbol]                       0x0000389c   Section        0  netcfg.o(.text.sl_NetCfgSet)
    __arm_cp.0_0                             0x000038d4   Number         4  netcfg.o(.text.sl_NetCfgSet)
    [Anonymous Symbol]                       0x000038d8   Section        0  socket.o(.text.sl_Recv)
    __arm_cp.16_0                            0x00003914   Number         4  socket.o(.text.sl_Recv)
    [Anonymous Symbol]                       0x00003918   Section        0  socket.o(.text.sl_Send)
    __arm_cp.10_0                            0x000039ac   Number         4  socket.o(.text.sl_Send)
    __arm_cp.10_1                            0x000039b0   Number         4  socket.o(.text.sl_Send)
    [Anonymous Symbol]                       0x000039b4   Section        0  socket.o(.text.sl_SetSockOpt)
    __arm_cp.17_0                            0x000039f0   Number         4  socket.o(.text.sl_SetSockOpt)
    [Anonymous Symbol]                       0x000039f4   Section        0  socket.o(.text.sl_Socket)
    __arm_cp.3_0                             0x00003a20   Number         4  socket.o(.text.sl_Socket)
    [Anonymous Symbol]                       0x00003a24   Section        0  device.o(.text.sl_Start)
    __arm_cp.2_2                             0x00003ac0   Number         4  device.o(.text.sl_Start)
    [Anonymous Symbol]                       0x00003ac4   Section        0  device.o(.text.sl_Stop)
    __arm_cp.5_0                             0x00003b74   Number         4  device.o(.text.sl_Stop)
    __arm_cp.5_1                             0x00003b78   Number         4  device.o(.text.sl_Stop)
    __arm_cp.5_2                             0x00003b7c   Number         4  device.o(.text.sl_Stop)
    [Anonymous Symbol]                       0x00003b80   Section        0  wlan.o(.text.sl_WlanConnect)
    __arm_cp.0_0                             0x00003d00   Number         4  wlan.o(.text.sl_WlanConnect)
    [Anonymous Symbol]                       0x00003d04   Section        0  wlan.o(.text.sl_WlanDisconnect)
    [Anonymous Symbol]                       0x00003d0c   Section        0  wlan.o(.text.sl_WlanPolicySet)
    __arm_cp.2_0                             0x00003d40   Number         4  wlan.o(.text.sl_WlanPolicySet)
    [Anonymous Symbol]                       0x00003d44   Section        0  wlan.o(.text.sl_WlanProfileDel)
    __arm_cp.6_0                             0x00003d5c   Number         4  wlan.o(.text.sl_WlanProfileDel)
    [Anonymous Symbol]                       0x00003d60   Section        0  wlan.o(.text.sl_WlanSet)
    __arm_cp.17_0                            0x00003d98   Number         4  wlan.o(.text.sl_WlanSet)
    [Anonymous Symbol]                       0x00003d9c   Section        0  wlan.o(.text.sl_WlanSetMode)
    __arm_cp.16_0                            0x00003db4   Number         4  wlan.o(.text.sl_WlanSetMode)
    socket_set_nonblocking                   0x00003db9   Thumb Code    30  main.o(.text.socket_set_nonblocking)
    [Anonymous Symbol]                       0x00003db8   Section        0  main.o(.text.socket_set_nonblocking)
    [Anonymous Symbol]                       0x00003dd6   Section        0  spi.o(.text.spi_Close)
    [Anonymous Symbol]                       0x00003de0   Section        0  spi.o(.text.spi_Open)
    __arm_cp.1_0                             0x00003ea4   Number         4  spi.o(.text.spi_Open)
    __arm_cp.1_1                             0x00003ea8   Number         4  spi.o(.text.spi_Open)
    __arm_cp.1_2                             0x00003eac   Number         4  spi.o(.text.spi_Open)
    __arm_cp.1_3                             0x00003eb0   Number         4  spi.o(.text.spi_Open)
    __arm_cp.1_4                             0x00003eb4   Number         4  spi.o(.text.spi_Open)
    __arm_cp.1_5                             0x00003eb8   Number         4  spi.o(.text.spi_Open)
    __arm_cp.1_6                             0x00003ebc   Number         4  spi.o(.text.spi_Open)
    [Anonymous Symbol]                       0x00003ec0   Section        0  spi.o(.text.spi_Read)
    [Anonymous Symbol]                       0x00003f0c   Section        0  spi.o(.text.spi_Write)
    __arm_cp.2_0                             0x00003f54   Number         4  spi.o(.text.spi_Write)
    writecommand                             0x00003f59   Thumb Code    24  st7735.o(.text.writecommand)
    [Anonymous Symbol]                       0x00003f58   Section        0  st7735.o(.text.writecommand)
    writedata                                0x00003f71   Thumb Code    20  st7735.o(.text.writedata)
    [Anonymous Symbol]                       0x00003f70   Section        0  st7735.o(.text.writedata)
    __arm_cp.8_0                             0x00003f84   Number         4  st7735.o(.text.writedata)
    __arm_cp.8_1                             0x00003f88   Number         4  st7735.o(.text.writedata)
    i.FPUEnable                              0x00003f8c   Section        0  fpu.o(i.FPUEnable)
    i.FPULazyStackingEnable                  0x00003f9c   Section        0  fpu.o(i.FPULazyStackingEnable)
    i.GPIODirModeSet                         0x00003fac   Section        0  gpio.o(i.GPIODirModeSet)
    i.GPIOIntClear                           0x00003fd4   Section        0  gpio.o(i.GPIOIntClear)
    i.GPIOIntDisable                         0x00003fda   Section        0  gpio.o(i.GPIOIntDisable)
    i.GPIOIntEnable                          0x00003fe8   Section        0  gpio.o(i.GPIOIntEnable)
    i.GPIOIntStatus                          0x00003ff6   Section        0  gpio.o(i.GPIOIntStatus)
    i.GPIOIntTypeSet                         0x00004004   Section        0  gpio.o(i.GPIOIntTypeSet)
    i.GPIOPadConfigSet                       0x00004054   Section        0  gpio.o(i.GPIOPadConfigSet)
    i.GPIOPinConfigure                       0x00004190   Section        0  gpio.o(i.GPIOPinConfigure)
    i.GPIOPinTypeGPIOInput                   0x000041d8   Section        0  gpio.o(i.GPIOPinTypeGPIOInput)
    i.GPIOPinTypeGPIOOutput                  0x000041f4   Section        0  gpio.o(i.GPIOPinTypeGPIOOutput)
    i.GPIOPinTypeSSI                         0x00004210   Section        0  gpio.o(i.GPIOPinTypeSSI)
    i.GPIOPinWrite                           0x0000422c   Section        0  gpio.o(i.GPIOPinWrite)
    i.IntEnable                              0x00004234   Section        0  interrupt.o(i.IntEnable)
    i.IntMasterEnable                        0x00004298   Section        0  interrupt.o(i.IntMasterEnable)
    i.SSIConfigSetExpClk                     0x000042a6   Section        0  ssi.o(i.SSIConfigSetExpClk)
    i.SSIDataGetNonBlocking                  0x000042f0   Section        0  ssi.o(i.SSIDataGetNonBlocking)
    i.SSIDataPutNonBlocking                  0x00004304   Section        0  ssi.o(i.SSIDataPutNonBlocking)
    i.SSIEnable                              0x00004314   Section        0  ssi.o(i.SSIEnable)
    i.SysCtlClockGet                         0x00004320   Section        0  sysctl.o(i.SysCtlClockGet)
    i.SysCtlClockSet                         0x00004484   Section        0  sysctl.o(i.SysCtlClockSet)
    i.SysCtlPeripheralEnable                 0x000045a4   Section        0  sysctl.o(i.SysCtlPeripheralEnable)
    i.__scatterload_copy                     0x000045cc   Section       14  handlers.o(i.__scatterload_copy)
    i.__scatterload_null                     0x000045da   Section        2  handlers.o(i.__scatterload_null)
    i.__scatterload_zeroinit                 0x000045dc   Section       14  handlers.o(i.__scatterload_zeroinit)
    g_ppui32GPIOIntMapBlizzard               0x000045ec   Data         192  gpio.o(.constdata)
    .constdata                               0x000045ec   Section      528  gpio.o(.constdata)
    g_ppui32GPIOIntMapSnowflake              0x000046ac   Data         192  gpio.o(.constdata)
    g_pui32GPIOBaseAddrs                     0x0000476c   Data         144  gpio.o(.constdata)
    g_pui32Priority                          0x000047fc   Data          32  interrupt.o(.constdata)
    .constdata                               0x000047fc   Section      268  interrupt.o(.constdata)
    g_pui32Regs                              0x0000481c   Data         156  interrupt.o(.constdata)
    g_pui32EnRegs                            0x000048b8   Data          20  interrupt.o(.constdata)
    g_pui32Dii16Regs                         0x000048cc   Data          20  interrupt.o(.constdata)
    g_pui32PendRegs                          0x000048e0   Data          20  interrupt.o(.constdata)
    g_pui32UnpendRegs                        0x000048f4   Data          20  interrupt.o(.constdata)
    g_pui32VCOFrequencies                    0x00004908   Data           8  sysctl.o(.constdata)
    .constdata                               0x00004908   Section      452  sysctl.o(.constdata)
    g_pui32Xtals                             0x00004910   Data         108  sysctl.o(.constdata)
    g_pppui32XTALtoVCO                       0x0000497c   Data         288  sysctl.o(.constdata)
    g_sXTALtoMEMTIM                          0x00004a9c   Data          48  sysctl.o(.constdata)
    Font                                     0x00004acc   Data        1275  st7735.o(.rodata.Font)
    [Anonymous Symbol]                       0x00004acc   Section        0  st7735.o(.rodata.Font)
    Rcmd1                                    0x00004fc7   Data          59  st7735.o(.rodata.Rcmd1)
    [Anonymous Symbol]                       0x00004fc7   Section        0  st7735.o(.rodata.Rcmd1)
    Rcmd2green                               0x00005002   Data          13  st7735.o(.rodata.Rcmd2green)
    [Anonymous Symbol]                       0x00005002   Section        0  st7735.o(.rodata.Rcmd2green)
    Rcmd2red                                 0x0000500f   Data          13  st7735.o(.rodata.Rcmd2red)
    [Anonymous Symbol]                       0x0000500f   Section        0  st7735.o(.rodata.Rcmd2red)
    Rcmd3                                    0x0000501c   Data          43  st7735.o(.rodata.Rcmd3)
    [Anonymous Symbol]                       0x0000501c   Section        0  st7735.o(.rodata.Rcmd3)
    g_ui32UARTInt                            0x000050d0   Data          12  uartstdio.o(.rodata.g_ui32UARTInt)
    [Anonymous Symbol]                       0x000050d0   Section        0  uartstdio.o(.rodata.g_ui32UARTInt)
    [Anonymous Symbol]                       0x000050dc   Section        0  main.o(.rodata.str1.1)
    [Anonymous Symbol]                       0x00005293   Section        0  motor.o(.rodata.str1.1)
    g_ui_dirty                               0x20000003   Data           1  main.o(.data.g_ui_dirty)
    [Anonymous Symbol]                       0x20000003   Section        0  main.o(.data.g_ui_dirty)
    ColStart                                 0x20000008   Data           1  st7735.o(.bss..L_MergedGlobals)
    [Anonymous Symbol]                       0x20000008   Section        0  st7735.o(.bss..L_MergedGlobals)
    RowStart                                 0x20000009   Data           1  st7735.o(.bss..L_MergedGlobals)
    TabColor                                 0x2000000a   Data           1  st7735.o(.bss..L_MergedGlobals)
    _width                                   0x2000000c   Data           1  st7735.o(.bss..L_MergedGlobals)
    _height                                  0x2000000e   Data           1  st7735.o(.bss..L_MergedGlobals)
    g_bDisableEcho                           0x2000003c   Data           1  uartstdio.o(.bss..L_MergedGlobals)
    [Anonymous Symbol]                       0x2000003c   Section        0  uartstdio.o(.bss..L_MergedGlobals)
    UARTStdioIntHandler.bLastWasCR           0x2000003d   Data           1  uartstdio.o(.bss..L_MergedGlobals)
    g_ui32Base                               0x20000040   Data           4  uartstdio.o(.bss..L_MergedGlobals)
    g_ui32PortNum                            0x20000044   Data           4  uartstdio.o(.bss..L_MergedGlobals)
    g_ui32UARTTxReadIndex                    0x20000048   Data           4  uartstdio.o(.bss..L_MergedGlobals)
    g_ui32UARTTxWriteIndex                   0x2000004c   Data           4  uartstdio.o(.bss..L_MergedGlobals)
    g_ui32UARTRxReadIndex                    0x20000050   Data           4  uartstdio.o(.bss..L_MergedGlobals)
    g_ui32UARTRxWriteIndex                   0x20000054   Data           4  uartstdio.o(.bss..L_MergedGlobals)
    g_wifi_connecting                        0x20000058   Data           1  main.o(.bss..L_MergedGlobals)
    [Anonymous Symbol]                       0x20000058   Section        0  main.o(.bss..L_MergedGlobals)
    g_wifi_disconnect_flag                   0x20000059   Data           1  main.o(.bss..L_MergedGlobals)
    g_reconnect_attempts                     0x2000005a   Data           1  main.o(.bss..L_MergedGlobals)
    g_ip_b4                                  0x2000005b   Data           1  main.o(.bss..L_MergedGlobals)
    g_ip_b3                                  0x2000005c   Data           1  main.o(.bss..L_MergedGlobals)
    g_ip_b2                                  0x2000005d   Data           1  main.o(.bss..L_MergedGlobals)
    g_ip_b1                                  0x2000005e   Data           1  main.o(.bss..L_MergedGlobals)
    g_gw_b4                                  0x2000005f   Data           1  main.o(.bss..L_MergedGlobals)
    g_gw_b3                                  0x20000060   Data           1  main.o(.bss..L_MergedGlobals)
    g_gw_b2                                  0x20000061   Data           1  main.o(.bss..L_MergedGlobals)
    g_gw_b1                                  0x20000062   Data           1  main.o(.bss..L_MergedGlobals)
    g_reconnect_backoff_ms                   0x20000068   Data           4  main.o(.bss..L_MergedGlobals)
    g_reconnect_timer_ms                     0x2000006c   Data           4  main.o(.bss..L_MergedGlobals)
    g_last_disc_reason                       0x20000070   Data           4  main.o(.bss..L_MergedGlobals)
    g_pcUARTRxBuffer                         0x20000834   Data         128  uartstdio.o(.bss.g_pcUARTRxBuffer)
    [Anonymous Symbol]                       0x20000834   Section        0  uartstdio.o(.bss.g_pcUARTRxBuffer)
    g_pcUARTTxBuffer                         0x200008b4   Data        1024  uartstdio.o(.bss.g_pcUARTTxBuffer)
    [Anonymous Symbol]                       0x200008b4   Section        0  uartstdio.o(.bss.g_pcUARTTxBuffer)
    StackMem                                 0x20000cc0   Data           0  startup_rvmdk.o(STACK)
    STACK                                    0x20000cc0   Section    16384  startup_rvmdk.o(STACK)

    Global Symbols

    Symbol Name                              Value     Ov Type        Size  Object(Section)

    BuildAttributes$$THM_ISAv4$E$P$D$K$B$S$7EM$VFPi3$EXTD16$VFPS$VFMA$PE$A:L22UL41UL21$X:L11$S22US41US21$IEEE1$IW$~IW$USESV6$~STKCKD$USESV7$~SHL$OTIME$ROPI$EBA8$MICROLIB$REQ8$PRES8$EABIv2 0x00000000   Number         0  anon$$obj.o ABSOLUTE
    __Vectors                                0x00000000   Data           0  startup_rvmdk.o(RESET)
    __cpp_initialize__aeabi_                  - Undefined Weak Reference
    __cxa_finalize                            - Undefined Weak Reference
    __decompress                              - Undefined Weak Reference
    _clock_init                               - Undefined Weak Reference
    _microlib_exit                            - Undefined Weak Reference
    Reset_Handler                            0x0000026d   Thumb Code     0  startup_rvmdk.o(RESET)
    __main                                   0x00000289   Thumb Code     0  entry.o(.ARM.Collect$$$$00000000)
    _main_stk                                0x00000289   Thumb Code     0  entry2.o(.ARM.Collect$$$$00000001)
    _main_scatterload                        0x0000028d   Thumb Code     0  entry5.o(.ARM.Collect$$$$00000004)
    __main_after_scatterload                 0x00000291   Thumb Code     0  entry5.o(.ARM.Collect$$$$00000004)
    _main_clock                              0x00000291   Thumb Code     0  entry7b.o(.ARM.Collect$$$$00000008)
    _main_cpp_init                           0x00000291   Thumb Code     0  entry8b.o(.ARM.Collect$$$$0000000A)
    _main_init                               0x00000291   Thumb Code     0  entry9a.o(.ARM.Collect$$$$0000000B)
    __rt_final_cpp                           0x00000299   Thumb Code     0  entry10a.o(.ARM.Collect$$$$0000000D)
    __rt_final_exit                          0x00000299   Thumb Code     0  entry11a.o(.ARM.Collect$$$$0000000F)
    SysCtlDelay                              0x0000029d   Thumb Code     6  sysctl.o(.emb_text)
    CPUcpsid                                 0x000002a5   Thumb Code     8  cpu.o(.emb_text)
    CPUprimask                               0x000002ad   Thumb Code     6  cpu.o(.emb_text)
    CPUcpsie                                 0x000002b3   Thumb Code     8  cpu.o(.emb_text)
    CPUwfi                                   0x000002bb   Thumb Code     4  cpu.o(.emb_text)
    CPUbasepriSet                            0x000002bf   Thumb Code     6  cpu.o(.emb_text)
    CPUbasepriGet                            0x000002c5   Thumb Code     6  cpu.o(.emb_text)
    __aeabi_memcpy                           0x000002cb   Thumb Code    36  memcpya.o(.text)
    __aeabi_memcpy4                          0x000002cb   Thumb Code     0  memcpya.o(.text)
    __aeabi_memcpy8                          0x000002cb   Thumb Code     0  memcpya.o(.text)
    __aeabi_memset                           0x000002ef   Thumb Code    14  memseta.o(.text)
    __aeabi_memset4                          0x000002ef   Thumb Code     0  memseta.o(.text)
    __aeabi_memset8                          0x000002ef   Thumb Code     0  memseta.o(.text)
    __aeabi_memclr                           0x000002fd   Thumb Code     4  memseta.o(.text)
    __aeabi_memclr4                          0x000002fd   Thumb Code     0  memseta.o(.text)
    __aeabi_memclr8                          0x000002fd   Thumb Code     0  memseta.o(.text)
    _memset$wrapper                          0x00000301   Thumb Code    18  memseta.o(.text)
    __aeabi_dmul                             0x00000313   Thumb Code   228  dmul.o(.text)
    __aeabi_d2uiz                            0x000003f7   Thumb Code    50  dfixui.o(.text)
    __aeabi_llsr                             0x00000429   Thumb Code    32  llushr.o(.text)
    _ll_ushift_r                             0x00000429   Thumb Code     0  llushr.o(.text)
    __I$use$fp                               0x00000449   Thumb Code     0  iusefp.o(.text)
    _double_round                            0x00000449   Thumb Code    30  depilogue.o(.text)
    _double_epilogue                         0x00000467   Thumb Code   156  depilogue.o(.text)
    __scatterload                            0x00000505   Thumb Code    38  init.o(.text)
    __scatterload_rt2                        0x00000505   Thumb Code     0  init.o(.text)
    __aeabi_llsl                             0x00000535   Thumb Code    30  llshl.o(.text)
    _ll_shift_l                              0x00000535   Thumb Code     0  llshl.o(.text)
    CC3100_InterruptDisable                  0x00000555   Thumb Code     8  board.o(.text.CC3100_InterruptDisable)
    CC3100_InterruptEnable                   0x0000055d   Thumb Code     8  board.o(.text.CC3100_InterruptEnable)
    CC3100_disable                           0x00000569   Thumb Code    12  board.o(.text.CC3100_disable)
    CC3100_enable                            0x00000575   Thumb Code    12  board.o(.text.CC3100_enable)
    Car_Dir_Init                             0x000005b9   Thumb Code   140  gpio.o(.text.Car_Dir_Init)
    Car_ProcessCommand                       0x00000659   Thumb Code  1016  motor.o(.text.Car_ProcessCommand)
    Crash                                    0x00000a8d   Thumb Code     6  main.o(.text.Crash)
    Delay1ms                                 0x00000a93   Thumb Code    28  st7735.o(.text.Delay1ms)
    GPIOB_intHandler                         0x00000ab1   Thumb Code    44  board.o(.text.GPIOB_intHandler)
    GetStartResponseConvert                  0x00000ae5   Thumb Code    68  device.o(.text.GetStartResponseConvert)
    LED_GreenOff                             0x00000b29   Thumb Code     8  led.o(.text.LED_GreenOff)
    LED_GreenOn                              0x00000b31   Thumb Code     8  led.o(.text.LED_GreenOn)
    LED_Init                                 0x00000b3d   Thumb Code    60  led.o(.text.LED_Init)
    LED_RedToggle                            0x00000b89   Thumb Code    12  led.o(.text.LED_RedToggle)
    MotorControl_Init                        0x00000b99   Thumb Code    92  motor.o(.text.MotorControl_Init)
    PWM_Duty                                 0x00000edd   Thumb Code    12  pwm.o(.text.PWM_Duty)
    PWM_Init                                 0x00000eed   Thumb Code   176  pwm.o(.text.PWM_Init)
    PortF_Init                               0x00000fad   Thumb Code    96  gpio.o(.text.PortF_Init)
    ST7735_DrawCharS                         0x0000101d   Thumb Code   208  st7735.o(.text.ST7735_DrawCharS)
    ST7735_DrawPixel                         0x000010f1   Thumb Code    68  st7735.o(.text.ST7735_DrawPixel)
    ST7735_DrawString                        0x00001135   Thumb Code    76  st7735.o(.text.ST7735_DrawString)
    ST7735_FillRect                          0x00001181   Thumb Code   124  st7735.o(.text.ST7735_FillRect)
    ST7735_FillScreen                        0x000011fd   Thumb Code    36  st7735.o(.text.ST7735_FillScreen)
    ST7735_InitR                             0x00001221   Thumb Code    88  st7735.o(.text.ST7735_InitR)
    ST7735_OutChar                           0x00001289   Thumb Code   128  st7735.o(.text.ST7735_OutChar)
    ST7735_OutString                         0x0000132d   Thumb Code    18  st7735.o(.text.ST7735_OutString)
    ST7735_OutUDec                           0x00001341   Thumb Code    68  st7735.o(.text.ST7735_OutUDec)
    ST7735_SetCursor                         0x00001385   Thumb Code    16  st7735.o(.text.ST7735_SetCursor)
    ST7735_SetTextColor                      0x00001399   Thumb Code     8  st7735.o(.text.ST7735_SetTextColor)
    SimpleLinkHttpServerCallback             0x000013a5   Thumb Code     8  main.o(.text.SimpleLinkHttpServerCallback)
    SimpleLinkNetAppEventHandler             0x000013d1   Thumb Code   184  main.o(.text.SimpleLinkNetAppEventHandler)
    SimpleLinkWlanEventHandler               0x000014c1   Thumb Code   112  main.o(.text.SimpleLinkWlanEventHandler)
    SysTick_Init                             0x000015ad   Thumb Code     8  systick.o(.text.SysTick_Init)
    SysTick_Wait                             0x000015b5   Thumb Code    36  systick.o(.text.SysTick_Wait)
    UARTStdioIntHandler                      0x00001645   Thumb Code   260  uartstdio.o(.text.UARTStdioIntHandler)
    UART_Init                                0x0000175d   Thumb Code    88  uart0.o(.text.UART_Init)
    UART_OutChar                             0x000017c1   Thumb Code    12  uart0.o(.text.UART_OutChar)
    UART_OutString                           0x000017d1   Thumb Code    18  uart0.o(.text.UART_OutString)
    UART_OutUDec                             0x000017e3   Thumb Code    42  uart0.o(.text.UART_OutUDec)
    UARTwrite                                0x0000180d   Thumb Code   100  uartstdio.o(.text.UARTwrite)
    _SlAsyncEventGenericHandler              0x0000187d   Thumb Code   536  driver.o(.text._SlAsyncEventGenericHandler)
    _SlDrvBasicCmd                           0x00001a95   Thumb Code    34  driver.o(.text._SlDrvBasicCmd)
    _SlDrvClassifyRxMsg                      0x00001ab9   Thumb Code   116  driver.o(.text._SlDrvClassifyRxMsg)
    _SlDrvCmdOp                              0x00001b3d   Thumb Code    56  driver.o(.text._SlDrvCmdOp)
    _SlDrvCmdSend                            0x00001b75   Thumb Code    28  driver.o(.text._SlDrvCmdSend)
    _SlDrvDataReadOp                         0x00001b95   Thumb Code   276  driver.o(.text._SlDrvDataReadOp)
    _SlDrvDataWriteOp                        0x00001cad   Thumb Code   236  driver.o(.text._SlDrvDataWriteOp)
    _SlDrvDeviceEventHandler                 0x00001d99   Thumb Code    26  device.o(.text._SlDrvDeviceEventHandler)
    _SlDrvDriverCBDeinit                     0x00001db5   Thumb Code   100  driver.o(.text._SlDrvDriverCBDeinit)
    _SlDrvDriverCBInit                       0x00001e19   Thumb Code   116  driver.o(.text._SlDrvDriverCBInit)
    _SlDrvFlowContDeinit                     0x00001e91   Thumb Code    40  flowcont.o(.text._SlDrvFlowContDeinit)
    _SlDrvFlowContInit                       0x00001eb9   Thumb Code    40  flowcont.o(.text._SlDrvFlowContInit)
    _SlDrvMsgRead                            0x00001ee5   Thumb Code   776  driver.o(.text._SlDrvMsgRead)
    _SlDrvMsgReadCmdCtx                      0x000021f5   Thumb Code   144  driver.o(.text._SlDrvMsgReadCmdCtx)
    _SlDrvMsgReadSpawnCtx                    0x0000228d   Thumb Code   120  driver.o(.text._SlDrvMsgReadSpawnCtx)
    _SlDrvMsgWrite                           0x00002309   Thumb Code   208  driver.o(.text._SlDrvMsgWrite)
    _SlDrvNetAppEventHandler                 0x000023dd   Thumb Code   208  netapp.o(.text._SlDrvNetAppEventHandler)
    _SlDrvObjInit                            0x000024ad   Thumb Code    52  driver.o(.text._SlDrvObjInit)
    _SlDrvReleasePoolObj                     0x000024e1   Thumb Code   220  driver.o(.text._SlDrvReleasePoolObj)
    _SlDrvRxHdrRead                          0x000025c1   Thumb Code   280  driver.o(.text._SlDrvRxHdrRead)
    _SlDrvRxIrqHandler                       0x000026e9   Thumb Code    52  driver.o(.text._SlDrvRxIrqHandler)
    _SlDrvShiftDWord                         0x00002721   Thumb Code    22  driver.o(.text._SlDrvShiftDWord)
    _SlDrvWaitForPoolObj                     0x00002739   Thumb Code   220  driver.o(.text._SlDrvWaitForPoolObj)
    _SlFindAndSetActiveObj                   0x00002819   Thumb Code   144  driver.o(.text._SlFindAndSetActiveObj)
    _SlNonOsMainLoopTask                     0x000028b1   Thumb Code    56  nonos.o(.text._SlNonOsMainLoopTask)
    _SlNonOsSemGet                           0x000028e9   Thumb Code    48  nonos.o(.text._SlNonOsSemGet)
    _SlNonOsSemSet                           0x00002919   Thumb Code     6  nonos.o(.text._SlNonOsSemSet)
    _SlNonOsSpawn                            0x00002921   Thumb Code    28  nonos.o(.text._SlNonOsSpawn)
    _SlRemoveFromList                        0x00002941   Thumb Code    64  driver.o(.text._SlRemoveFromList)
    _sl_BuildAddress                         0x00002985   Thumb Code    38  socket.o(.text._sl_BuildAddress)
    _sl_HandleAsync_Accept                   0x000029ad   Thumb Code    72  socket.o(.text._sl_HandleAsync_Accept)
    _sl_HandleAsync_Connect                  0x000029f5   Thumb Code    72  socket.o(.text._sl_HandleAsync_Connect)
    _sl_HandleAsync_DnsGetHostByName         0x00002a3d   Thumb Code    88  netapp.o(.text._sl_HandleAsync_DnsGetHostByName)
    _sl_HandleAsync_DnsGetHostByService      0x00002a99   Thumb Code    84  netapp.o(.text._sl_HandleAsync_DnsGetHostByService)
    _sl_HandleAsync_InitComplete             0x00002af1   Thumb Code    64  device.o(.text._sl_HandleAsync_InitComplete)
    _sl_HandleAsync_PingResponse             0x00002b35   Thumb Code   108  netapp.o(.text._sl_HandleAsync_PingResponse)
    _sl_HandleAsync_Select                   0x00002ba5   Thumb Code    56  socket.o(.text._sl_HandleAsync_Select)
    _sl_HandleAsync_Stop                     0x00002bdd   Thumb Code    32  device.o(.text._sl_HandleAsync_Stop)
    _sl_TruncatePayloadByProtocol            0x00002c01   Thumb Code    28  socket.o(.text._sl_TruncatePayloadByProtocol)
    fillmessage                              0x00002dd1   Thumb Code    52  st7735.o(.text.fillmessage)
    initClk                                  0x00002e09   Thumb Code    20  board.o(.text.initClk)
    main                                     0x00002e21   Thumb Code  1532  main.o(.text.main)
    registerInterruptHandler                 0x00003545   Thumb Code     8  board.o(.text.registerInterruptHandler)
    sl_Accept                                0x000035bd   Thumb Code   252  socket.o(.text.sl_Accept)
    sl_Bind                                  0x000036c1   Thumb Code    82  socket.o(.text.sl_Bind)
    sl_Close                                 0x00003715   Thumb Code    24  socket.o(.text.sl_Close)
    sl_DevGet                                0x00003731   Thumb Code   100  device.o(.text.sl_DevGet)
    sl_Htons                                 0x0000379d   Thumb Code     4  socket.o(.text.sl_Htons)
    sl_Listen                                0x000037a1   Thumb Code    28  socket.o(.text.sl_Listen)
    sl_NetAppMDNSRegisterUnregisterService   0x000037c1   Thumb Code   120  netapp.o(.text.sl_NetAppMDNSRegisterUnregisterService)
    sl_NetAppMDNSUnRegisterService           0x0000383d   Thumb Code    20  netapp.o(.text.sl_NetAppMDNSUnRegisterService)
    sl_NetAppSendTokenValue                  0x00003851   Thumb Code    72  netapp.o(.text.sl_NetAppSendTokenValue)
    sl_NetCfgSet                             0x0000389d   Thumb Code    56  netcfg.o(.text.sl_NetCfgSet)
    sl_Recv                                  0x000038d9   Thumb Code    60  socket.o(.text.sl_Recv)
    sl_Send                                  0x00003919   Thumb Code   148  socket.o(.text.sl_Send)
    sl_SetSockOpt                            0x000039b5   Thumb Code    60  socket.o(.text.sl_SetSockOpt)
    sl_Socket                                0x000039f5   Thumb Code    44  socket.o(.text.sl_Socket)
    sl_Start                                 0x00003a25   Thumb Code   156  device.o(.text.sl_Start)
    sl_Stop                                  0x00003ac5   Thumb Code   176  device.o(.text.sl_Stop)
    sl_WlanConnect                           0x00003b81   Thumb Code   384  wlan.o(.text.sl_WlanConnect)
    sl_WlanDisconnect                        0x00003d05   Thumb Code     8  wlan.o(.text.sl_WlanDisconnect)
    sl_WlanPolicySet                         0x00003d0d   Thumb Code    52  wlan.o(.text.sl_WlanPolicySet)
    sl_WlanProfileDel                        0x00003d45   Thumb Code    24  wlan.o(.text.sl_WlanProfileDel)
    sl_WlanSet                               0x00003d61   Thumb Code    56  wlan.o(.text.sl_WlanSet)
    sl_WlanSetMode                           0x00003d9d   Thumb Code    24  wlan.o(.text.sl_WlanSetMode)
    spi_Close                                0x00003dd7   Thumb Code    10  spi.o(.text.spi_Close)
    spi_Open                                 0x00003de1   Thumb Code   196  spi.o(.text.spi_Open)
    spi_Read                                 0x00003ec1   Thumb Code    76  spi.o(.text.spi_Read)
    spi_Write                                0x00003f0d   Thumb Code    72  spi.o(.text.spi_Write)
    FPUEnable                                0x00003f8d   Thumb Code    12  fpu.o(i.FPUEnable)
    FPULazyStackingEnable                    0x00003f9d   Thumb Code    12  fpu.o(i.FPULazyStackingEnable)
    GPIODirModeSet                           0x00003fad   Thumb Code    40  gpio.o(i.GPIODirModeSet)
    GPIOIntClear                             0x00003fd5   Thumb Code     6  gpio.o(i.GPIOIntClear)
    GPIOIntDisable                           0x00003fdb   Thumb Code    14  gpio.o(i.GPIOIntDisable)
    GPIOIntEnable                            0x00003fe9   Thumb Code    14  gpio.o(i.GPIOIntEnable)
    GPIOIntStatus                            0x00003ff7   Thumb Code    14  gpio.o(i.GPIOIntStatus)
    GPIOIntTypeSet                           0x00004005   Thumb Code    80  gpio.o(i.GPIOIntTypeSet)
    GPIOPadConfigSet                         0x00004055   Thumb Code   314  gpio.o(i.GPIOPadConfigSet)
    GPIOPinConfigure                         0x00004191   Thumb Code    64  gpio.o(i.GPIOPinConfigure)
    GPIOPinTypeGPIOInput                     0x000041d9   Thumb Code    28  gpio.o(i.GPIOPinTypeGPIOInput)
    GPIOPinTypeGPIOOutput                    0x000041f5   Thumb Code    28  gpio.o(i.GPIOPinTypeGPIOOutput)
    GPIOPinTypeSSI                           0x00004211   Thumb Code    28  gpio.o(i.GPIOPinTypeSSI)
    GPIOPinWrite                             0x0000422d   Thumb Code     6  gpio.o(i.GPIOPinWrite)
    IntEnable                                0x00004235   Thumb Code    92  interrupt.o(i.IntEnable)
    IntMasterEnable                          0x00004299   Thumb Code    14  interrupt.o(i.IntMasterEnable)
    SSIConfigSetExpClk                       0x000042a7   Thumb Code    74  ssi.o(i.SSIConfigSetExpClk)
    SSIDataGetNonBlocking                    0x000042f1   Thumb Code    20  ssi.o(i.SSIDataGetNonBlocking)
    SSIDataPutNonBlocking                    0x00004305   Thumb Code    16  ssi.o(i.SSIDataPutNonBlocking)
    SSIEnable                                0x00004315   Thumb Code    10  ssi.o(i.SSIEnable)
    SysCtlClockGet                           0x00004321   Thumb Code   314  sysctl.o(i.SysCtlClockGet)
    SysCtlClockSet                           0x00004485   Thumb Code   270  sysctl.o(i.SysCtlClockSet)
    SysCtlPeripheralEnable                   0x000045a5   Thumb Code    36  sysctl.o(i.SysCtlPeripheralEnable)
    __scatterload_copy                       0x000045cd   Thumb Code    14  handlers.o(i.__scatterload_copy)
    __scatterload_null                       0x000045db   Thumb Code     2  handlers.o(i.__scatterload_null)
    __scatterload_zeroinit                   0x000045dd   Thumb Code    14  handlers.o(i.__scatterload_zeroinit)
    _SlAcceptCmdCtrl                         0x00005048   Data           4  socket.o(.rodata._SlAcceptCmdCtrl)
    _SlActionLookupTable                     0x0000504c   Data          56  driver.o(.rodata._SlActionLookupTable)
    _SlDeviceGetCmdCtrl                      0x00005084   Data           4  device.o(.rodata._SlDeviceGetCmdCtrl)
    _SlListenCmdCtrl                         0x00005088   Data           4  socket.o(.rodata._SlListenCmdCtrl)
    _SlNetAppSendTokenValueCmdCtrl           0x0000508c   Data           4  netapp.o(.rodata._SlNetAppSendTokenValueCmdCtrl)
    _SlNetCfgSetCmdCtrl                      0x00005090   Data           4  netcfg.o(.rodata._SlNetCfgSetCmdCtrl)
    _SlPolicySetCmdCtrl                      0x00005094   Data           4  wlan.o(.rodata._SlPolicySetCmdCtrl)
    _SlProfileDelCmdCtrl                     0x00005098   Data           4  wlan.o(.rodata._SlProfileDelCmdCtrl)
    _SlRecvCmdCtrl                           0x0000509c   Data           4  socket.o(.rodata._SlRecvCmdCtrl)
    _SlRegisterServiceCtrl                   0x000050a0   Data           4  netapp.o(.rodata._SlRegisterServiceCtrl)
    _SlSendCmdCtrl                           0x000050a4   Data           4  socket.o(.rodata._SlSendCmdCtrl)
    _SlSetSockOptCmdCtrl                     0x000050a8   Data           4  socket.o(.rodata._SlSetSockOptCmdCtrl)
    _SlSockCloseCmdCtrl                      0x000050ac   Data           4  socket.o(.rodata._SlSockCloseCmdCtrl)
    _SlSockSocketCmdCtrl                     0x000050b0   Data           4  socket.o(.rodata._SlSockSocketCmdCtrl)
    _SlStopCmdCtrl                           0x000050b4   Data           4  device.o(.rodata._SlStopCmdCtrl)
    _SlWlanCfgSetCmdCtrl                     0x000050b8   Data           4  wlan.o(.rodata._SlWlanCfgSetCmdCtrl)
    _SlWlanSetModeCmdCtrl                    0x000050bc   Data           4  wlan.o(.rodata._SlWlanSetModeCmdCtrl)
    g_H2NCnysPattern                         0x000050c0   Data           8  driver.o(.rodata.g_H2NCnysPattern)
    g_H2NSyncPattern                         0x000050c8   Data           8  driver.o(.rodata.g_H2NSyncPattern)
    Region$$Table$$Base                      0x000052b0   Number         0  anon$$obj.o(Region$$Table)
    Region$$Table$$Limit                     0x000052d0   Number         0  anon$$obj.o(Region$$Table)
    StTextColor                              0x20000000   Data           2  st7735.o(.data.StTextColor)
    g_mode                                   0x20000002   Data           1  motor.o(.data.g_mode)
    StX                                      0x20000010   Data           4  st7735.o(.bss..L_MergedGlobals)
    StY                                      0x20000014   Data           4  st7735.o(.bss..L_MergedGlobals)
    Messageindex                             0x20000018   Data           4  st7735.o(.bss..L_MergedGlobals)
    Ymax                                     0x2000001c   Data           4  st7735.o(.bss..L_MergedGlobals)
    Ymin                                     0x20000020   Data           4  st7735.o(.bss..L_MergedGlobals)
    Yrange                                   0x20000024   Data           4  st7735.o(.bss..L_MergedGlobals)
    X                                        0x20000028   Data           4  st7735.o(.bss..L_MergedGlobals)
    lastj                                    0x2000002c   Data           4  st7735.o(.bss..L_MergedGlobals)
    Message                                  0x20000030   Data          12  st7735.o(.bss..L_MergedGlobals)
    g_Status                                 0x20000064   Data           4  main.o(.bss..L_MergedGlobals)
    DestinationIP                            0x20000074   Data           4  main.o(.bss..L_MergedGlobals)
    SockID                                   0x20000078   Data           4  main.o(.bss..L_MergedGlobals)
    HostName                                 0x2000007c   Data          40  main.o(.bss..L_MergedGlobals)
    Recvbuff                                 0x200000a4   Data        1024  main.o(.bss.Recvbuff)
    SendBuff                                 0x200004a4   Data         512  main.o(.bss.SendBuff)
    g_StatMem                                0x200006a4   Data         356  driver.o(.bss.g_StatMem)
    g__SlNonOsCB                             0x20000808   Data          40  nonos.o(.bss.g__SlNonOsCB)
    g_pCB                                    0x20000830   Data           4  driver.o(.bss.g_pCB)
    pIrqEventHandler                         0x20000cb4   Data           4  board.o(.bss.pIrqEventHandler)
    pPingCallBackFunc                        0x20000cb8   Data           4  driver.o(.bss.pPingCallBackFunc)
    __initial_sp                             0x20004cc0   Data           0  startup_rvmdk.o(STACK)



==============================================================================

Memory Map of the image

  Image Entry point : 0x0000026d

  Load Region LR_IROM (Base: 0x00000000, Size: 0x000052d8, Max: 0x00040000, ABSOLUTE)

    Execution Region ER_IROM (Exec base: 0x00000000, Load base: 0x00000000, Size: 0x000052d0, Max: 0x00040000, ABSOLUTE)

    Exec Addr    Load Addr    Size         Type   Attr      Idx    E Section Name        Object

    0x00000000   0x00000000   0x00000288   Code   RO          437  * RESET               startup_rvmdk.o
    0x00000288   0x00000288   0x00000000   Code   RO         2026  * .ARM.Collect$$$$00000000  mc_w.l(entry.o)
    0x00000288   0x00000288   0x00000004   Code   RO         2039    .ARM.Collect$$$$00000001  mc_w.l(entry2.o)
    0x0000028c   0x0000028c   0x00000004   Code   RO         2042    .ARM.Collect$$$$00000004  mc_w.l(entry5.o)
    0x00000290   0x00000290   0x00000000   Code   RO         2044    .ARM.Collect$$$$00000008  mc_w.l(entry7b.o)
    0x00000290   0x00000290   0x00000000   Code   RO         2046    .ARM.Collect$$$$0000000A  mc_w.l(entry8b.o)
    0x00000290   0x00000290   0x00000008   Code   RO         2047    .ARM.Collect$$$$0000000B  mc_w.l(entry9a.o)
    0x00000298   0x00000298   0x00000000   Code   RO         2049    .ARM.Collect$$$$0000000D  mc_w.l(entry10a.o)
    0x00000298   0x00000298   0x00000000   Code   RO         2051    .ARM.Collect$$$$0000000F  mc_w.l(entry11a.o)
    0x00000298   0x00000298   0x00000004   Code   RO         2040    .ARM.Collect$$$$00002712  mc_w.l(entry2.o)
    0x0000029c   0x0000029c   0x00000006   Code   RO         1674    .emb_text           driverlib.lib(sysctl.o)
    0x000002a2   0x000002a2   0x00000002   PAD
    0x000002a4   0x000002a4   0x00000026   Code   RO         2016    .emb_text           driverlib.lib(cpu.o)
    0x000002ca   0x000002ca   0x00000024   Code   RO         2029    .text               mc_w.l(memcpya.o)
    0x000002ee   0x000002ee   0x00000024   Code   RO         2031    .text               mc_w.l(memseta.o)
    0x00000312   0x00000312   0x000000e4   Code   RO         2035    .text               mf_w.l(dmul.o)
    0x000003f6   0x000003f6   0x00000032   Code   RO         2037    .text               mf_w.l(dfixui.o)
    0x00000428   0x00000428   0x00000020   Code   RO         2053    .text               mc_w.l(llushr.o)
    0x00000448   0x00000448   0x00000000   Code   RO         2055    .text               mc_w.l(iusefp.o)
    0x00000448   0x00000448   0x000000ba   Code   RO         2056    .text               mf_w.l(depilogue.o)
    0x00000502   0x00000502   0x00000002   PAD
    0x00000504   0x00000504   0x00000030   Code   RO         2058    .text               mc_w.l(init.o)
    0x00000534   0x00000534   0x0000001e   Code   RO         2060    .text               mc_w.l(llshl.o)
    0x00000552   0x00000552   0x00000002   PAD
    0x00000554   0x00000554   0x00000008   Code   RO           14    .text.CC3100_InterruptDisable  board.o
    0x0000055c   0x0000055c   0x0000000c   Code   RO           12    .text.CC3100_InterruptEnable  board.o
    0x00000568   0x00000568   0x0000000c   Code   RO            8    .text.CC3100_disable  board.o
    0x00000574   0x00000574   0x00000010   Code   RO           10    .text.CC3100_enable  board.o
    0x00000584   0x00000584   0x00000004   PAD
    0x00000588   0x00000588   0x00000030   Code   RO          919    .text.Car_Delay     motor.o
    0x000005b8   0x000005b8   0x0000009c   Code   RO          854    .text.Car_Dir_Init  gpio.o
    0x00000654   0x00000654   0x00000004   PAD
    0x00000658   0x00000658   0x00000434   Code   RO          915    .text.Car_ProcessCommand  motor.o
    0x00000a8c   0x00000a8c   0x00000006   Code   RO          865    .text.Crash         main.o
    0x00000a92   0x00000a92   0x0000001c   Code   RO          549    .text.Delay1ms      st7735.o
    0x00000aae   0x00000aae   0x00000002   PAD
    0x00000ab0   0x00000ab0   0x00000034   Code   RO           22    .text.GPIOB_intHandler  board.o
    0x00000ae4   0x00000ae4   0x00000044   Code   RO           63    .text.GetStartResponseConvert  device.o
    0x00000b28   0x00000b28   0x00000008   Code   RO           52    .text.LED_GreenOff  led.o
    0x00000b30   0x00000b30   0x0000000c   Code   RO           50    .text.LED_GreenOn   led.o
    0x00000b3c   0x00000b3c   0x0000004c   Code   RO           36    .text.LED_Init      led.o
    0x00000b88   0x00000b88   0x00000010   Code   RO           44    .text.LED_RedToggle  led.o
    0x00000b98   0x00000b98   0x00000084   Code   RO          913    .text.MotorControl_Init  motor.o
    0x00000c1c   0x00000c1c   0x00000028   Code   RO           83    .text.OUTLINED_FUNCTION_0  device.o
    0x00000c44   0x00000c44   0x0000001c   Code   RO          148    .text.OUTLINED_FUNCTION_0  driver.o
    0x00000c60   0x00000c60   0x00000014   Code   RO          286    .text.OUTLINED_FUNCTION_0  netapp.o
    0x00000c74   0x00000c74   0x0000000e   Code   RO          389    .text.OUTLINED_FUNCTION_0  socket.o
    0x00000c82   0x00000c82   0x00000008   Code   RO          426    .text.OUTLINED_FUNCTION_0  spi.o
    0x00000c8a   0x00000c8a   0x00000006   Code   RO          482    .text.OUTLINED_FUNCTION_0  wlan.o
    0x00000c90   0x00000c90   0x0000000e   Code   RO          706    .text.OUTLINED_FUNCTION_0  uartstdio.o
    0x00000c9e   0x00000c9e   0x0000000a   Code   RO          883    .text.OUTLINED_FUNCTION_0  main.o
    0x00000ca8   0x00000ca8   0x0000001a   Code   RO          955    .text.OUTLINED_FUNCTION_0  motor.o
    0x00000cc2   0x00000cc2   0x0000002e   Code   RO          995    .text.OUTLINED_FUNCTION_0  pwm.o
    0x00000cf0   0x00000cf0   0x00000010   Code   RO           85    .text.OUTLINED_FUNCTION_1  device.o
    0x00000d00   0x00000d00   0x0000000c   Code   RO          150    .text.OUTLINED_FUNCTION_1  driver.o
    0x00000d0c   0x00000d0c   0x0000000e   Code   RO          288    .text.OUTLINED_FUNCTION_1  netapp.o
    0x00000d1a   0x00000d1a   0x00000016   Code   RO          391    .text.OUTLINED_FUNCTION_1  socket.o
    0x00000d30   0x00000d30   0x0000000e   Code   RO          645    .text.OUTLINED_FUNCTION_1  st7735.o
    0x00000d3e   0x00000d3e   0x00000008   Code   RO          885    .text.OUTLINED_FUNCTION_1  main.o
    0x00000d46   0x00000d46   0x00000012   Code   RO          957    .text.OUTLINED_FUNCTION_1  motor.o
    0x00000d58   0x00000d58   0x00000010   Code   RO          168    .text.OUTLINED_FUNCTION_10  driver.o
    0x00000d68   0x00000d68   0x00000016   Code   RO          170    .text.OUTLINED_FUNCTION_11  driver.o
    0x00000d7e   0x00000d7e   0x00000008   Code   RO          172    .text.OUTLINED_FUNCTION_12  driver.o
    0x00000d86   0x00000d86   0x0000000e   Code   RO          174    .text.OUTLINED_FUNCTION_13  driver.o
    0x00000d94   0x00000d94   0x00000008   Code   RO          176    .text.OUTLINED_FUNCTION_14  driver.o
    0x00000d9c   0x00000d9c   0x00000008   Code   RO          178    .text.OUTLINED_FUNCTION_15  driver.o
    0x00000da4   0x00000da4   0x0000000c   Code   RO          180    .text.OUTLINED_FUNCTION_16  driver.o
    0x00000db0   0x00000db0   0x0000000a   Code   RO          182    .text.OUTLINED_FUNCTION_17  driver.o
    0x00000dba   0x00000dba   0x0000000e   Code   RO          184    .text.OUTLINED_FUNCTION_18  driver.o
    0x00000dc8   0x00000dc8   0x0000000e   Code   RO          186    .text.OUTLINED_FUNCTION_19  driver.o
    0x00000dd6   0x00000dd6   0x00000010   Code   RO           87    .text.OUTLINED_FUNCTION_2  device.o
    0x00000de6   0x00000de6   0x0000001c   Code   RO          152    .text.OUTLINED_FUNCTION_2  driver.o
    0x00000e02   0x00000e02   0x0000000a   Code   RO          393    .text.OUTLINED_FUNCTION_2  socket.o
    0x00000e0c   0x00000e0c   0x00000006   Code   RO          887    .text.OUTLINED_FUNCTION_2  main.o
    0x00000e12   0x00000e12   0x0000000c   Code   RO          959    .text.OUTLINED_FUNCTION_2  motor.o
    0x00000e1e   0x00000e1e   0x0000000a   Code   RO           89    .text.OUTLINED_FUNCTION_3  device.o
    0x00000e28   0x00000e28   0x00000008   Code   RO          154    .text.OUTLINED_FUNCTION_3  driver.o
    0x00000e30   0x00000e30   0x00000006   Code   RO          395    .text.OUTLINED_FUNCTION_3  socket.o
    0x00000e36   0x00000e36   0x00000018   Code   RO          961    .text.OUTLINED_FUNCTION_3  motor.o
    0x00000e4e   0x00000e4e   0x00000008   Code   RO          156    .text.OUTLINED_FUNCTION_4  driver.o
    0x00000e56   0x00000e56   0x0000000a   Code   RO          397    .text.OUTLINED_FUNCTION_4  socket.o
    0x00000e60   0x00000e60   0x0000000a   Code   RO          651    .text.OUTLINED_FUNCTION_4  st7735.o
    0x00000e6a   0x00000e6a   0x0000000a   Code   RO          963    .text.OUTLINED_FUNCTION_4  motor.o
    0x00000e74   0x00000e74   0x00000018   Code   RO          158    .text.OUTLINED_FUNCTION_5  driver.o
    0x00000e8c   0x00000e8c   0x0000000a   Code   RO          160    .text.OUTLINED_FUNCTION_6  driver.o
    0x00000e96   0x00000e96   0x0000000a   Code   RO          967    .text.OUTLINED_FUNCTION_6  motor.o
    0x00000ea0   0x00000ea0   0x0000000a   Code   RO          162    .text.OUTLINED_FUNCTION_7  driver.o
    0x00000eaa   0x00000eaa   0x00000008   Code   RO          969    .text.OUTLINED_FUNCTION_7  motor.o
    0x00000eb2   0x00000eb2   0x00000010   Code   RO          164    .text.OUTLINED_FUNCTION_8  driver.o
    0x00000ec2   0x00000ec2   0x00000012   Code   RO          971    .text.OUTLINED_FUNCTION_8  motor.o
    0x00000ed4   0x00000ed4   0x00000006   Code   RO          166    .text.OUTLINED_FUNCTION_9  driver.o
    0x00000eda   0x00000eda   0x00000002   PAD
    0x00000edc   0x00000edc   0x00000010   Code   RO          989    .text.PWM_Duty      pwm.o
    0x00000eec   0x00000eec   0x000000c0   Code   RO          987    .text.PWM_Init      pwm.o
    0x00000fac   0x00000fac   0x00000070   Code   RO          856    .text.PortF_Init    gpio.o
    0x0000101c   0x0000101c   0x000000d4   Code   RO          591    .text.ST7735_DrawCharS  st7735.o
    0x000010f0   0x000010f0   0x00000044   Code   RO          567    .text.ST7735_DrawPixel  st7735.o
    0x00001134   0x00001134   0x0000004c   Code   RO          595    .text.ST7735_DrawString  st7735.o
    0x00001180   0x00001180   0x0000007c   Code   RO          583    .text.ST7735_FillRect  st7735.o
    0x000011fc   0x000011fc   0x00000024   Code   RO          557    .text.ST7735_FillScreen  st7735.o
    0x00001220   0x00001220   0x00000068   Code   RO          559    .text.ST7735_InitR  st7735.o
    0x00001288   0x00001288   0x000000a4   Code   RO          621    .text.ST7735_OutChar  st7735.o
    0x0000132c   0x0000132c   0x00000012   Code   RO          623    .text.ST7735_OutString  st7735.o
    0x0000133e   0x0000133e   0x00000002   PAD
    0x00001340   0x00001340   0x00000044   Code   RO          599    .text.ST7735_OutUDec  st7735.o
    0x00001384   0x00001384   0x00000014   Code   RO          555    .text.ST7735_SetCursor  st7735.o
    0x00001398   0x00001398   0x0000000c   Code   RO          625    .text.ST7735_SetTextColor  st7735.o
    0x000013a4   0x000013a4   0x0000002c   Code   RO          877    .text.SimpleLinkHttpServerCallback  main.o
    0x000013d0   0x000013d0   0x000000f0   Code   RO          875    .text.SimpleLinkNetAppEventHandler  main.o
    0x000014c0   0x000014c0   0x000000ec   Code   RO          873    .text.SimpleLinkWlanEventHandler  main.o
    0x000015ac   0x000015ac   0x00000008   Code   RO         1007    .text.SysTick_Init  systick.o
    0x000015b4   0x000015b4   0x00000028   Code   RO         1005    .text.SysTick_Wait  systick.o
    0x000015dc   0x000015dc   0x00000068   Code   RO          684    .text.UARTPrimeTransmit  uartstdio.o
    0x00001644   0x00001644   0x00000118   Code   RO          704    .text.UARTStdioIntHandler  uartstdio.o
    0x0000175c   0x0000175c   0x00000064   Code   RO          824    .text.UART_Init     uart0.o
    0x000017c0   0x000017c0   0x00000010   Code   RO          828    .text.UART_OutChar  uart0.o
    0x000017d0   0x000017d0   0x00000012   Code   RO          832    .text.UART_OutString  uart0.o
    0x000017e2   0x000017e2   0x0000002a   Code   RO          836    .text.UART_OutUDec  uart0.o
    0x0000180c   0x0000180c   0x00000070   Code   RO          682    .text.UARTwrite     uartstdio.o
    0x0000187c   0x0000187c   0x00000218   Code   RO          140    .text._SlAsyncEventGenericHandler  driver.o
    0x00001a94   0x00001a94   0x00000022   Code   RO          144    .text._SlDrvBasicCmd  driver.o
    0x00001ab6   0x00001ab6   0x00000002   PAD
    0x00001ab8   0x00001ab8   0x00000084   Code   RO          136    .text._SlDrvClassifyRxMsg  driver.o
    0x00001b3c   0x00001b3c   0x00000038   Code   RO          116    .text._SlDrvCmdOp   driver.o
    0x00001b74   0x00001b74   0x00000020   Code   RO          122    .text._SlDrvCmdSend  driver.o
    0x00001b94   0x00001b94   0x00000118   Code   RO          124    .text._SlDrvDataReadOp  driver.o
    0x00001cac   0x00001cac   0x000000ec   Code   RO          130    .text._SlDrvDataWriteOp  driver.o
    0x00001d98   0x00001d98   0x0000001a   Code   RO           81    .text._SlDrvDeviceEventHandler  device.o
    0x00001db2   0x00001db2   0x00000002   PAD
    0x00001db4   0x00001db4   0x00000064   Code   RO          108    .text._SlDrvDriverCBDeinit  driver.o
    0x00001e18   0x00001e18   0x00000078   Code   RO          104    .text._SlDrvDriverCBInit  driver.o
    0x00001e90   0x00001e90   0x00000028   Code   RO          204    .text._SlDrvFlowContDeinit  flowcont.o
    0x00001eb8   0x00001eb8   0x0000002c   Code   RO          202    .text._SlDrvFlowContInit  flowcont.o
    0x00001ee4   0x00001ee4   0x00000310   Code   RO          132    .text._SlDrvMsgRead  driver.o
    0x000021f4   0x000021f4   0x00000098   Code   RO          120    .text._SlDrvMsgReadCmdCtx  driver.o
    0x0000228c   0x0000228c   0x0000007c   Code   RO          114    .text._SlDrvMsgReadSpawnCtx  driver.o
    0x00002308   0x00002308   0x000000d4   Code   RO          118    .text._SlDrvMsgWrite  driver.o
    0x000023dc   0x000023dc   0x000000d0   Code   RO          284    .text._SlDrvNetAppEventHandler  netapp.o
    0x000024ac   0x000024ac   0x00000034   Code   RO          106    .text._SlDrvObjInit  driver.o
    0x000024e0   0x000024e0   0x000000e0   Code   RO          128    .text._SlDrvReleasePoolObj  driver.o
    0x000025c0   0x000025c0   0x00000128   Code   RO          134    .text._SlDrvRxHdrRead  driver.o
    0x000026e8   0x000026e8   0x00000038   Code   RO          112    .text._SlDrvRxIrqHandler  driver.o
    0x00002720   0x00002720   0x00000016   Code   RO          142    .text._SlDrvShiftDWord  driver.o
    0x00002736   0x00002736   0x00000002   PAD
    0x00002738   0x00002738   0x000000e0   Code   RO          126    .text._SlDrvWaitForPoolObj  driver.o
    0x00002818   0x00002818   0x00000098   Code   RO          138    .text._SlFindAndSetActiveObj  driver.o
    0x000028b0   0x000028b0   0x00000038   Code   RO          326    .text._SlNonOsMainLoopTask  nonos.o
    0x000028e8   0x000028e8   0x00000030   Code   RO          324    .text._SlNonOsSemGet  nonos.o
    0x00002918   0x00002918   0x00000006   Code   RO          322    .text._SlNonOsSemSet  nonos.o
    0x0000291e   0x0000291e   0x00000002   PAD
    0x00002920   0x00002920   0x00000020   Code   RO          328    .text._SlNonOsSpawn  nonos.o
    0x00002940   0x00002940   0x00000044   Code   RO          146    .text._SlRemoveFromList  driver.o
    0x00002984   0x00002984   0x00000026   Code   RO          339    .text._sl_BuildAddress  socket.o
    0x000029aa   0x000029aa   0x00000002   PAD
    0x000029ac   0x000029ac   0x00000048   Code   RO          369    .text._sl_HandleAsync_Accept  socket.o
    0x000029f4   0x000029f4   0x00000048   Code   RO          357    .text._sl_HandleAsync_Connect  socket.o
    0x00002a3c   0x00002a3c   0x0000005c   Code   RO          270    .text._sl_HandleAsync_DnsGetHostByName  netapp.o
    0x00002a98   0x00002a98   0x00000058   Code   RO          264    .text._sl_HandleAsync_DnsGetHostByService  netapp.o
    0x00002af0   0x00002af0   0x00000044   Code   RO           67    .text._sl_HandleAsync_InitComplete  device.o
    0x00002b34   0x00002b34   0x00000070   Code   RO          274    .text._sl_HandleAsync_PingResponse  netapp.o
    0x00002ba4   0x00002ba4   0x00000038   Code   RO          387    .text._sl_HandleAsync_Select  socket.o
    0x00002bdc   0x00002bdc   0x00000024   Code   RO           69    .text._sl_HandleAsync_Stop  device.o
    0x00002c00   0x00002c00   0x00000048   Code   RO          341    .text._sl_TruncatePayloadByProtocol  socket.o
    0x00002c48   0x00002c48   0x0000004a   Code   RO          561    .text.commandList   st7735.o
    0x00002c92   0x00002c92   0x00000002   PAD
    0x00002c94   0x00002c94   0x00000124   Code   RO          553    .text.commonInit    st7735.o
    0x00002db8   0x00002db8   0x00000018   Code   RO          871    .text.delay_ms      main.o
    0x00002dd0   0x00002dd0   0x00000038   Code   RO          597    .text.fillmessage   st7735.o
    0x00002e08   0x00002e08   0x00000018   Code   RO            2    .text.initClk       board.o
    0x00002e20   0x00002e20   0x00000710   Code   RO          867    .text.main          main.o
    0x00003530   0x00003530   0x00000014   Code   RO          571    .text.pushColor     st7735.o
    0x00003544   0x00003544   0x0000000c   Code   RO            6    .text.registerInterruptHandler  board.o
    0x00003550   0x00003550   0x0000006c   Code   RO          569    .text.setAddrWindow  st7735.o
    0x000035bc   0x000035bc   0x00000104   Code   RO          363    .text.sl_Accept     socket.o
    0x000036c0   0x000036c0   0x00000052   Code   RO          349    .text.sl_Bind       socket.o
    0x00003712   0x00003712   0x00000002   PAD
    0x00003714   0x00003714   0x0000001c   Code   RO          347    .text.sl_Close      socket.o
    0x00003730   0x00003730   0x0000006c   Code   RO           77    .text.sl_DevGet     device.o
    0x0000379c   0x0000379c   0x00000004   Code   RO          367    .text.sl_Htons      socket.o
    0x000037a0   0x000037a0   0x00000020   Code   RO          361    .text.sl_Listen     socket.o
    0x000037c0   0x000037c0   0x0000007c   Code   RO          256    .text.sl_NetAppMDNSRegisterUnregisterService  netapp.o
    0x0000383c   0x0000383c   0x00000014   Code   RO          260    .text.sl_NetAppMDNSUnRegisterService  netapp.o
    0x00003850   0x00003850   0x0000004c   Code   RO          280    .text.sl_NetAppSendTokenValue  netapp.o
    0x0000389c   0x0000389c   0x0000003c   Code   RO          308    .text.sl_NetCfgSet  netcfg.o
    0x000038d8   0x000038d8   0x00000040   Code   RO          371    .text.sl_Recv       socket.o
    0x00003918   0x00003918   0x0000009c   Code   RO          359    .text.sl_Send       socket.o
    0x000039b4   0x000039b4   0x00000040   Code   RO          373    .text.sl_SetSockOpt  socket.o
    0x000039f4   0x000039f4   0x00000030   Code   RO          345    .text.sl_Socket     socket.o
    0x00003a24   0x00003a24   0x000000a0   Code   RO           65    .text.sl_Start      device.o
    0x00003ac4   0x00003ac4   0x000000bc   Code   RO           71    .text.sl_Stop       device.o
    0x00003b80   0x00003b80   0x00000184   Code   RO          444    .text.sl_WlanConnect  wlan.o
    0x00003d04   0x00003d04   0x00000008   Code   RO          446    .text.sl_WlanDisconnect  wlan.o
    0x00003d0c   0x00003d0c   0x00000038   Code   RO          448    .text.sl_WlanPolicySet  wlan.o
    0x00003d44   0x00003d44   0x0000001c   Code   RO          456    .text.sl_WlanProfileDel  wlan.o
    0x00003d60   0x00003d60   0x0000003c   Code   RO          478    .text.sl_WlanSet    wlan.o
    0x00003d9c   0x00003d9c   0x0000001c   Code   RO          476    .text.sl_WlanSetMode  wlan.o
    0x00003db8   0x00003db8   0x0000001e   Code   RO          869    .text.socket_set_nonblocking  main.o
    0x00003dd6   0x00003dd6   0x0000000a   Code   RO          418    .text.spi_Close     spi.o
    0x00003de0   0x00003de0   0x000000e0   Code   RO          420    .text.spi_Open      spi.o
    0x00003ec0   0x00003ec0   0x0000004c   Code   RO          424    .text.spi_Read      spi.o
    0x00003f0c   0x00003f0c   0x0000004c   Code   RO          422    .text.spi_Write     spi.o
    0x00003f58   0x00003f58   0x00000018   Code   RO          563    .text.writecommand  st7735.o
    0x00003f70   0x00003f70   0x0000001c   Code   RO          565    .text.writedata     st7735.o
    0x00003f8c   0x00003f8c   0x00000010   Code   RO         1017    i.FPUEnable         driverlib.lib(fpu.o)
    0x00003f9c   0x00003f9c   0x00000010   Code   RO         1020    i.FPULazyStackingEnable  driverlib.lib(fpu.o)
    0x00003fac   0x00003fac   0x00000028   Code   RO         1094    i.GPIODirModeSet    driverlib.lib(gpio.o)
    0x00003fd4   0x00003fd4   0x00000006   Code   RO         1095    i.GPIOIntClear      driverlib.lib(gpio.o)
    0x00003fda   0x00003fda   0x0000000e   Code   RO         1096    i.GPIOIntDisable    driverlib.lib(gpio.o)
    0x00003fe8   0x00003fe8   0x0000000e   Code   RO         1097    i.GPIOIntEnable     driverlib.lib(gpio.o)
    0x00003ff6   0x00003ff6   0x0000000e   Code   RO         1099    i.GPIOIntStatus     driverlib.lib(gpio.o)
    0x00004004   0x00004004   0x00000050   Code   RO         1101    i.GPIOIntTypeSet    driverlib.lib(gpio.o)
    0x00004054   0x00004054   0x0000013a   Code   RO         1104    i.GPIOPadConfigSet  driverlib.lib(gpio.o)
    0x0000418e   0x0000418e   0x00000002   PAD
    0x00004190   0x00004190   0x00000048   Code   RO         1105    i.GPIOPinConfigure  driverlib.lib(gpio.o)
    0x000041d8   0x000041d8   0x0000001c   Code   RO         1114    i.GPIOPinTypeGPIOInput  driverlib.lib(gpio.o)
    0x000041f4   0x000041f4   0x0000001c   Code   RO         1115    i.GPIOPinTypeGPIOOutput  driverlib.lib(gpio.o)
    0x00004210   0x00004210   0x0000001c   Code   RO         1128    i.GPIOPinTypeSSI    driverlib.lib(gpio.o)
    0x0000422c   0x0000422c   0x00000006   Code   RO         1136    i.GPIOPinWrite      driverlib.lib(gpio.o)
    0x00004232   0x00004232   0x00000002   PAD
    0x00004234   0x00004234   0x00000064   Code   RO         1410    i.IntEnable         driverlib.lib(interrupt.o)
    0x00004298   0x00004298   0x0000000e   Code   RO         1413    i.IntMasterEnable   driverlib.lib(interrupt.o)
    0x000042a6   0x000042a6   0x0000004a   Code   RO         1530    i.SSIConfigSetExpClk  driverlib.lib(ssi.o)
    0x000042f0   0x000042f0   0x00000014   Code   RO         1534    i.SSIDataGetNonBlocking  driverlib.lib(ssi.o)
    0x00004304   0x00004304   0x00000010   Code   RO         1536    i.SSIDataPutNonBlocking  driverlib.lib(ssi.o)
    0x00004314   0x00004314   0x0000000a   Code   RO         1538    i.SSIEnable         driverlib.lib(ssi.o)
    0x0000431e   0x0000431e   0x00000002   PAD
    0x00004320   0x00004320   0x00000164   Code   RO         1677    i.SysCtlClockGet    driverlib.lib(sysctl.o)
    0x00004484   0x00004484   0x00000120   Code   RO         1679    i.SysCtlClockSet    driverlib.lib(sysctl.o)
    0x000045a4   0x000045a4   0x00000028   Code   RO         1708    i.SysCtlPeripheralEnable  driverlib.lib(sysctl.o)
    0x000045cc   0x000045cc   0x0000000e   Code   RO         2064    i.__scatterload_copy  mc_w.l(handlers.o)
    0x000045da   0x000045da   0x00000002   Code   RO         2065    i.__scatterload_null  mc_w.l(handlers.o)
    0x000045dc   0x000045dc   0x0000000e   Code   RO         2066    i.__scatterload_zeroinit  mc_w.l(handlers.o)
    0x000045ea   0x000045ea   0x00000002   PAD
    0x000045ec   0x000045ec   0x00000210   Data   RO         1137    .constdata          driverlib.lib(gpio.o)
    0x000047fc   0x000047fc   0x0000010c   Data   RO         1426    .constdata          driverlib.lib(interrupt.o)
    0x00004908   0x00004908   0x000001c4   Data   RO         1729    .constdata          driverlib.lib(sysctl.o)
    0x00004acc   0x00004acc   0x000004fb   Data   RO          665    .rodata.Font        st7735.o
    0x00004fc7   0x00004fc7   0x0000003b   Data   RO          661    .rodata.Rcmd1       st7735.o
    0x00005002   0x00005002   0x0000000d   Data   RO          662    .rodata.Rcmd2green  st7735.o
    0x0000500f   0x0000500f   0x0000000d   Data   RO          663    .rodata.Rcmd2red    st7735.o
    0x0000501c   0x0000501c   0x0000002b   Data   RO          664    .rodata.Rcmd3       st7735.o
    0x00005047   0x00005047   0x00000001   PAD
    0x00005048   0x00005048   0x00000004   Data   RO          404    .rodata._SlAcceptCmdCtrl  socket.o
    0x0000504c   0x0000504c   0x00000038   Data   RO          192    .rodata._SlActionLookupTable  driver.o
    0x00005084   0x00005084   0x00000004   Data   RO           94    .rodata._SlDeviceGetCmdCtrl  device.o
    0x00005088   0x00005088   0x00000004   Data   RO          403    .rodata._SlListenCmdCtrl  socket.o
    0x0000508c   0x0000508c   0x00000004   Data   RO          297    .rodata._SlNetAppSendTokenValueCmdCtrl  netapp.o
    0x00005090   0x00005090   0x00000004   Data   RO          312    .rodata._SlNetCfgSetCmdCtrl  netcfg.o
    0x00005094   0x00005094   0x00000004   Data   RO          484    .rodata._SlPolicySetCmdCtrl  wlan.o
    0x00005098   0x00005098   0x00000004   Data   RO          487    .rodata._SlProfileDelCmdCtrl  wlan.o
    0x0000509c   0x0000509c   0x00000004   Data   RO          405    .rodata._SlRecvCmdCtrl  socket.o
    0x000050a0   0x000050a0   0x00000004   Data   RO          293    .rodata._SlRegisterServiceCtrl  netapp.o
    0x000050a4   0x000050a4   0x00000004   Data   RO          402    .rodata._SlSendCmdCtrl  socket.o
    0x000050a8   0x000050a8   0x00000004   Data   RO          406    .rodata._SlSetSockOptCmdCtrl  socket.o
    0x000050ac   0x000050ac   0x00000004   Data   RO          400    .rodata._SlSockCloseCmdCtrl  socket.o
    0x000050b0   0x000050b0   0x00000004   Data   RO          399    .rodata._SlSockSocketCmdCtrl  socket.o
    0x000050b4   0x000050b4   0x00000004   Data   RO           91    .rodata._SlStopCmdCtrl  device.o
    0x000050b8   0x000050b8   0x00000004   Data   RO          494    .rodata._SlWlanCfgSetCmdCtrl  wlan.o
    0x000050bc   0x000050bc   0x00000004   Data   RO          493    .rodata._SlWlanSetModeCmdCtrl  wlan.o
    0x000050c0   0x000050c0   0x00000008   Data   RO          191    .rodata.g_H2NCnysPattern  driver.o
    0x000050c8   0x000050c8   0x00000008   Data   RO          190    .rodata.g_H2NSyncPattern  driver.o
    0x000050d0   0x000050d0   0x0000000c   Data   RO          708    .rodata.g_ui32UARTInt  uartstdio.o
    0x000050dc   0x000050dc   0x000001b7   Data   RO          899    .rodata.str1.1      main.o
    0x00005293   0x00005293   0x0000001a   Data   RO          978    .rodata.str1.1      motor.o
    0x000052ad   0x000052ad   0x00000003   PAD
    0x000052b0   0x000052b0   0x00000020   Data   RO         2063    Region$$Table       anon$$obj.o


    Execution Region RW_IRAM (Exec base: 0x20000000, Load base: 0x000052d0, Size: 0x00004cc0, Max: 0x00008000, ABSOLUTE)

    Exec Addr    Load Addr    Size         Type   Attr      Idx    E Section Name        Object

    0x20000000   0x000052d0   0x00000002   Data   RW          659    .data.StTextColor   st7735.o
    0x20000002   0x000052d2   0x00000001   Data   RW          977    .data.g_mode        motor.o
    0x20000003   0x000052d3   0x00000001   Data   RW          900    .data.g_ui_dirty    main.o
    0x20000004   0x000052d4   0x00000004   PAD
    0x20000008        -       0x00000034   Zero   RW          667    .bss..L_MergedGlobals  st7735.o
    0x2000003c        -       0x0000001c   Zero   RW          711    .bss..L_MergedGlobals  uartstdio.o
    0x20000058        -       0x0000004c   Zero   RW          904    .bss..L_MergedGlobals  main.o
    0x200000a4        -       0x00000400   Zero   RW          901    .bss.Recvbuff       main.o
    0x200004a4        -       0x00000200   Zero   RW          902    .bss.SendBuff       main.o
    0x200006a4        -       0x00000164   Zero   RW          193    .bss.g_StatMem      driver.o
    0x20000808        -       0x00000028   Zero   RW          330    .bss.g__SlNonOsCB   nonos.o
    0x20000830        -       0x00000004   Zero   RW          188    .bss.g_pCB          driver.o
    0x20000834        -       0x00000080   Zero   RW          710    .bss.g_pcUARTRxBuffer  uartstdio.o
    0x200008b4        -       0x00000400   Zero   RW          709    .bss.g_pcUARTTxBuffer  uartstdio.o
    0x20000cb4        -       0x00000004   Zero   RW           26    .bss.pIrqEventHandler  board.o
    0x20000cb8        -       0x00000004   Zero   RW          189    .bss.pPingCallBackFunc  driver.o
    0x20000cbc   0x000052d4   0x00000004   PAD
    0x20000cc0        -       0x00004000   Zero   RW          435    STACK               startup_rvmdk.o


==============================================================================

Image component sizes


      Code (inc. data)   RO Data    RW Data    ZI Data      Debug   Object Name

       136         24          0          0          4       2533   board.o
       736         32          8          0          0       8238   device.o
      4168         98         72          0        364      23778   driver.o
        84          4          0          0          0        923   flowcont.o
       268         32          0          0          0        758   gpio.o
       112         24          0          0          0       1226   led.o
      2412        492        439          1       1612      13435   main.o
      1382        200         26          1          0       5503   motor.o
       754         20          8          0          0      16730   netapp.o
        60          4          4          0          0       2480   netcfg.o
       142          4          0          0         40       2207   nonos.o
       254         20          0          0          0       1206   pwm.o
      1110         80         28          0          0      18488   socket.o
       394         32          0          0          0       1826   spi.o
      1556        132       1403          2         52      17501   st7735.o
       648        622          0          0      16384        276   startup_rvmdk.o
        48          4          0          0          0        703   systick.o
       176         16          0          0          0       3173   uart0.o
       510         36         12          0       1180       8769   uartstdio.o
       574         20         16          0          0      17309   wlan.o

    ----------------------------------------------------------------------
     15552       1904       2052          4      19644     147062   Object Totals
         0          0         32          0          0          0   (incl. Generated)
        28          8          4          0          8          0   (incl. Padding)

    ----------------------------------------------------------------------

      Code (inc. data)   RO Data    RW Data    ZI Data      Debug   Library Member Name

        38          0          0          0          0        504   cpu.o
        32          8          0          0          0       4992   fpu.o
       644          8        528          0          0       6811   gpio.o
       114          8        268          0          0       1774   interrupt.o
       120          0          0          0          0       2749   ssi.o
       690         64        452          0          0       3951   sysctl.o
         0          0          0          0          0          0   entry.o
         0          0          0          0          0          0   entry10a.o
         0          0          0          0          0          0   entry11a.o
         8          4          0          0          0          0   entry2.o
         4          0          0          0          0          0   entry5.o
         0          0          0          0          0          0   entry7b.o
         0          0          0          0          0          0   entry8b.o
         8          4          0          0          0          0   entry9a.o
        30          0          0          0          0          0   handlers.o
        48         10          0          0          0         68   init.o
         0          0          0          0          0          0   iusefp.o
        30          0          0          0          0         68   llshl.o
        32          0          0          0          0         68   llushr.o
        36          0          0          0          0         68   memcpya.o
        36          0          0          0          0        108   memseta.o
       186          0          0          0          0        176   depilogue.o
        50          0          0          0          0         76   dfixui.o
       228          0          0          0          0         96   dmul.o

    ----------------------------------------------------------------------
      2348        106       1248          0          0      21509   Library Totals
        14          0          0          0          0          0   (incl. Padding)

    ----------------------------------------------------------------------

      Code (inc. data)   RO Data    RW Data    ZI Data      Debug   Library Name

      1638         88       1248          0          0      20781   driverlib.lib
       232         18          0          0          0        380   mc_w.l
       464          0          0          0          0        348   mf_w.l

    ----------------------------------------------------------------------
      2348        106       1248          0          0      21509   Library Totals

    ----------------------------------------------------------------------

==============================================================================


      Code (inc. data)   RO Data    RW Data    ZI Data      Debug   

     17900       2010       3300          4      19644     166203   Grand Totals
     17900       2010       3300          4      19644     166203   ELF Image Totals
     17900       2010       3300          4          0          0   ROM Totals

==============================================================================

    Total RO  Size (Code + RO Data)                21200 (  20.70kB)
    Total RW  Size (RW Data + ZI Data)             19648 (  19.19kB)
    Total ROM Size (Code + RO Data + RW Data)      21204 (  20.71kB)

==============================================================================

